******************************************************************************
                  TI ARM Linker PC v15.12.1                    
******************************************************************************
>> Linked Sun Aug 14 22:46:06 2016

OUTPUT FILE NAME:   <ADC_16CH_ETH.out>
ENTRY POINT SYMBOL: "_c_int00"  address: 00012df9


MEMORY CONFIGURATION

         name            origin    length      used     unused   attr    fill
----------------------  --------  ---------  --------  --------  ----  --------
  FLASH                 00000000   00100000  0002e284  000d1d7c  R  X
  SRAM                  20000000   00040000  0001bfc4  0002403c  RW X


SEGMENT ALLOCATION MAP

run origin  load origin   length   init length attrs members
----------  ----------- ---------- ----------- ----- -------
00000000    00000000    0002e28c   0002e28c    r-x
  00000000    00000000    0000003c   0000003c    r-- .resetVecs
  00000040    00000040    0001749a   0001749a    r-x .text
  000174dc    000174dc    000165c2   000165c2    r-- .const
  0002daa0    0002daa0    000007ec   000007ec    r-- .cinit
20000000    20000000    00000360   00000000    rw-
  20000000    20000000    00000360   00000000    rw- .vecs
20000400    20000400    0001bc64   00000000    rw-
  20000400    20000400    0001acec   00000000    rw- .bss
  2001b0ec    2001b0ec    00000c78   00000000    rw- .data
  2001bd64    2001bd64    00000300   00000000    rw- .stack


SECTION ALLOCATION MAP

 output                                  attributes/
section   page    origin      length       input sections
--------  ----  ----------  ----------   ----------------
.text      0    00000040    0001749a     
                  00000040    00000c68     stk.aem4f : tcpin.oem4f (.text:TcpInput)
                  00000ca8    00000984     main16eth.obj (.text:RMSCalc_Task)
                  0000162c    000008b8     stk.aem4f : tcpout.oem4f (.text:TcpOutput)
                  00001ee4    000006cc     dsplib-cm4f.lib : arm_cfft_radix8_f32.obj (.text)
                  000025b0    000006b6                     : arm_cfft_f32.obj (.text)
                  00002c66    00000002     hal_userled_stub.aem4f : llled.oem4f (.text:LED_TOGGLE)
                  00002c68    00000568     main16eth.obj (.text:ADC_Seq1_ISR)
                  000031d0    00000558     main16eth.obj (.text:ADC_Seq0_ISR)
                  00003728    00000430     sysbios.aem4f : BIOS.obj (.text:ti_sysbios_family_arm_m3_Hwi_excDumpRegs__I)
                  00003b58    00000408     stk.aem4f : ipout.oem4f (.text:IPTxPacket)
                  00003f60    00000384               : ipin.oem4f (.text:IPRxPacket)
                  000042e4    0000034c     ti.targets.arm.rtsarm.aem4f : System.oem4f (.text:xdc_runtime_System_doPrint__I)
                  00004630    00000324     rtsv7M4_T_le_v4SPD16_eabi.lib : trgdrv.obj (.text)
                  00004954    00000004     driverlib.lib : adc.obj (.text:ADCIntClearEx)
                  00004958    000002e4     sysbios.aem4f : BIOS.obj (.text:ti_sysbios_knl_Semaphore_pend__E)
                  00004c3c    000002e0     main16eth.obj (.text:FFTCalc_Task)
                  00004f1c    00000004     stk.aem4f : bind.oem4f (.text:BindGetIF)
                  00004f20    000002c0     sysbios.aem4f : BIOS.obj (.text:ti_sysbios_knl_Task_Instance_finalize__E)
                  000051e0    00000284     stk.aem4f : sock.oem4f (.text:SockSet)
                  00005464    00000004               : bind.oem4f (.text:BindGetNext)
                  00005468    00000254     sysbios.aem4f : BIOS.obj (.text:ti_sysbios_heaps_HeapMem_free__E)
                  000056bc    0000024c     stk.aem4f : ipfrag.oem4f (.text:IPReasm)
                  00005908    00000248     sysbios.aem4f : BIOS.obj (.text:ti_sysbios_heaps_HeapMem_alloc__E)
                  00005b50    0000023c     stk.aem4f : icmpin.oem4f (.text:ICMPInput)
                  00005d8c    00000238               : udp.oem4f (.text:UdpInput)
                  00005fc4    00000204     driverlib.lib : sysctl.obj (.text:SysCtlClockFreqSet)
                  000061c8    00000204     Boot.aem4f : Boot_sysctl.oem4f (.text:ti_catalog_arm_cortexm4_tiva_ce_Boot_sysCtlClockFreqSetI__I)
                  000063cc    00000004     os.aem4f : ossys.oem4f (.text:NDK_vsprintf)
                  000063d0    00000200     sysbios.aem4f : BIOS.obj (.text:ti_sysbios_knl_Task_sleep__E)
                  000065d0    000001fc                   : BIOS.obj (.text:ti_sysbios_family_arm_m3_Hwi_excHandlerMax__I)
                  000067cc    000001f4     stk.aem4f : sock.oem4f (.text:SockRecv)
                  000069c0    000001f4     sysbios.aem4f : BIOS.obj (.text:ti_sysbios_knl_Task_Instance_init__E)
                  00006bb4    000001e8     main16eth.obj (.text:tcpHandler)
                  00006d9c    000001b8     drivers_tivaware.aem4f : EMACSnow.oem4f (.text:EMACSnow_NIMUInit)
                  00006f54    000001b0     stk.aem4f : lliout.oem4f (.text:LLITxIpPacket)
                  00007104    000001ac               : lliin.oem4f (.text:LLIRxPacket)
                  000072b0    000001a4     sysbios.aem4f : BIOS.obj (.text:ti_sysbios_family_arm_lm4_Timer_start__E)
                  00007454    0000019c     os.aem4f : mem.oem4f (.text:mmAlloc)
                  000075f0    00000198     main16eth.obj (.text:ADC_init)
                  00007788    00000198     stk.aem4f : igmp.oem4f (.text:IGMPInput)
                  00007920    00000198     sysbios.aem4f : BIOS.obj (.text:ti_sysbios_family_arm_m3_Hwi_dispatchC__I)
                  00007ab8    00000190     stk.aem4f : sock.oem4f (.text:SockNew)
                  00007c48    00000184     sysbios.aem4f : BIOS.obj (.text:ti_sysbios_knl_Task_setPri__E)
                  00007dcc    00000004     stk.aem4f : node.oem4f (.text:NodeSetRt)
                  00007dd0    0000017c     sysbios.aem4f : BIOS.obj (.text:ti_sysbios_family_arm_lm4_TimestampProvider_get64__E)
                  00007f4c    00000178     dsplib-cm4f.lib : arm_rfft_fast_f32.obj (.text)
                  000080c4    00000004     stk.aem4f : rawethsock_prot.oem4f (.text:RawEthSockPrAttach)
                  000080c8    00000178     sysbios.aem4f : BIOS.obj (.text:ti_sysbios_knl_Swi_run__I)
                  00008240    00000174     netctrl_min_ipv4.aem4f : netctrl.oem4f (.text:NC_NetStart)
                  000083b4    00000004     stk.aem4f : rawethsock_prot.oem4f (.text:RawEthSockPrDetach)
                  000083b8    00000174     sysbios.aem4f : BIOS.obj (.text:ti_sysbios_family_arm_m3_Hwi_excBusFault__I)
                  0000852c    00000170     stk.aem4f : rtc.oem4f (.text:RTCReport)
                  0000869c    0000016a               : sb.oem4f (.text:SBRead)
                  00008806    00000002               : nat.oem4f (.text:NatMsg)
                  00008808    00000164     sysbios.aem4f : BIOS.obj (.text:ti_sysbios_family_arm_m3_Hwi_excUsageFault__I)
                  0000896c    00000160     stk.aem4f : sock.oem4f (.text:SockConnect)
                  00008acc    00000004     os.aem4f : semaphore.oem4f (.text:SemPend)
                  00008ad0    00000160     sysbios.aem4f : BIOS.obj (.text:ti_sysbios_utils_Load_logLoads__I)
                  00008c30    00000158     nettool_ipv4.aem4f : dhcpmain.oem4f (.text:DHCPOpen)
                  00008d88    00000150     drivers_tivaware.aem4f : GPIOTiva.oem4f (.text:GPIO_setConfig)
                  00008ed8    00000148     sysbios.aem4f : BIOS.obj (.text:ti_sysbios_family_arm_m3_Hwi_excMemFault__I)
                  00009020    00000144     stk.aem4f : bind.oem4f (.text:BindNew)
                  00009164    00000140               : tcp.oem4f (.text:TcpTimeoutCheck)
                  000092a4    00000004     os.aem4f : semaphore.oem4f (.text:SemPost)
                  000092a8    00000140     sysbios.aem4f : BIOS.obj (.text:ti_sysbios_knl_Semaphore_post__E)
                  000093e8    0000013c     nettool_ipv4.aem4f : config.oem4f (.text:CfgAddEntry)
                  00009524    0000013c     stk.aem4f : sockint.oem4f (.text:SockNotify)
                  00009660    0000013c               : sock.oem4f (.text:SockSend)
                  0000979c    0000013c     dsplib-cm4f.lib : arm_cmplx_mag_f32.obj (.text)
                  000098d8    0000013c     sysbios.aem4f : BIOS.obj (.text:ti_sysbios_heaps_HeapMem_Instance_init__E)
                  00009a14    00000138     RTOS_16eth_pem4f.oem4f (.text:ti_uia_loggers_LoggerStopMode_writeMemoryRange__E)
                  00009b4c    00000134     stk.aem4f : icmp.oem4f (.text:ICMPGenPacket)
                  00009c80    00000134     sysbios.aem4f : BIOS.obj (.text:ti_sysbios_knl_Clock_workFunc__E)
                  00009db4    00000130     driverlib.lib : gpio.obj (.text:GPIOPadConfigSet)
                  00009ee4    0000012c     EK_TM4C1294XL.obj (.text:EK_TM4C1294XL_initEMAC)
                  0000a010    00000124     stk.aem4f : sockpcb.oem4f (.text:SockPcbResolve)
                  0000a134    00000124               : udp.oem4f (.text:UdpOutput)
                  0000a258    00000124     RTOS_16eth_pem4f.oem4f (.text:ti_ndk_config_Global_stackThread)
                  0000a37c    00000004     os.aem4f : semaphore.oem4f (.text:SemReset)
                  0000a380    0000011c     sysbios.aem4f : BIOS.obj (.text:ti_sysbios_knl_Clock_Instance_init__E)
                  0000a49c    00000118     stk.aem4f : tcpout.oem4f (.text:TcpGenPacket)
                  0000a5b4    00000118     ti.targets.arm.rtsarm.aem4f : Error.oem4f (.text:xdc_runtime_Error_policyDefault__E)
                  0000a6cc    00000114     stk.aem4f : nimu.oem4f (.text:NIMUIoctl)
                  0000a7e0    00000114     sysbios.aem4f : BIOS.obj (.text:ti_sysbios_utils_Load_updateThreadContexts__E)
                  0000a8f4    00000110     stk.aem4f : node.oem4f (.text:NodeTreeFree)
                  0000aa04    00000110               : raw.oem4f (.text:RawInput)
                  0000ab14    00000004     os.aem4f : task.oem4f (.text:TaskSelf)
                  0000ab18    00000110     sysbios.aem4f : BIOS.obj (.text:ti_sysbios_knl_Task_schedule__I)
                  0000ac28    0000010c     stk.aem4f : rtable.oem4f (.text:RtFind)
                  0000ad34    0000010c     RTOS_16eth_pem4f.oem4f (.text:ti_uia_loggers_LoggerStopMode_write8__E)
                  0000ae40    0000010a     stk.aem4f : route.oem4f (.text:RtCreate)
                  0000af4a    00000002     os.aem4f : task.oem4f (.text:_TaskInit)
                  0000af4c    00000108     drivers_tivaware.aem4f : EMACSnow.oem4f (.text:EMACSnow_emacStart)
                  0000b054    00000004     os.aem4f : task.oem4f (.text:TaskSetPri)
                  0000b058    00000108     sysbios.aem4f : BIOS.obj (.text:ti_sysbios_knl_Task_exit__E)
                  0000b160    00000104     os.aem4f : task.oem4f (.text:llEnter)
                  0000b264    00000004     driverlib.lib : timer.obj (.text:TimerADCEventSet)
                  0000b268    00000104     sysbios.aem4f : BIOS.obj (.text:ti_sysbios_knl_Swi_Instance_init__E)
                  0000b36c    00000004     hal_ser_stub.aem4f : llserstb.oem4f (.text:_llSerialInit)
                  0000b370    00000104     sysbios.aem4f : BIOS.obj (.text:ti_sysbios_knl_Swi_Module_startup__E)
                  0000b474    00000102     nettool_ipv4.aem4f : dhcppkt.oem4f (.text:dhcpPacketProcess)
                  0000b576    00000102                        : inetaddr.oem4f (.text:inet_aton)
                  0000b678    00000100     stk.aem4f : igmp.oem4f (.text:IGMPSendReply)
                  0000b778    00000100     ADC_pinout.obj (.text:PinoutSetADC)
                  0000b878    00000100     ti.targets.arm.rtsarm.aem4f : Core-mem.oem4f (.text:xdc_runtime_Core_createObject__I)
                  0000b978    000000fc     netctrl_min_ipv4.aem4f : netctrl.oem4f (.text:NetScheduler)
                  0000ba74    000000fc     dsplib-cm4f.lib : arm_rfft_fast_init_f32.obj (.text)
                  0000bb70    000000fc     sysbios.aem4f : BIOS.obj (.text:ti_sysbios_knl_Task_postInit__I)
                  0000bc6c    00000004     stk.aem4f : listlib.oem4f (.text:list_get_head)
                  0000bc70    000000fc     sysbios.aem4f : BIOS.obj (.text:ti_sysbios_knl_Task_startCore__E)
                  0000bd6c    000000f8     stk.aem4f : pipe.oem4f (.text:PipeRecv)
                  0000be64    000000f8     ti.targets.arm.rtsarm.aem4f : Startup.oem4f (.text:xdc_runtime_Startup_startMods__I)
                  0000bf5c    000000f8     RTOS_16eth_pem4f.oem4f (.text:xdc_runtime_System_printfExtend__I)
                  0000c054    000000f4     os.aem4f : task.oem4f (.text:TaskGetEnv)
                  0000c148    000000f4     sysbios.aem4f : m3_Hwi_asm.obj (.text:ti_sysbios_family_arm_m3_Hwi_dispatch__I)
                  0000c23c    000000f4     RTOS_16eth_pem4f.oem4f (.text:ti_uia_loggers_LoggerStopMode_write4__E)
                  0000c330    000000f0     stk.aem4f : lliout.oem4f (.text:LLIGenArpPacket)
                  0000c420    000000f0               : sock.oem4f (.text:SockClose)
                  0000c510    000000e8     os.aem4f : task.oem4f (.text:TaskSetEnv)
                  0000c5f8    000000e8     RTOS_16eth_pem4f.oem4f (.text:ti_uia_loggers_LoggerStopMode_write2__E)
                  0000c6e0    000000e4     main16eth.obj (.text:DMA_init)
                  0000c7c4    000000e4     RTOS_16eth_pem4f.oem4f (.text:ti_uia_loggers_LoggerStopMode_write1__E)
                  0000c8a8    000000e0     stk.aem4f : tcptime.oem4f (.text:TcpTimeoutRexmt)
                  0000c988    000000dc               : sb.oem4f (.text:SBWrite)
                  0000ca64    000000dc     nettool_ipv4.aem4f : dhcpsock.oem4f (.text:dhcpSocketOpen)
                  0000cb40    000000dc                        : dhcpsm.oem4f (.text:dhcpState)
                  0000cc1c    000000dc     RTOS_16eth_pem4f.oem4f (.text:ti_uia_loggers_LoggerStopMode_write0__E)
                  0000ccf8    000000d8     stk.aem4f : node.oem4f (.text:NodeAdd)
                  0000cdd0    000000d8               : tcpprot.oem4f (.text:TcpPrSetOption)
                  0000cea8    000000d8     sysbios.aem4f : BIOS.obj (.text:ti_sysbios_family_arm_lm4_TimestampProvider_get32__E)
                  0000cf80    000000d8                   : BIOS.obj (.text:ti_sysbios_family_arm_m3_Hwi_postInit__I)
                  0000d058    000000d8                   : BIOS.obj (.text:ti_sysbios_knl_Swi_post__E)
                  0000d130    000000d4     drivers_tivaware.aem4f : EMACSnow.oem4f (.text:EMACSnow_handleRx)
                  0000d204    000000d4     stk.aem4f : sockpcb.oem4f (.text:SockPcbBind)
                  0000d2d8    000000d1               : nimu.oem4f (.text:NIMUReceivePacket)
                  0000d3a9    00000001     --HOLE-- [fill = 0]
                  0000d3aa    00000002     os.aem4f : task.oem4f (.text:_TaskShutdown)
                  0000d3ac    000000cc     stk.aem4f : icmp.oem4f (.text:ICMPSendRtAdv)
                  0000d478    000000cc     nettool_ipv4.aem4f : dhcpbild.oem4f (.text:dhcpBuildHeader)
                  0000d544    000000cc                        : dhcpsm.oem4f (.text:dhcpIPAdd)
                  0000d610    000000cc                        : dhcppkt.oem4f (.text:dhcpVerifyMessage)
                  0000d6dc    00000004     stk.aem4f : listlib.oem4f (.text:list_get_next)
                  0000d6e0    000000cc     sysbios.aem4f : BIOS.obj (.text:ti_sysbios_family_arm_m3_Hwi_Instance_init__E)
                  0000d7ac    000000cc     ti.targets.arm.rtsarm.aem4f : Core-smem.oem4f (.text:xdc_runtime_Core_constructObject__I)
                  0000d878    000000c8     stk.aem4f : rawethsock.oem4f (.text:RawEthSockNew)
                  0000d940    000000c8     netctrl_min_ipv4.aem4f : netsrv.oem4f (.text:SPIpNet)
                  0000da08    000000c4     drivers_tivaware.aem4f : EMACSnow.oem4f (.text:EMACSnow_InitDMADescriptors)
                  0000dacc    000000c4     stk.aem4f : igmp.oem4f (.text:IGMPJoinHostGroup)
                  0000db90    000000c4     nettool_ipv4.aem4f : dhcpsm.oem4f (.text:StateBound)
                  0000dc54    000000c0     dsplib-cm4f.lib : arm_bitreversal2.obj (.text)
                  0000dd14    000000c0     main16eth.obj (.text:tcpWorker)
                  0000ddd4    000000bc     stk.aem4f : sockpcb.oem4f (.text:SockPcbFind)
                  0000de90    000000bc               : vlan.oem4f (.text:VLANDeinit)
                  0000df4c    00000004     RTOS_16eth_pem4f.oem4f (.text:ti_ndk_config_Global_NetworkOpen)
                  0000df50    000000bc     sysbios.aem4f : BIOS.obj (.text:ti_sysbios_family_arm_m3_Hwi_excDebugMon__I)
                  0000e00c    00000004     RTOS_16eth_pem4f.oem4f (.text:ti_sysbios_BIOS_RtsGateProxy_enter__E)
                  0000e010    000000bc     sysbios.aem4f : BIOS.obj (.text:ti_sysbios_family_arm_m3_Hwi_excHardFault__I)
                  0000e0cc    000000b8     EK_TM4C1294XL.obj (.text:EK_TM4C1294XL_initGeneral)
                  0000e184    000000b8     stk.aem4f : icmpin.oem4f (.text:ICMPRevSrcRoute)
                  0000e23c    000000b8               : lli.oem4f (.text:_LLITimeoutCheck)
                  0000e2f4    00000004     RTOS_16eth_pem4f.oem4f (.text:ti_sysbios_BIOS_RtsGateProxy_leave__E)
                  0000e2f8    000000b8     sysbios.aem4f : BIOS.obj (.text:ti_sysbios_knl_Task_unblockI__E)
                  0000e3b0    000000b4     stk.aem4f : tcptime.oem4f (.text:TcpTimeoutKeep)
                  0000e464    00000004     sysbios.aem4f : BIOS.obj (.text:ti_sysbios_family_arm_lm4_Timer_masterEnable__I)
                  0000e468    000000b4                   : BIOS.obj (.text:ti_sysbios_gates_GateMutex_enter__E)
                  0000e51c    00000004     RTOS_16eth_pem4f.oem4f (.text:ti_sysbios_family_arm_m3_Hwi_delete)
                  0000e520    000000b4     sysbios.aem4f : BIOS.obj (.text:ti_sysbios_knl_Task_checkStacks__E)
                  0000e5d4    000000b0     stk.aem4f : rawethsock.oem4f (.text:RawEthSockSet)
                  0000e684    00000004     RTOS_16eth_pem4f.oem4f (.text:ti_sysbios_family_arm_m3_TaskSupport_Module__startupDone__S)
                  0000e688    000000b0     sysbios.aem4f : BIOS.obj (.text:ti_sysbios_utils_Load_idleFxn__E)
                  0000e738    000000b0                   : BIOS.obj (.text:ti_sysbios_utils_Load_updateLoads__E)
                  0000e7e8    000000ac     stk.aem4f : rtable.oem4f (.text:RtTimeoutCheck)
                  0000e894    000000ac     RTOS_16eth_pem4f.oem4f (.text:ti_ndk_config_ip_init)
                  0000e940    000000ac     sysbios.aem4f : BIOS.obj (.text:ti_sysbios_family_arm_lm4_Timer_enableTiva__I)
                  0000e9ec    000000a8     stk.aem4f : sockint.oem4f (.text:SockCreatePacket)
                  0000ea94    00000004     RTOS_16eth_pem4f.oem4f (.text:ti_sysbios_heaps_HeapMem_Module_GateProxy_enter__E)
                  0000ea98    000000a8     sysbios.aem4f : BIOS.obj (.text:ti_sysbios_family_arm_lm4_Timer_enableTimers__I)
                  0000eb40    000000a8                   : BIOS.obj (.text:ti_sysbios_knl_Task_blockI__E)
                  0000ebe8    000000a0     stk.aem4f : ip.oem4f (.text:IPGetRoute)
                  0000ec88    000000a0     auto_init.aem4f : auto_init.oem4f (.text)
                  0000ed28    000000a0     sysbios.aem4f : BIOS.obj (.text:ti_sysbios_knl_Swi_Instance_finalize__E)
                  0000edc8    000000a0     ti.targets.arm.rtsarm.aem4f : Text.oem4f (.text:xdc_runtime_Text_putMod__E)
                  0000ee68    0000009e     stk.aem4f : nimu.oem4f (.text:NIMUAddEthernetHeader)
                  0000ef06    0000009e     nettool_ipv4.aem4f : dhcpbild.oem4f (.text:dhcpBuildRequest)
                  0000efa4    0000009c     stk.aem4f : exec.oem4f (.text:ExecOpen)
                  0000f040    0000009c     rtsv7M4_T_le_v4SPD16_eabi.lib : memcpy_t2.obj (.text)
                  0000f0dc    00000004     RTOS_16eth_pem4f.oem4f (.text:ti_sysbios_heaps_HeapMem_Module_GateProxy_leave__E)
                  0000f0e0    0000009c     sysbios.aem4f : BIOS.obj (.text:ti_sysbios_knl_Semaphore_Instance_init__E)
                  0000f17c    0000009a     ti.targets.arm.rtsarm.aem4f : Text.oem4f (.text:xdc_runtime_Text_putSite__E)
                  0000f216    00000002     hal_ser_stub.aem4f : llserstb.oem4f (.text:_llSerialServiceCheck)
                  0000f218    00000098     netctrl_min_ipv4.aem4f : netctrl.oem4f (.text:NC_SystemOpen)
                  0000f2b0    00000098                            : netsrv.oem4f (.text:ServiceScan)
                  0000f348    00000098     Boot.aem4f : Boot.oem4f (.text:ti_catalog_arm_cortexm4_tiva_ce_Boot_sysCtlClockFreqSet__E)
                  0000f3e0    00000094     nettool_ipv4.aem4f : config.oem4f (.text:CfgRemoveEntry)
                  0000f474    00000004     RTOS_16eth_pem4f.oem4f (.text:ti_sysbios_knl_Clock_TimerProxy_getMaxTicks__E)
                  0000f478    00000094     sysbios.aem4f : BIOS.obj (.text:ti_sysbios_family_arm_m3_Hwi_initNVIC__E)
                  0000f50c    00000090     nettool_ipv4.aem4f : config.oem4f (.text:CfgExecute)
                  0000f59c    00000090     stk.aem4f : igmp.oem4f (.text:IGMPMsg)
                  0000f62c    00000090     os.aem4f : mem.oem4f (.text:mmBulkAlloc)
                  0000f6bc    00000004     RTOS_16eth_pem4f.oem4f (.text:ti_sysbios_knl_Clock_TimerProxy_getPeriod__E)
                  0000f6c0    00000090     sysbios.aem4f : BIOS.obj (.text:ti_sysbios_knl_Task_Module_startup__E)
                  0000f750    00000090                   : BIOS.obj (.text:ti_sysbios_utils_Load_startup__E)
                  0000f7e0    00000090     ti.uia.loggers.aem4f : LoggerStopMode.oem4f (.text:ti_uia_loggers_LoggerStopMode_initQueueDescriptor__E)
                  0000f870    0000008c     drivers_tivaware.aem4f : GPIOTiva.oem4f (.text:GPIO_init)
                  0000f8fc    0000008c     stk.aem4f : ip.oem4f (.text:IPMsg)
                  0000f988    0000008c     os.aem4f : mem.oem4f (.text:_mmInit)
                  0000fa14    0000008c              : mem.oem4f (.text:mmInitPage)
                  0000faa0    0000008c     sysbios.aem4f : m3_TaskSupport_asm.obj (.text:ti_sysbios_family_arm_m3_TaskSupport_buildTaskStack)
                  0000fb2c    00000004     RTOS_16eth_pem4f.oem4f (.text:ti_sysbios_knl_Queue_destruct)
                  0000fb30    0000008c     sysbios.aem4f : BIOS.obj (.text:ti_sysbios_utils_Load_updateCurrentThreadTime__E)
                  0000fbbc    0000008a     netctrl_min_ipv4.aem4f : netsrv.oem4f (.text:SPRoute)
                  0000fc46    00000002     hal_ser_stub.aem4f : llserstb.oem4f (.text:_llSerialShutdown)
                  0000fc48    00000088     netctrl_min_ipv4.aem4f : netsrv.oem4f (.text:ServiceSpawn)
                  0000fcd0    00000088     stk.aem4f : sockpcb.oem4f (.text:SockPcbCtlError)
                  0000fd58    00000086     nettool_ipv4.aem4f : dhcpsm.oem4f (.text:StateRequesting)
                  0000fdde    00000002     hal_userled_stub.aem4f : llled.oem4f (.text:_llUserLedInit)
                  0000fde0    00000084     nettool_ipv4.aem4f : config.oem4f (.text:CfgGetEntry)
                  0000fe64    00000084     drivers_tivaware.aem4f : EMACSnow.oem4f (.text:EMACSnow_processPhyInterrupt)
                  0000fee8    00000084     stk.aem4f : tcpprot.oem4f (.text:TcpPrAttach)
                  0000ff6c    00000084     os.aem4f : mem.oem4f (.text:mmBulkFree)
                  0000fff0    00000084              : mem.oem4f (.text:mmFree)
                  00010074    00000084     driverlib.lib : udma.obj (.text:uDMAChannelTransferSet)
                  000100f8    00000082     nettool_ipv4.aem4f : dhcpsm.oem4f (.text:StateRenewRebind)
                  0001017a    00000002     hal_userled_stub.aem4f : llled.oem4f (.text:_llUserLedShutdown)
                  0001017c    00000080     drivers_tivaware.aem4f : EMACSnow.oem4f (.text:EMACSnow_emacStop)
                  000101fc    00000080                            : EMACSnow.oem4f (.text:EMACSnow_processPendingTx)
                  0001027c    00000080     stk.aem4f : lli.oem4f (.text:LLINew)
                  000102fc    00000080     netctrl_min_ipv4.aem4f : netsrv.oem4f (.text:NS_BootTask)
                  0001037c    00000080     stk.aem4f : pbm.oem4f (.text:PBM_alloc)
                  000103fc    00000080               : raw.oem4f (.text:RawOutput)
                  0001047c    00000080     dsplib-cm4f.lib : arm_rms_f32.obj (.text)
                  000104fc    0000007f     RTOS_16eth_pem4f.oem4f (.text:ti_ndk_config_Global_NetworkIPAddr)
                  0001057b    00000001     --HOLE-- [fill = 0]
                  0001057c    0000007e     stk.aem4f : fileuser.oem4f (.text:fdClose)
                  000105fa    00000002     hal_ser_stub.aem4f : llserstb.oem4f (.text:llSerialService)
                  000105fc    0000007c     nettool_ipv4.aem4f : config.oem4f (.text:CfgGetNextEntry)
                  00010678    0000007c     drivers_tivaware.aem4f : EMACSnow.oem4f (.text:EMACSnow_hwiIntFxn)
                  000106f4    0000007c     stk.aem4f : igmp.oem4f (.text:IGMPDoMCast)
                  00010770    0000007c               : igmp.oem4f (.text:IGMPJoin)
                  000107ec    0000007c               : socket.oem4f (.text:NDK_setsockopt)
                  00010868    0000007c               : nimu.oem4f (.text:NIMURegister)
                  000108e4    0000007c               : pbm.oem4f (.text:PBM_free)
                  00010960    0000007a     driverlib.lib : adc.obj (.text:ADCSequenceStepConfigure)
                  000109da    0000007a     stk.aem4f : sock.oem4f (.text:SockAccept)
                  00010a54    0000007a     rtsv7M4_T_le_v4SPD16_eabi.lib : memset_t2.obj (.text)
                  00010ace    00000002                                   : i_div0.obj (.text)
                  00010ad0    00000078     driverlib.lib : emac.obj (.text:EMACInit)
                  00010b48    00000078     stk.aem4f : socket.oem4f (.text:NDK_sendto)
                  00010bc0    00000078               : tcptime.oem4f (.text:TcpXmitTimer)
                  00010c38    00000078               : fileuser.oem4f (.text:fdOpenSession)
                  00010cb0    00000078     os.aem4f : task.oem4f (.text:llExit)
                  00010d28    00000078     sysbios.aem4f : BIOS.obj (.text:ti_sysbios_family_arm_m3_Hwi_Instance_finalize__E)
                  00010da0    00000076     stk.aem4f : pipe.oem4f (.text:PipeSend)
                  00010e16    00000002     RTOS_16eth_pem4f.oem4f (.text:ti_ndk_config_Global_NetworkClose)
                  00010e18    00000075     stk.aem4f : tcptime.oem4f (.text:TcpTimeoutSackRexmt)
                  00010e8d    00000001     --HOLE-- [fill = 0]
                  00010e8e    00000002     RTOS_16eth_pem4f.oem4f (.text:ti_sysbios_BIOS_nullFunc__I)
                  00010e90    00000074     stk.aem4f : igmp.oem4f (.text:IGMPLeaveHostGroup)
                  00010f04    00000074               : nimu.oem4f (.text:NIMUShutdown)
                  00010f78    00000074               : raweth.oem4f (.text:RawEthRxPacket)
                  00010fec    00000074               : sockpcb.oem4f (.text:SockPcbConnect)
                  00011060    00000074     tcpEchoHooks.obj (.text:netOpenHook)
                  000110d4    00000004     RTOS_16eth_pem4f.oem4f (.text:ti_sysbios_knl_Semaphore_delete)
                  000110d8    00000074     sysbios.aem4f : BIOS.obj (.text:ti_sysbios_family_arm_m3_Hwi_Module_startup__E)
                  0001114c    00000004     RTOS_16eth_pem4f.oem4f (.text:ti_sysbios_knl_Semaphore_destruct)
                  00011150    00000074     sysbios.aem4f : BIOS.obj (.text:ti_sysbios_knl_Clock_start__E)
                  000111c4    00000074     ti.uia.runtime.aem4f : QueueDescriptor.oem4f (.text:ti_uia_runtime_QueueDescriptor_addToList__E)
                  00011238    00000072     os.aem4f : semaphore.oem4f (.text:SemCreateBinary)
                  000112aa    00000070     stk.aem4f : socket.oem4f (.text:NDK_accept)
                  0001131a    00000070               : socket.oem4f (.text:NDK_send)
                  0001138a    00000002     RTOS_16eth_pem4f.oem4f (.text:ti_uia_loggers_LoggerStopMode_setFilterLevel__E)
                  0001138c    00000070     stk.aem4f : rtable.oem4f (.text:RtFlush)
                  000113fc    00000070     netctrl_min_ipv4.aem4f : netsrv.oem4f (.text:SPConfig)
                  0001146c    00000070     stk.aem4f : sock.oem4f (.text:SockShutdown)
                  000114dc    00000070     nettool_ipv4.aem4f : dhcptags.oem4f (.text:dhcpDecodeType)
                  0001154c    0000006e     stk.aem4f : socket.oem4f (.text:NDK_recv)
                  000115ba    00000002     ti.uia.loggers.aem4f : LoggerStopMode.oem4f (.text:ti_uia_loggers_LoggerStopMode_setPriority__E)
                  000115bc    0000006e     stk.aem4f : rtable.oem4f (.text:RtWalkNext)
                  0001162a    0000006e               : sockpcb.oem4f (.text:SockPcbFindRaw)
                  00011698    0000006d               : node.oem4f (.text:NodeNew)
                  00011705    00000001     --HOLE-- [fill = 0]
                  00011706    00000002     RTOS_16eth_pem4f.oem4f (.text:xdc_runtime_Startup_reset__I)
                  00011708    0000006d     ti.targets.arm.rtsarm.aem4f : System.oem4f (.text:xdc_runtime_System_formatNum__I)
                  00011775    00000003     --HOLE-- [fill = 0]
                  00011778    0000006c     os.aem4f : ossys.oem4f (.text:DbgPrintf)
                  000117e4    0000006c     stk.aem4f : node.oem4f (.text:NodeTreeNew)
                  00011850    0000006c               : raweth.oem4f (.text:RawEthTxPacket)
                  000118bc    0000006c               : udp.oem4f (.text:UdpChecksum)
                  00011928    0000006c     dsplib-cm4f.lib : arm_scale_f32.obj (.text)
                  00011994    00000004     RTOS_16eth_pem4f.oem4f (.text:ti_sysbios_knl_Swi_delete)
                  00011998    0000006c     sysbios.aem4f : BIOS.obj (.text:ti_sysbios_knl_Swi_restoreHwi__E)
                  00011a04    00000004     RTOS_16eth_pem4f.oem4f (.text:ti_sysbios_knl_Task_delete)
                  00011a08    0000006c     sysbios.aem4f : BIOS.obj (.text:ti_sysbios_utils_Load_taskCreateHook__E)
                  00011a74    0000006c     ti.targets.arm.rtsarm.aem4f : Error.oem4f (.text:xdc_runtime_Error_print__E)
                  00011ae0    0000006c                                 : Memory.oem4f (.text:xdc_runtime_Memory_alloc__E)
                  00011b4c    0000006a     stk.aem4f : tcpprot.oem4f (.text:TcpPrInherit)
                  00011bb6    0000006a     rtsv7M4_T_le_v4SPD16_eabi.lib : copy_decompress_rle.obj (.text)
                  00011c20    00000068     driverlib.lib : interrupt.obj (.text:IntEnable)
                  00011c88    00000068     stk.aem4f : socket.oem4f (.text:NDK_socket)
                  00011cf0    00000068               : pbm.oem4f (.text:PBM_open)
                  00011d58    00000068               : sock.oem4f (.text:SockListen)
                  00011dc0    00000068     main16eth.obj (.text:TIMER_init)
                  00011e28    00000068     stk.aem4f : rtable.oem4f (.text:_RtNodeInsert)
                  00011e90    00000068     rtsv7M4_T_le_v4SPD16_eabi.lib : trgmsg.obj (.text)
                  00011ef8    00000068     sysbios.aem4f : BIOS.obj (.text:ti_sysbios_utils_Load_addTask__E)
                  00011f60    00000066     ti.uia.loggers.aem4f : LoggerStopMode.oem4f (.text:ti_uia_loggers_LoggerStopMode_flush__E)
                  00011fc6    00000066     ti.targets.arm.rtsarm.aem4f : Core-mem.oem4f (.text:xdc_runtime_Core_deleteObject__I)
                  0001202c    00000064     nettool_ipv4.aem4f : config.oem4f (.text:CfgFree)
                  00012090    00000064     drivers_tivaware.aem4f : GPIOTiva.oem4f (.text:GPIO_hwiIntFxn)
                  000120f4    00000064     stk.aem4f : pbm.oem4f (.text:PBMQ_enq)
                  00012158    00000064               : sockint.oem4f (.text:SockSpawnAbort)
                  000121bc    00000064     hal_timer_bios.aem4f : lltimer.oem4f (.text:llTimerTick)
                  00012220    00000064     sysbios.aem4f : BIOS.obj (.text:ti_sysbios_family_arm_lm4_Timer_Module_startup__E)
                  00012284    00000064     RTOS_16eth_pem4f.oem4f (.text:ti_sysbios_family_arm_m3_Hwi_create)
                  000122e8    00000064     stk.aem4f : lliin.oem4f (.text:updateRtTable)
                  0001234c    00000062               : ipin.oem4f (.text:IPRouteIP)
                  000123ae    00000002     --HOLE-- [fill = 0]
                  000123b0    00000062               : sb.oem4f (.text:SBNew)
                  00012412    00000002     --HOLE-- [fill = 0]
                  00012414    00000060     nettool_ipv4.aem4f : config.oem4f (.text:CfgGetEntryCnt)
                  00012474    00000060     stk.aem4f : file.oem4f (.text:FdWaitEvent)
                  000124d4    00000060               : nimu.oem4f (.text:NIMUUnregister)
                  00012534    00000060               : node.oem4f (.text:NodeFind)
                  00012594    00000060               : rtc.oem4f (.text:RTCMsg)
                  000125f4    00000060               : tcp.oem4f (.text:TcpChecksum)
                  00012654    00000060     driverlib.lib : timer.obj (.text:TimerConfigure)
                  000126b4    00000060     nettool_ipv4.aem4f : dhcptags.oem4f (.text:dhcpBuildOptions)
                  00012714    00000004     ti.uia.loggers.aem4f : LoggerStopMode.oem4f (.text:ti_uia_loggers_LoggerStopMode_getContents__E)
                  00012718    00000060     sysbios.aem4f : BIOS.obj (.text:ti_sysbios_family_arm_lm4_Timer_isrStub__E)
                  00012778    00000060                   : BIOS.obj (.text:ti_sysbios_knl_Clock_logTick__E)
                  000127d8    00000060                   : BIOS.obj (.text:ti_sysbios_utils_Load_logCPULoad__I)
                  00012838    0000005e     stk.aem4f : route.oem4f (.text:RtRemove)
                  00012896    0000005e     nettool_ipv4.aem4f : dhcpsm.oem4f (.text:StateSelecting)
                  000128f4    0000005e     stk.aem4f : vlan.oem4f (.text:VLANReceivePacket)
                  00012952    00000002     --HOLE-- [fill = 0]
                  00012954    0000005c     nettool_ipv4.aem4f : config.oem4f (.text:CfgSetExecuteOrder)
                  000129b0    0000005c     stk.aem4f : nimu.oem4f (.text:NIMUIoctlSpecialCmd)
                  00012a0c    0000005c     netctrl_min_ipv4.aem4f : netsrv.oem4f (.text:SPService)
                  00012a68    0000005c     RTOS_16eth_pem4f.oem4f (.text:ti_sysbios_knl_Swi_create)
                  00012ac4    00000004     RTOS_16eth_pem4f.oem4f (.text:ti_uia_loggers_LoggerStopMode_getFilterLevel__E)
                  00012ac8    0000005c     sysbios.aem4f : BIOS.obj (.text:ti_sysbios_knl_Swi_schedule__I)
                  00012b24    0000005c     RTOS_16eth_pem4f.oem4f (.text:ti_sysbios_knl_Task_create)
                  00012b80    0000005b     ti.targets.arm.rtsarm.aem4f : Text.oem4f (.text:xdc_runtime_Text_putLab__E)
                  00012bdb    00000001     --HOLE-- [fill = 0]
                  00012bdc    0000005a     stk.aem4f : route.oem4f (.text:RtRedirect)
                  00012c36    0000005a               : tcpprot.oem4f (.text:TcpValidateMetrics)
                  00012c90    0000005a     nettool_ipv4.aem4f : dhcpbild.oem4f (.text:dhcpBuildDecline)
                  00012cea    0000005a     os.aem4f : mem.oem4f (.text:mmCopy)
                  00012d44    0000005a     RTOS_16eth_pem4f.oem4f (.text:ti_ndk_config_tcp_init)
                  00012d9e    00000002     --HOLE-- [fill = 0]
                  00012da0    00000058     stk.aem4f : bind.oem4f (.text:BindFree)
                  00012df8    00000058     boot.aem4f : boot.oem4f (.text)
                  00012e50    00000058     driverlib.lib : emac.obj (.text:EMACPHYConfigSet)
                  00012ea8    00000058     stk.aem4f : igmp.oem4f (.text:IGMPTimer)
                  00012f00    00000058     os.aem4f : semaphore.oem4f (.text:SemCreate)
                  00012f58    00000058     driverlib.lib : timer.obj (.text:TimerControlTrigger)
                  00012fb0    00000058     sysbios.aem4f : m3_Hwi_asm_switch.obj (.text:ti_sysbios_family_arm_m3_Hwi_initStacks__E)
                  00013008    00000058                   : BIOS.obj (.text:ti_sysbios_knl_Swi_postInit__I)
                  00013060    00000056     driverlib.lib : gpio.obj (.text:GPIOIntTypeSet)
                  000130b6    00000002     --HOLE-- [fill = 0]
                  000130b8    00000054     nettool_ipv4.aem4f : config.oem4f (.text:CfgEntryDeRef)
                  0001310c    00000054     stk.aem4f : igmp.oem4f (.text:IGMPLeave)
                  00013160    00000054               : rawethsock_pcb.oem4f (.text:RawEthSockPcbAttach)
                  000131b4    00000054               : sockpcb.oem4f (.text:SockCleanPcb)
                  00013208    00000054               : tcptime.oem4f (.text:TcpTimeoutPersist)
                  0001325c    00000054     rtsv7M4_T_le_v4SPD16_eabi.lib : exit.obj (.text)
                  000132b0    00000054     RTOS_16eth_pem4f.oem4f (.text:ti_sysbios_utils_Load_hwiBeginHook__E)
                  00013304    00000004     ti.uia.loggers.aem4f : LoggerStopMode.oem4f (.text:ti_uia_loggers_LoggerStopMode_getInstanceId__E)
                  00013308    00000054     sysbios.aem4f : BIOS.obj (.text:ti_sysbios_utils_Load_taskSwitchHook__E)
                  0001335c    00000054     ti.targets.arm.rtsarm.aem4f : Assert.oem4f (.text:xdc_runtime_Assert_raise__I)
                  000133b0    00000052     stk.aem4f : tcpprot.oem4f (.text:TcpPrDetach)
                  00013402    00000002     --HOLE-- [fill = 0]
                  00013404    00000050     drivers_tivaware.aem4f : GPIOTiva.oem4f (.text:GPIO_setCallback)
                  00013454    00000050                            : GPIOTiva.oem4f (.text:GPIO_toggle)
                  000134a4    00000050                            : GPIOTiva.oem4f (.text:GPIO_write)
                  000134f4    00000050     stk.aem4f : socket.oem4f (.text:NDK_bind)
                  00013544    00000050               : route.oem4f (.text:RtNew)
                  00013594    00000050     driverlib.lib : sysctl.obj (.text:SysCtlPeripheralReset)
                  000135e4    00000050     Boot.aem4f : Boot_sysctl.oem4f (.text:_SysCtlFrequencyGet)
                  00013634    00000050     ti.targets.arm.rtsarm.aem4f : Startup.oem4f (.text:xdc_runtime_Startup_exec__E)
                  00013684    00000050                                 : Text.oem4f (.text:xdc_runtime_Text_visitRope2__I)
                  000136d4    0000004e     stk.aem4f : node.oem4f (.text:NodeDeRef)
                  00013722    0000004e     nettool_ipv4.aem4f : config.oem4f (.text:_CfgEntryScan)
                  00013770    0000004c                        : ipaddr.oem4f (.text:NtAddNetwork)
                  000137bc    0000004c     stk.aem4f : sockint.oem4f (.text:SockValidateRoute)
                  00013808    0000004c     rtsv7M4_T_le_v4SPD16_eabi.lib : cpy_tbl.obj (.text)
                  00013854    00000004     ti.uia.loggers.aem4f : LoggerStopMode.oem4f (.text:ti_uia_loggers_LoggerStopMode_getMaxLength__E)
                  00013858    0000004c     sysbios.aem4f : BIOS.obj (.text:ti_sysbios_heaps_HeapMem_getStats__E)
                  000138a4    00000004     ti.uia.loggers.aem4f : LoggerStopMode.oem4f (.text:ti_uia_loggers_LoggerStopMode_getPriority__E)
                  000138a8    0000004c     sysbios.aem4f : BIOS.obj (.text:ti_sysbios_knl_Swi_runLoop__I)
                  000138f4    00000004     ti.uia.loggers.aem4f : LoggerStopMode.oem4f (.text:ti_uia_loggers_LoggerStopMode_getTransferType__E)
                  000138f8    0000004c     sysbios.aem4f : BIOS.obj (.text:ti_sysbios_knl_Task_allBlockedFunction__I)
                  00013944    0000004c     ti.uia.loggers.aem4f : LoggerStopMode.oem4f (.text:ti_uia_loggers_LoggerStopMode_Module_startup__E)
                  00013990    0000004a     netctrl_min_ipv4.aem4f : netsrv.oem4f (.text:ServiceKill)
                  000139da    0000004a     stk.aem4f : sock.oem4f (.text:SockDisconnect)
                  00013a24    0000004a               : timer.oem4f (.text:TimerNew)
                  00013a6e    00000048     nettool_ipv4.aem4f : config.oem4f (.text:CfgNew)
                  00013ab6    00000002     --HOLE-- [fill = 0]
                  00013ab8    00000048     driverlib.lib : gpio.obj (.text:GPIOPinConfigure)
                  00013b00    00000048     stk.aem4f : lli.oem4f (.text:LLIMsg)
                  00013b48    00000048               : node.oem4f (.text:NodeWalk)
                  00013b90    00000048               : rawethsock_pcb.oem4f (.text:RawEthSockPcbDetach)
                  00013bd8    00000048               : sockpcb.oem4f (.text:SockPcbResolveChain)
                  00013c20    00000048               : tcpprot.oem4f (.text:TcpDrop)
                  00013c68    00000048               : lli.oem4f (.text:_LLIExpListInsert)
                  00013cb0    00000048               : rtable.oem4f (.text:_RtExpListInsert)
                  00013cf8    00000048     driverlib.lib : sysctl.obj (.text:_SysCtlFrequencyGet)
                  00013d40    00000048     stk.aem4f : file.oem4f (.text:fdint_lockfd)
                  00013d88    00000048     sysbios.aem4f : BIOS.obj (.text:ti_sysbios_family_arm_m3_Hwi_disableInterrupt__E)
                  00013dd0    00000048                   : BIOS.obj (.text:ti_sysbios_family_arm_m3_Hwi_enableInterrupt__E)
                  00013e18    00000048                   : BIOS.obj (.text:ti_sysbios_family_arm_m3_Hwi_excReserved__I)
                  00013e60    00000048                   : BIOS.obj (.text:ti_sysbios_knl_Task_deleteTerminatedTasksFunc__I)
                  00013ea8    00000048                   : BIOS.obj (.text:ti_sysbios_utils_Load_taskDeleteHook__E)
                  00013ef0    00000048     driverlib.lib : udma.obj (.text:uDMAChannelAttributeDisable)
                  00013f38    00000048                   : udma.obj (.text:uDMAChannelAttributeEnable)
                  00013f80    00000046     nettool_ipv4.aem4f : ipaddr.oem4f (.text:NtIfIdx2Ip)
                  00013fc6    00000046     stk.aem4f : rawethsock.oem4f (.text:RawEthSockSend)
                  0001400c    00000046               : tcpprot.oem4f (.text:TcpPrCtlError)
                  00014052    00000046     os.aem4f : mem.oem4f (.text:mmZeroInit)
                  00014098    00000046     ti.targets.arm.rtsarm.aem4f : Core-params.oem4f (.text:xdc_runtime_Core_assignParams__I)
                  000140de    00000002     --HOLE-- [fill = 0]
                  000140e0    00000044     drivers_tivaware.aem4f : EMACSnow.oem4f (.text:EMACSnow_processTransmitted)
                  00014124    00000044     stk.aem4f : icmp.oem4f (.text:ICMPChecksum)
                  00014168    00000044               : ipfrag.oem4f (.text:IPReasmFree)
                  000141ac    00000044               : lli.oem4f (.text:LLIGetValidTime)
                  000141f0    00000044               : rtable.oem4f (.text:RouteMsg)
                  00014234    00000044               : rtable.oem4f (.text:RtWalkEnd)
                  00014278    00000044               : sockpcb.oem4f (.text:SockPcbDetach)
                  000142bc    00000044               : timer.oem4f (.text:TimerListInsert)
                  00014300    00000044     hal_timer_bios.aem4f : lltimer.oem4f (.text:llTimerGetTime)
                  00014344    00000004     ti.targets.arm.rtsarm.aem4f : Error.oem4f (.text:xdc_runtime_Error_getMsg__E)
                  00014348    00000044     sysbios.aem4f : BIOS.obj (.text:ti_sysbios_family_arm_lm4_Timer_stop__E)
                  0001438c    00000004     ti.targets.arm.rtsarm.aem4f : Error.oem4f (.text:xdc_runtime_Error_getSite__E)
                  00014390    00000044     sysbios.aem4f : BIOS.obj (.text:ti_sysbios_family_arm_m3_Hwi_getStackInfo__E)
                  000143d4    00000004     RTOS_16eth_pem4f.oem4f (.text:xdc_runtime_System_Module_GateProxy_enter__E)
                  000143d8    00000044     sysbios.aem4f : BIOS.obj (.text:ti_sysbios_utils_Load_removeTask__E)
                  0001441c    00000004     RTOS_16eth_pem4f.oem4f (.text:xdc_runtime_System_Module_GateProxy_leave__E)
                  00014420    00000044     sysbios.aem4f : BIOS.obj (.text:ti_sysbios_utils_Load_swiBeginHook__E)
                  00014464    00000044     ti.uia.loggers.aem4f : LoggerStopMode.oem4f (.text:ti_uia_loggers_LoggerStopMode_initBuffer__I)
                  000144a8    00000044     ti.targets.arm.rtsarm.aem4f : Error.oem4f (.text:xdc_runtime_Error_setX__E)
                  000144ec    00000044                                 : SysMin.oem4f (.text:xdc_runtime_SysMin_flush__E)
                  00014530    00000044                                 : Text.oem4f (.text:xdc_runtime_Text_xprintf__I)
                  00014574    00000042     stk.aem4f : socket.oem4f (.text:NDK_listen)
                  000145b6    00000042               : tcpprot.oem4f (.text:TcpPrSendOOB)
                  000145f8    00000042               : fileuser.oem4f (.text:fdCloseSession)
                  0001463a    00000002     --HOLE-- [fill = 0]
                  0001463c    00000040               : lliin.oem4f (.text:LLIValidateRoute)
                  0001467c    00000040               : pbm.oem4f (.text:PBM_copy)
                  000146bc    00000040               : sockpcb.oem4f (.text:SockPcbRtChange)
                  000146fc    00000040               : tcpprot.oem4f (.text:TcpPrSend)
                  0001473c    00000040     rtsv7M4_T_le_v4SPD16_eabi.lib : u_divt2.obj (.text)
                  0001477c    00000004     ti.targets.arm.rtsarm.aem4f : System.oem4f (.text:xdc_runtime_System_aprintf_va__F)
                  00014780    00000040     sysbios.aem4f : BIOS.obj (.text:ti_sysbios_family_arm_lm4_Timer_startup__E)
                  000147c0    0000003e     driverlib.lib : adc.obj (.text:ADCSequenceConfigure)
                  000147fe    0000003e     nettool_ipv4.aem4f : dhcpmain.oem4f (.text:DHCPClose)
                  0001483c    0000003e     stk.aem4f : nimu.oem4f (.text:NIMUAllocateName)
                  0001487a    0000003e     os.aem4f : task.oem4f (.text:TaskCreate)
                  000148b8    0000003e     stk.aem4f : tcpprot.oem4f (.text:TcpPrDisconnect)
                  000148f6    0000003e               : file.oem4f (.text:fdint_unlockfd)
                  00014934    0000003c     nettool_ipv4.aem4f : config.oem4f (.text:CfgEntryGetData)
                  00014970    0000003c     driverlib.lib : emac.obj (.text:EMACIntDisable)
                  000149ac    0000003c     stk.aem4f : node.oem4f (.text:NodeUpdatePL)
                  000149e8    0000003c               : rtable.oem4f (.text:RtWalkBegin)
                  00014a24    0000003c               : tcpprot.oem4f (.text:TcpPrConnect)
                  00014a60    0000003c               : tcptime.oem4f (.text:TcpSetPersist)
                  00014a9c    0000003c               : rtc.oem4f (.text:_RTCSendRtAdv)
                  00014ad8    0000003c               : rtable.oem4f (.text:_RtNodeRemove)
                  00014b14    0000003c     hal_timer_bios.aem4f : lltimer.oem4f (.text:_llTimerInit)
                  00014b50    0000003c     sysbios.aem4f : BIOS.obj (.text:ti_sysbios_family_arm_m3_Hwi_excSvCall__I)
                  00014b8c    00000004     ti.targets.arm.rtsarm.aem4f : System.oem4f (.text:xdc_runtime_System_printf_va__F)
                  00014b90    0000003c     sysbios.aem4f : BIOS.obj (.text:ti_sysbios_heaps_HeapMem_init__I)
                  00014bcc    00000004     --HOLE-- [fill = 0]
                  00014bd0    0000003c                   : BIOS.obj (.text:ti_sysbios_knl_Swi_startup__E)
                  00014c0c    00000004     --HOLE-- [fill = 0]
                  00014c10    0000003c                   : BIOS.obj (.text:ti_sysbios_utils_Load_hwiEndHook__E)
                  00014c4c    0000003a     driverlib.lib : emac.obj (.text:EMACIntEnable)
                  00014c86    00000002     --HOLE-- [fill = 0]
                  00014c88    00000038                   : emac.obj (.text:EMACConfigGet)
                  00014cc0    00000038     stk.aem4f : ipfrag.oem4f (.text:IPReasmTimeout)
                  00014cf8    00000038               : node.oem4f (.text:NodeGetRt)
                  00014d30    00000038     driverlib.lib : sysctl.obj (.text:SysCtlPeripheralReady)
                  00014d68    00000038     stk.aem4f : tcpprot.oem4f (.text:TcpClose)
                  00014da0    00000038               : timer.oem4f (.text:TimerHSTick)
                  00014dd8    00000038     nettool_ipv4.aem4f : dhcpbild.oem4f (.text:dhcpBuildDiscover)
                  00014e10    00000038                        : dhcptags.oem4f (.text:dhcpOptionsClear)
                  00014e48    00000038     stk.aem4f : file.oem4f (.text:fdint_waitevent)
                  00014e80    00000038     sysbios.aem4f : BIOS.obj (.text:ti_sysbios_family_arm_m3_Hwi_excNoIsr__I)
                  00014eb8    00000038     RTOS_16eth_pem4f.oem4f (.text:ti_sysbios_knl_Clock_create)
                  00014ef0    00000038     sysbios.aem4f : BIOS.obj (.text:ti_sysbios_knl_Task_processVitalTaskFlag__I)
                  00014f28    00000038     ti.targets.arm.rtsarm.aem4f : SysMin.oem4f (.text:xdc_runtime_SysMin_putch__E)
                  00014f60    00000038                                 : System.oem4f (.text:xdc_runtime_System_atexit__E)
                  00014f98    00000036     stk.aem4f : ip.oem4f (.text:IPChecksum)
                  00014fce    00000002     --HOLE-- [fill = 0]
                  00014fd0    00000034     nettool_ipv4.aem4f : config.oem4f (.text:CfgSetService)
                  00015004    00000034     driverlib.lib : emac.obj (.text:EMACConfigSet)
                  00015038    00000034                   : emac.obj (.text:EMACIntClear)
                  0001506c    00000034     drivers_tivaware.aem4f : EMACSnow.oem4f (.text:EMACSnow_emacPoll)
                  000150a0    00000034                            : EMACSnow.oem4f (.text:EMACSnow_isLinkUp)
                  000150d4    00000034                            : EMAC.oem4f (.text:EMAC_init)
                  00015108    00000034     stk.aem4f : exec.oem4f (.text:ExecClose)
                  0001513c    00000034               : nimu.oem4f (.text:NIMUFindByName)
                  00015170    00000034               : nimu.oem4f (.text:NIMUInit)
                  000151a4    00000034               : rawethsock.oem4f (.text:RawEthSockNotify)
                  000151d8    00000034               : sockprot.oem4f (.text:SockPrCtlError)
                  0001520c    00000034     driverlib.lib : sysctl.obj (.text:SysCtlPeripheralEnable)
                  00015240    00000034     os.aem4f : mem.oem4f (.text:mmUnInitPage)
                  00015274    00000004     --HOLE-- [fill = 0]
                  00015278    00000034     sysbios.aem4f : BIOS.obj (.text:ti_sysbios_family_arm_m3_Hwi_excNmi__I)
                  000152ac    00000004     --HOLE-- [fill = 0]
                  000152b0    00000034                   : BIOS.obj (.text:ti_sysbios_hal_Hwi_checkStack)
                  000152e4    00000034     RTOS_16eth_pem4f.oem4f (.text:ti_sysbios_knl_Semaphore_create)
                  00015318    00000034     sysbios.aem4f : BIOS.obj (.text:ti_sysbios_utils_Load_swiEndHook__E)
                  0001534c    00000034     ti.uia.loggers.aem4f : LoggerStopMode.oem4f (.text:ti_uia_loggers_LoggerStopMode_reset__E)
                  00015380    00000034     ti.targets.arm.rtsarm.aem4f : Core-label.oem4f (.text:xdc_runtime_Core_assignLabel__I)
                  000153b4    00000033                                 : Text.oem4f (.text:xdc_runtime_Text_printVisFxn__I)
                  000153e7    00000001     --HOLE-- [fill = 0]
                  000153e8    00000032     nettool_ipv4.aem4f : config.oem4f (.text:CfgGetImmediate)
                  0001541a    00000032     stk.aem4f : route.oem4f (.text:RtDeRef)
                  0001544c    00000032               : route.oem4f (.text:RtSetFailure)
                  0001547e    00000032               : sb.oem4f (.text:SBFlush)
                  000154b0    00000032               : sb.oem4f (.text:SBSetMax)
                  000154e2    00000032               : sock.oem4f (.text:SockIntAbort)
                  00015514    00000032     nettool_ipv4.aem4f : config.oem4f (.text:_CfgAcquire)
                  00015546    00000032                        : dhcpsm.oem4f (.text:dhcpIPRemove)
                  00015578    00000032     sysbios.aem4f : BIOS.obj (.text:ti_sysbios_hal_Hwi_initStack)
                  000155aa    00000006     driverlib.lib : emac.obj (.text:EMACRxDMADescriptorListSet)
                  000155b0    00000032     sysbios.aem4f : BIOS.obj (.text:ti_sysbios_knl_Semaphore_pendTimeout__I)
                  000155e2    00000030     driverlib.lib : emac.obj (.text:EMACAddrSet)
                  00015612    00000002     --HOLE-- [fill = 0]
                  00015614    00000030     drivers_tivaware.aem4f : EMACSnow.oem4f (.text:EMACSnow_handlePackets)
                  00015644    00000030     netctrl_min_ipv4.aem4f : netsrv.oem4f (.text:NS_PreBoot)
                  00015674    00000030     stk.aem4f : sock.oem4f (.text:SockBind)
                  000156a4    00000030               : sock.oem4f (.text:SockGetName)
                  000156d4    00000030     nettool_ipv4.aem4f : dhcpsock.oem4f (.text:dhcpPacketSend)
                  00015704    00000030     stk.aem4f : listlib.oem4f (.text:list_remove_node)
                  00015734    00000030     RTOS_16eth_pem4f.oem4f (.text:ti_sysbios_BIOS_atExitFunc__I)
                  00015764    00000004     --HOLE-- [fill = 0]
                  00015768    00000030     sysbios.aem4f : BIOS.obj (.text:ti_sysbios_family_arm_m3_TaskSupport_start__E)
                  00015798    00000030     RTOS_16eth_pem4f.oem4f (.text:ti_sysbios_gates_GateHwi_Object__create__S)
                  000157c8    00000030     RTOS_16eth_pem4f.oem4f (.text:ti_sysbios_gates_GateMutex_Object__create__S)
                  000157f8    00000030     RTOS_16eth_pem4f.oem4f (.text:ti_sysbios_heaps_HeapMem_Object__create__S)
                  00015828    00000030     RTOS_16eth_pem4f.oem4f (.text:ti_sysbios_knl_Semaphore_construct)
                  00015858    00000030     RTOS_16eth_pem4f.oem4f (.text:ti_uia_loggers_LoggerStopMode_Object__create__S)
                  00015888    00000030     ti.targets.arm.rtsarm.aem4f : SysMin.oem4f (.text:xdc_runtime_SysMin_abort__E)
                  000158b8    00000030                                 : System.oem4f (.text:xdc_runtime_System_processAtExit__E)
                  000158e8    0000002e     stk.aem4f : sb.oem4f (.text:SBFree)
                  00015916    0000002c     driverlib.lib : emac.obj (.text:EMACIntStatus)
                  00015942    0000002c     stk.aem4f : file.oem4f (.text:FdSignalEvent)
                  0001596e    00000002     --HOLE-- [fill = 0]
                  00015970    0000002c               : igmp.oem4f (.text:IGMPTestGroup)
                  0001599c    0000002c     os.aem4f : task.oem4f (.text:NDK_hookCreate)
                  000159c8    0000002c     stk.aem4f : nimu.oem4f (.text:NIMUAllocateIndex)
                  000159f4    0000002c               : nimu.oem4f (.text:NIMUPacketServiceCheck)
                  00015a20    0000002c               : pipe.oem4f (.text:PipeClose)
                  00015a4c    0000002c               : sockpcb.oem4f (.text:SockPcbAttach)
                  00015a78    0000002c               : lli.oem4f (.text:_LLIExpListRemove)
                  00015aa4    0000002c               : lli.oem4f (.text:_LLITimeoutFlush)
                  00015ad0    0000002c               : rtable.oem4f (.text:_RtExpListRemove)
                  00015afc    0000002c     RTOS_16eth_pem4f.oem4f (.text:ti_sysbios_knl_Clock_doTick__I)
                  00015b28    0000002c     RTOS_16eth_pem4f.oem4f (.text:ti_sysbios_knl_Queue_construct)
                  00015b54    00000004     --HOLE-- [fill = 0]
                  00015b58    0000002c     sysbios.aem4f : BIOS.obj (.text:ti_sysbios_knl_Task_restore__E)
                  00015b84    0000002c     driverlib.lib : udma.obj (.text:uDMAChannelAssign)
                  00015bb0    0000002c     ti.targets.arm.rtsarm.aem4f : Text.oem4f (.text:xdc_runtime_Text_cordText__E)
                  00015bdc    0000002a     driverlib.lib : gpio.obj (.text:GPIODirModeSet)
                  00015c06    0000002a     stk.aem4f : pbm.oem4f (.text:PBMQ_deq)
                  00015c30    0000002a     netctrl_min_ipv4.aem4f : netsrv.oem4f (.text:ServiceCallback)
                  00015c5a    0000002a     nettool_ipv4.aem4f : config.oem4f (.text:_CfgRelease)
                  00015c84    0000002a     ti.targets.arm.rtsarm.aem4f : System.oem4f (.text:xdc_runtime_System_putchar__I)
                  00015cae    00000002     --HOLE-- [fill = 0]
                  00015cb0    00000028     stk.aem4f : bind.oem4f (.text:BindFindByNet)
                  00015cd8    00000028               : lli.oem4f (.text:LLIFree)
                  00015d00    00000028     netctrl_min_ipv4.aem4f : netctrl.oem4f (.text:NC_SystemClose)
                  00015d28    00000028     stk.aem4f : nimu.oem4f (.text:NIMUCreatePacket)
                  00015d50    00000028               : nimu.oem4f (.text:NIMUPacketService)
                  00015d78    00000028               : tcpin.oem4f (.text:TcpEnterTimeWait)
                  00015da0    00000028               : timer.oem4f (.text:TimerListRemove)
                  00015dc8    00000028               : vlan.oem4f (.text:VLANFindSourceInterface)
                  00015df0    00000028               : vlan.oem4f (.text:VLANInit)
                  00015e18    00000028     nettool_ipv4.aem4f : dhcpsock.oem4f (.text:dhcpPacketReceive)
                  00015e40    00000028     rtsv7M4_T_le_v4SPD16_eabi.lib : e_sqrtf.obj (.text)
                  00015e68    00000028     drivers_tivaware.aem4f : EMACSnow.oem4f (.text:signalLinkChange)
                  00015e90    00000028     RTOS_16eth_pem4f.oem4f (.text:ti_sysbios_BIOS_startFunc__I)
                  00015eb8    00000028     driverlib.lib : udma.obj (.text:uDMAChannelModeGet)
                  00015ee0    00000026     nettool_ipv4.aem4f : config.oem4f (.text:CfgEntryInfo)
                  00015f06    00000026     driverlib.lib : emac.obj (.text:EMACPHYRead)
                  00015f2c    00000026                   : emac.obj (.text:EMACPHYWrite)
                  00015f52    00000026     stk.aem4f : rawethsock.oem4f (.text:RawEthSockClose)
                  00015f78    00000026     RTOS_16eth_pem4f.oem4f (.text:ti_ndk_config_udp_init)
                  00015f9e    00000026     sysbios.aem4f : m3_Hwi_asm.obj (.text:ti_sysbios_family_arm_m3_Hwi_pendSV__I)
                  00015fc4    00000026     ti.targets.arm.rtsarm.aem4f : System.oem4f (.text:xdc_runtime_System_avprintf__E)
                  00015fea    00000002     --HOLE-- [fill = 0]
                  00015fec    00000024     stk.aem4f : bind.oem4f (.text:BindFindByHost)
                  00016010    00000024               : bind.oem4f (.text:BindGetIFByDBCast)
                  00016034    00000024     drivers_tivaware.aem4f : EMACSnow.oem4f (.text:EMACSnow_pkt_service)
                  00016058    00000024                            : EMACSnow.oem4f (.text:EMACSnow_primeRx)
                  0001607c    00000024     stk.aem4f : exec.oem4f (.text:ExecTimer)
                  000160a0    00000024               : nimu.oem4f (.text:NIMUFindByIndex)
                  000160c4    00000024               : rtc.oem4f (.text:RTCAddHook)
                  000160e8    00000024               : rawethsock_pcb.oem4f (.text:RawEthSockPcbFind)
                  0001610c    00000024               : route.oem4f (.text:RtFree)
                  00016130    00000024               : route.oem4f (.text:RtSetTimeout)
                  00016154    00000024               : sockpcb.oem4f (.text:SockPcbCleanup)
                  00016178    00000024               : tcpprot.oem4f (.text:TcpPrListen)
                  0001619c    00000024               : tcptime.oem4f (.text:TcpTimeoutWait2)
                  000161c0    00000024     nettool_ipv4.aem4f : config.oem4f (.text:_CfgEntryProcess)
                  000161e4    00000024     RTOS_16eth_pem4f.oem4f (.text:ti_sysbios_BIOS_registerRTSLock__I)
                  00016208    00000024     RTOS_16eth_pem4f.oem4f (.text:ti_sysbios_BIOS_removeRTSLock__I)
                  0001622c    00000004     --HOLE-- [fill = 0]
                  00016230    00000024     sysbios.aem4f : BIOS.obj (.text:ti_sysbios_family_arm_m3_Hwi_doTaskRestore__I)
                  00016254    00000024     RTOS_16eth_pem4f.oem4f (.text:ti_sysbios_gates_GateMutex_Object__delete__S)
                  00016278    00000024     sysbios.aem4f : BIOS.obj (.text:ti_sysbios_knl_Clock_Module_startup__E)
                  0001629c    00000024     RTOS_16eth_pem4f.oem4f (.text:ti_sysbios_knl_Semaphore_Object__delete__S)
                  000162c0    00000024     driverlib.lib : udma.obj (.text:uDMAChannelControlSet)
                  000162e4    00000024     ti.targets.arm.rtsarm.aem4f : System.oem4f (.text:xdc_runtime_System_vprintf__E)
                  00016308    00000022     nettool_ipv4.aem4f : config.oem4f (.text:CfgEntryRef)
                  0001632a    00000022     stk.aem4f : vlan.oem4f (.text:VLANFindNode)
                  0001634c    00000022     main16eth.obj (.text:setsockopt)
                  0001636e    00000002     --HOLE-- [fill = 0]
                  00016370    00000022     sysbios.aem4f : BIOS.obj (.text:ti_sysbios_family_arm_lm4_Timer_write__I)
                  00016392    00000022     RTOS_16eth_pem4f.oem4f (.text:xdc_runtime_SysMin_output__I)
                  000163b4    00000020     netctrl_min_ipv4.aem4f : netctrl.oem4f (.text:NC_BootComplete)
                  000163d4    00000020     stk.aem4f : nimu.oem4f (.text:NIMUGetNumOfObject)
                  000163f4    00000020               : rtc.oem4f (.text:RTCRemoveHook)
                  00016414    00000020               : tcp.oem4f (.text:TcpTimeoutRemove)
                  00016434    00000020     Boot.aem4f : Boot_sysctl.oem4f (.text:_SysCtlMemTimingGet)
                  00016454    00000020     RTOS_16eth_pem4f.oem4f (.text:ti_sysbios_BIOS_rtsLock__I)
                  00016474    00000020     RTOS_16eth_pem4f.oem4f (.text:ti_sysbios_family_arm_m3_Hwi_Object__delete__S)
                  00016494    00000020     sysbios.aem4f : m3_Hwi_asm.obj (.text:ti_sysbios_family_arm_m3_Hwi_excHandlerAsm__I)
                  000164b4    00000004     --HOLE-- [fill = 0]
                  000164b8    00000020                   : BIOS.obj (.text:ti_sysbios_family_arm_m3_Hwi_excHandler__I)
                  000164d8    00000020     RTOS_16eth_pem4f.oem4f (.text:ti_sysbios_gates_GateHwi_Object__delete__S)
                  000164f8    00000020     RTOS_16eth_pem4f.oem4f (.text:ti_sysbios_heaps_HeapMem_Object__delete__S)
                  00016518    00000020     sysbios.aem4f : BIOS.obj (.text:ti_sysbios_knl_Idle_run__E)
                  00016538    00000020     RTOS_16eth_pem4f.oem4f (.text:ti_sysbios_knl_Semaphore_Object__destruct__S)
                  00016558    00000020     RTOS_16eth_pem4f.oem4f (.text:ti_sysbios_knl_Swi_Object__delete__S)
                  00016578    00000020     RTOS_16eth_pem4f.oem4f (.text:ti_sysbios_knl_Task_Object__delete__S)
                  00016598    00000020     RTOS_16eth_pem4f.oem4f (.text:ti_uia_loggers_LoggerStopMode_Object__delete__S)
                  000165b8    00000020     ti.targets.arm.rtsarm.aem4f : Registry.oem4f (.text:xdc_runtime_Registry_findById__E)
                  000165d8    00000020                                 : SysMin.oem4f (.text:xdc_runtime_SysMin_Module_startup__E)
                  000165f8    0000001e     stk.aem4f : listlib.oem4f (.text:list_remove)
                  00016616    0000001e     main16eth.obj (.text:main)
                  00016634    0000001e     main16eth.obj (.text:recv)
                  00016652    0000001e     main16eth.obj (.text:send)
                  00016670    0000001e     RTOS_16eth_pem4f.oem4f (.text:ti_sysbios_BIOS_errorRaiseHook__I)
                  0001668e    0000001e     sysbios.aem4f : m3_Hwi_asm_switch.obj (.text:ti_sysbios_family_xxx_Hwi_switchAndRunFunc)
                  000166ac    0000001c     stk.aem4f : bind.oem4f (.text:BindFindByIF)
                  000166c8    0000001c               : exec.oem4f (.text:ExecBroadcast)
                  000166e4    0000001c     os.aem4f : ossys.oem4f (.text:NDK_sprintf)
                  00016700    0000001c     stk.aem4f : nimu.oem4f (.text:NIMUAddHeader)
                  0001671c    0000001c               : sockprot.oem4f (.text:SockPrDetach)
                  00016738    0000001c     os.aem4f : task.oem4f (.text:TaskDestroy)
                  00016754    0000001c     driverlib.lib : sysctl.obj (.text:_SysCtlMemTimingGet)
                  00016770    0000001c     drivers_tivaware.aem4f : GPIOTiva.oem4f (.text:getGpioIntIndex)
                  0001678c    0000001c     RTOS_16eth_pem4f.oem4f (.text:ti_ndk_config_global_taskCreateHook)
                  000167a8    0000001c     sysbios.aem4f : BIOS.obj (.text:ti_sysbios_gates_GateMutex_Instance_init__E)
                  000167c4    0000001c     RTOS_16eth_pem4f.oem4f (.text:ti_sysbios_knl_Queue_Object__destruct__S)
                  000167e0    0000001c     sysbios.aem4f : BIOS.obj (.text:ti_sysbios_knl_Task_enter__I)
                  000167fc    0000001c     ti.uia.loggers.aem4f : LoggerStopMode.oem4f (.text:ti_uia_loggers_LoggerStopMode_Instance_init__E)
                  00016818    0000001c     ti.targets.arm.rtsarm.aem4f : Error.oem4f (.text:xdc_runtime_Error_raiseX__E)
                  00016834    0000001c                                 : Memory.oem4f (.text:xdc_runtime_Memory_valloc__E)
                  00016850    0000001c                                 : SysMin.oem4f (.text:xdc_runtime_SysMin_exit__E)
                  0001686c    0000001c                                 : System.oem4f (.text:xdc_runtime_System_abort__E)
                  00016888    0000001a     stk.aem4f : bind.oem4f (.text:BindGetIP)
                  000168a2    0000001a               : sockint.oem4f (.text:SockSetOOBMark)
                  000168bc    0000001a               : file.oem4f (.text:fdint_getfdt)
                  000168d6    0000001a     RTOS_16eth_pem4f.oem4f (.text:ti_sysbios_family_arm_m3_Hwi_Handle__label__S)
                  000168f0    0000001a     RTOS_16eth_pem4f.oem4f (.text:ti_sysbios_gates_GateHwi_Handle__label__S)
                  0001690a    0000001a     RTOS_16eth_pem4f.oem4f (.text:ti_sysbios_gates_GateMutex_Handle__label__S)
                  00016924    0000001a     RTOS_16eth_pem4f.oem4f (.text:ti_sysbios_heaps_HeapMem_Handle__label__S)
                  0001693e    0000001a     RTOS_16eth_pem4f.oem4f (.text:ti_sysbios_knl_Swi_Handle__label__S)
                  00016958    0000001a     RTOS_16eth_pem4f.oem4f (.text:ti_sysbios_knl_Task_Handle__label__S)
                  00016972    00000006     driverlib.lib : emac.obj (.text:EMACTxDMADescriptorListSet)
                  00016978    0000001a     sysbios.aem4f : BIOS.obj (.text:ti_sysbios_knl_Task_sleepTimeout__I)
                  00016992    0000001a     RTOS_16eth_pem4f.oem4f (.text:ti_uia_loggers_LoggerStopMode_Handle__label__S)
                  000169ac    0000001a     RTOS_16eth_pem4f.oem4f (.text:xdc_runtime_System_aprintf__E)
                  000169c6    0000001a     RTOS_16eth_pem4f.oem4f (.text:xdc_runtime_System_printf__E)
                  000169e0    00000018     driverlib.lib : adc.obj (.text:ADCClockConfigSet)
                  000169f8    00000018     drivers_tivaware.aem4f : EMACSnow.oem4f (.text:EMACSnow_emacSend)
                  00016a10    00000018     stk.aem4f : ip.oem4f (.text:IPRtChange)
                  00016a28    00000018     main16eth.obj (.text:InitSamples)
                  00016a40    00000018     stk.aem4f : rawethsock_pcb.oem4f (.text:RawEthSockPcbCleanup)
                  00016a58    00000018     nettool_ipv4.aem4f : ipaddr.oem4f (.text:RouteHook)
                  00016a70    00000018     stk.aem4f : tcpin.oem4f (.text:SEQ_GEQ)
                  00016a88    00000018               : tcpout.oem4f (.text:SEQ_GEQ)
                  00016aa0    00000018               : tcpin.oem4f (.text:SEQ_GT)
                  00016ab8    00000018               : tcpout.oem4f (.text:SEQ_GT)
                  00016ad0    00000018               : tcpin.oem4f (.text:SEQ_LEQ)
                  00016ae8    00000018               : tcpout.oem4f (.text:SEQ_LEQ)
                  00016b00    00000018               : tcpin.oem4f (.text:SEQ_LT)
                  00016b18    00000018               : tcpout.oem4f (.text:SEQ_LT)
                  00016b30    00000018               : tcp.oem4f (.text:TcpTimeoutAdd)
                  00016b48    00000018     nettool_ipv4.aem4f : dhcpsock.oem4f (.text:dhcpSocketClose)
                  00016b60    00000018     stk.aem4f : listlib.oem4f (.text:list_add)
                  00016b78    00000018     rtsv7M4_T_le_v4SPD16_eabi.lib : args_main.obj (.text)
                  00016b90    00000018                                   : strcmp.obj (.text)
                  00016ba8    00000018     RTOS_16eth_pem4f.oem4f (.text:ti_sysbios_BIOS_rtsUnlock__I)
                  00016bc0    00000018     RTOS_16eth_pem4f.oem4f (.text:ti_sysbios_family_arm_lm4_Timer_Module__startupDone__F)
                  00016bd8    00000018     RTOS_16eth_pem4f.oem4f (.text:ti_sysbios_family_arm_m3_Hwi_Module__startupDone__F)
                  00016bf0    00000018     sysbios.aem4f : m3_TaskSupport_asm.obj (.text:ti_sysbios_family_arm_m3_TaskSupport_swap__E)
                  00016c08    00000018                   : BIOS.obj (.text:ti_sysbios_gates_GateMutex_leave__E)
                  00016c20    00000018     driverlib.lib : udma.obj (.text:uDMAChannelEnable)
                  00016c38    00000018     ti.targets.arm.rtsarm.aem4f : Error.oem4f (.text:xdc_runtime_Error_check__E)
                  00016c50    00000018                                 : System.oem4f (.text:xdc_runtime_System_exit__E)
                  00016c68    00000018                                 : Text.oem4f (.text:xdc_runtime_Text_ropeText__E)
                  00016c80    00000016     driverlib.lib : emac.obj (.text:EMACReset)
                  00016c96    00000016                   : emac.obj (.text:EMACRxEnable)
                  00016cac    00000016                   : emac.obj (.text:EMACTxEnable)
                  00016cc2    00000016     stk.aem4f : file.oem4f (.text:fdint_freefdt)
                  00016cd8    00000016     RTOS_16eth_pem4f.oem4f (.text:ti_sysbios_BIOS_exitFunc__I)
                  00016cee    00000016     main16eth.obj (.text:ti_sysbios_knl_Task_Params_init)
                  00016d04    00000016     tcpEchoHooks.obj (.text:ti_sysbios_knl_Task_Params_init)
                  00016d1a    00000016     ti.uia.loggers.aem4f : LoggerStopMode.oem4f (.text:ti_uia_loggers_LoggerStopMode_disable__E)
                  00016d30    00000016                          : LoggerStopMode.oem4f (.text:ti_uia_loggers_LoggerStopMode_enable__E)
                  00016d46    00000016     ti.targets.arm.rtsarm.aem4f : System.oem4f (.text:xdc_runtime_System_vsprintf__E)
                  00016d5c    00000014     stk.aem4f : bind.oem4f (.text:BindIPHost2IF)
                  00016d70    00000014     driverlib.lib : flash.obj (.text:FlashUserGet)
                  00016d84    00000014     main16eth.obj (.text:HeartBeat_Idle)
                  00016d98    00000014     netctrl_min_ipv4.aem4f : netctrl.oem4f (.text:NC_NetStop)
                  00016dac    00000014     os.aem4f : task.oem4f (.text:NDK_hookExit)
                  00016dc0    00000014     stk.aem4f : nimu.oem4f (.text:NIMUSendPacket)
                  00016dd4    00000014     nettool_ipv4.aem4f : ipaddr.oem4f (.text:NtRemoveNetwork)
                  00016de8    00000014     stk.aem4f : rawethsock_pcb.oem4f (.text:RawEthSockPcbInit)
                  00016dfc    00000014               : timer.oem4f (.text:TimerFree)
                  00016e10    00000014     main16eth.obj (.text:accept)
                  00016e24    00000014     main16eth.obj (.text:bind)
                  00016e38    00000014     rtsv7M4_T_le_v4SPD16_eabi.lib : _lock.obj (.text)
                  00016e4c    00000014                                   : strcpy.obj (.text)
                  00016e60    00000014                                   : strlen.obj (.text)
                  00016e74    00000014     main16eth.obj (.text:socket)
                  00016e88    00000014     RTOS_16eth_pem4f.oem4f (.text:ti_ndk_config_global_taskExitHook)
                  00016e9c    00000014     RTOS_16eth_pem4f.oem4f (.text:ti_sysbios_family_arm_m3_Hwi_Object__get__S)
                  00016eb0    00000014     sysbios.aem4f : BIOS.obj (.text:ti_sysbios_family_arm_m3_Hwi_switchFromBootStack__E)
                  00016ec4    00000014     RTOS_16eth_pem4f.oem4f (.text:ti_sysbios_heaps_HeapMem_Object__get__S)
                  00016ed8    00000014     RTOS_16eth_pem4f.oem4f (.text:ti_sysbios_knl_Swi_Object__get__S)
                  00016eec    00000014     RTOS_16eth_pem4f.oem4f (.text:ti_sysbios_knl_Task_Object__first__S)
                  00016f00    00000014     RTOS_16eth_pem4f.oem4f (.text:ti_sysbios_knl_Task_Object__get__S)
                  00016f14    00000014     RTOS_16eth_pem4f.oem4f (.text:ti_sysbios_knl_Task_Object__next__S)
                  00016f28    00000012     driverlib.lib : adc.obj (.text:ADCHardwareOversampleConfigure)
                  00016f3a    00000012                   : gpio.obj (.text:GPIOPinTypeADC)
                  00016f4c    00000012                   : gpio.obj (.text:GPIOPinTypeEthernetLED)
                  00016f5e    00000012     stk.aem4f : sockprot.oem4f (.text:SockPrAttach)
                  00016f70    00000012               : sockint.oem4f (.text:SockSetOOBData)
                  00016f82    00000012     driverlib.lib : timer.obj (.text:TimerLoadSet)
                  00016f94    00000012     nettool_ipv4.aem4f : inetaddr.oem4f (.text:inet_addr)
                  00016fa6    00000002     --HOLE-- [fill = 0]
                  00016fa8    00000012     sysbios.aem4f : BIOS.obj (.text:ti_sysbios_hal_Hwi_Module_startup__E)
                  00016fba    00000006     driverlib.lib : gpio.obj (.text:GPIOIntClear)
                  00016fc0    00000012     sysbios.aem4f : BIOS.obj (.text:ti_sysbios_knl_Semaphore_reset__E)
                  00016fd2    00000012     RTOS_16eth_pem4f.oem4f (.text:xdc_runtime_Startup_exec__I)
                  00016fe4    00000010     RTOS_16eth_pem4f.oem4f (.text:.bootCodeSection:ti_catalog_arm_cortexm4_tiva_ce_Boot_init__I)
                  00016ff4    00000010     driverlib.lib : adc.obj (.text:ADCSequenceDMAEnable)
                  00017004    00000010     stk.aem4f : bind.oem4f (.text:BindIF2IPHost)
                  00017014    00000010               : bind.oem4f (.text:BindIFNet2IPHost)
                  00017024    00000010     driverlib.lib : emac.obj (.text:EMACFrameFilterSet)
                  00017034    00000010     stk.aem4f : exec.oem4f (.text:ExecHRef)
                  00017044    00000010     driverlib.lib : interrupt.obj (.text:IntMasterDisable)
                  00017054    00000010                   : interrupt.obj (.text:IntMasterEnable)
                  00017064    00000010     netctrl_min_ipv4.aem4f : netctrl.oem4f (.text:NC_IPUpdate)
                  00017074    00000010     stk.aem4f : nimu.oem4f (.text:NIMUGetRsvdSizeInfo)
                  00017084    00000010     main16eth.obj (.text:listen)
                  00017094    00000004     --HOLE-- [fill = 0]
                  00017098    00000010     sysbios.aem4f : BIOS.obj (.text:ti_sysbios_BIOS_getCpuFreq__E)
                  000170a8    00000010                   : BIOS.obj (.text:ti_sysbios_BIOS_setThreadType__E)
                  000170b8    00000010                   : BIOS.obj (.text:ti_sysbios_BIOS_start__E)
                  000170c8    00000010                   : BIOS.obj (.text:ti_sysbios_family_arm_lm4_TimestampProvider_rolloverFunc__E)
                  000170d8    00000010                   : m3_TaskSupport_asm.obj (.text:ti_sysbios_family_arm_m3_TaskSupport_glue)
                  000170e8    00000010                   : BIOS.obj (.text:ti_sysbios_gates_GateMutex_Instance_finalize__E)
                  000170f8    00000010                   : BIOS.obj (.text:ti_sysbios_knl_Semaphore_Instance_finalize__E)
                  00017108    00000010                   : BIOS.obj (.text:ti_sysbios_knl_Swi_disable__E)
                  00017118    00000010                   : BIOS.obj (.text:ti_sysbios_knl_Task_disable__E)
                  00017128    00000010     RTOS_16eth_pem4f.oem4f (.text:ti_uia_loggers_LoggerStopMode_Object__get__S)
                  00017138    00000010     ti.uia.loggers.aem4f : LoggerStopMode.oem4f (.text:ti_uia_loggers_LoggerStopMode_isEmpty__E)
                  00017148    00000010     driverlib.lib : udma.obj (.text:uDMAEnable)
                  00017158    00000010     ti.targets.arm.rtsarm.aem4f : Gate.oem4f (.text:xdc_runtime_Gate_leaveSystem__E)
                  00017168    00000010                                 : Memory.oem4f (.text:xdc_runtime_Memory_free__E)
                  00017178    00000010                                 : SysMin.oem4f (.text:xdc_runtime_SysMin_ready__E)
                  00017188    00000010                                 : System.oem4f (.text:xdc_runtime_System_vsnprintf__E)
                  00017198    00000010     RTOS_16eth_pem4f.oem4f (.text:xdc_runtime_Text_visitRope__I)
                  000171a8    0000000e     driverlib.lib : adc.obj (.text:ADCSequenceDisable)
                  000171b6    0000000e                   : adc.obj (.text:ADCSequenceEnable)
                  000171c4    0000000e     drivers_tivaware.aem4f : EMACSnow.oem4f (.text:EMACSnow_emacioctl)
[...]
0002da54  xdc_runtime_Text_nameUnknown__C                                      
0002da58  xdc_runtime_Text_nodeTab__C                                          
0002da5c  xdc_runtime_Text_visitRopeFxn__C                                     
0002da60  ti_sysbios_family_arm_lm4_TimestampProvider_useClockTimer__C         
0002da62  ti_sysbios_family_arm_m3_Hwi_Module__id__C                           
0002da64  ti_sysbios_family_arm_m3_Hwi_Module__loggerDefined__C                
0002da66  ti_sysbios_gates_GateMutex_Module__id__C                             
0002da68  ti_sysbios_hal_Hwi_Module__id__C                                     
0002da6a  ti_sysbios_heaps_HeapMem_Module__id__C                               
0002da6c  ti_sysbios_knl_Clock_Module__id__C                                   
0002da6e  ti_sysbios_knl_Clock_Module__loggerDefined__C                        
0002da70  ti_sysbios_knl_Semaphore_Module__id__C                               
0002da72  ti_sysbios_knl_Semaphore_Module__loggerDefined__C                    
0002da74  ti_sysbios_knl_Swi_Module__id__C                                     
0002da76  ti_sysbios_knl_Swi_Module__loggerDefined__C                          
0002da78  ti_sysbios_knl_Task_Module__id__C                                    
0002da7a  ti_sysbios_knl_Task_Module__loggerDefined__C                         
0002da7c  ti_sysbios_utils_Load_Module__id__C                                  
0002da7e  ti_sysbios_utils_Load_Module__loggerDefined__C                       
0002da80  ti_sysbios_utils_Load_autoAddTasks__C                                
0002da82  ti_sysbios_utils_Load_updateInIdle__C                                
0002da84  ti_uia_loggers_LoggerStopMode_Module__id__C                          
0002da86  ti_uia_loggers_LoggerStopMode_isTimestampEnabled__C                  
0002da88  xdc_runtime_Core_Module__id__C                                       
0002da8a  xdc_runtime_Error_Module__loggerDefined__C                           
0002da8c  xdc_runtime_Error_maxDepth__C                                        
0002da8e  xdc_runtime_Main_Module__id__C                                       
0002da90  xdc_runtime_Main_Module__loggerDefined__C                            
0002da92  xdc_runtime_Memory_Module__id__C                                     
0002da94  xdc_runtime_SysMin_flushAtExit__C                                    
0002da96  xdc_runtime_Text_charCnt__C                                          
0002da98  xdc_runtime_Text_isLoaded__C                                         
0002da9a  xdc_runtime_Text_registryModsLastId__C                               
0002da9c  xdc_runtime_Text_unnamedModsLastId__C                                
0002daa0  __TI_static_base__                                                   
0002e26c  __TI_Handler_Table_Base                                              
0002e274  __TI_CINIT_Base                                                      
0002e274  __TI_Handler_Table_Limit                                             
0002e28c  __TI_CINIT_Limit                                                     
20000000  ti_sysbios_family_arm_m3_Hwi_ramVectors                              
20000400  ti_sysbios_heaps_HeapMem_Instance_State_0_buf__A                     
20005400  ti_ndk_config_Global_pit                                             
200054a8  ti_ndk_config_Global_pitBuffer                                       
20009ca8  _ICMPIn                                                              
20009cf4  PBMQ_free                                                            
20009d00  ti_ndk_config_Global_pBufMem                                         
2000d900  ti_ndk_config_Global_pHdrMem                                         
2000dc00  ti_uia_loggers_LoggerStopMode_Instance_State_2_packetArray__A        
2000f000  ti_sysbios_knl_Task_Instance_State_0_stack__A                        
2000f200  ti_sysbios_knl_Task_Instance_State_1_stack__A                        
2000f400  ti_sysbios_knl_Task_Instance_State_2_stack__A                        
2000f800  ti_sysbios_knl_Task_Instance_State_3_stack__A                        
2000fe00  ti_sysbios_knl_Task_Instance_State_4_stack__A                        
20010000  udmaCtrlTable                                                        
20011000  data_array1                                                          
20011800  data_array2                                                          
20012000  data_array3                                                          
20012800  data_array4                                                          
20013000  ti_uia_loggers_LoggerStopMode_Instance_State_0_packetArray__A        
20013800  data_proc0                                                           
20013c00  data_proc1                                                           
20014000  data_proc10                                                          
20014400  data_proc11                                                          
20014800  data_proc12                                                          
20014c00  data_proc13                                                          
20015000  data_proc14                                                          
20015400  data_proc15                                                          
20015800  data_proc2                                                           
20015c00  data_proc3                                                           
20016000  data_proc4                                                           
20016400  data_proc5                                                           
20016800  data_proc6                                                           
20016c00  data_proc7                                                           
20017000  data_proc8                                                           
20017400  data_proc9                                                           
20017800  ti_uia_loggers_LoggerStopMode_Instance_State_1_packetArray__A        
20017c00  wave1                                                                
20018000  wave2                                                                
20018400  ti_sysbios_family_arm_m3_Hwi_dispatchTable                           
20018760  data_proc0_mag                                                       
20018960  data_proc10_mag                                                      
20018b60  data_proc11_mag                                                      
20018d60  data_proc12_mag                                                      
20018f60  data_proc13_mag                                                      
20019160  data_proc14_mag                                                      
20019360  data_proc15_mag                                                      
20019560  data_proc1_mag                                                       
20019760  data_proc2_mag                                                       
20019960  data_proc3_mag                                                       
20019b60  data_proc4_mag                                                       
20019d60  data_proc5_mag                                                       
20019f60  data_proc6_mag                                                       
2001a160  data_proc7_mag                                                       
2001a360  data_proc8_mag                                                       
2001a560  data_proc9_mag                                                       
2001a760  __CIOBUF_                                                            
2001a980  tcps                                                                 
2001ac9c  xdc_runtime_SysMin_Module_State_0_outbuf__A                          
2001ad1c  ips                                                                  
2001ad84  nimu_mcb                                                             
2001ade8  _ICMPOut                                                             
2001ae74  tpseudo                                                              
2001ae80  ti_uia_loggers_LoggerStopMode_Instance_State_0_hdr__A                
2001aeb0  vlan_mcb                                                             
2001af00  ti_uia_loggers_LoggerStopMode_Instance_State_1_hdr__A                
2001af30  udps                                                                 
2001af54  BlockCount                                                           
2001af80  ti_uia_loggers_LoggerStopMode_Instance_State_2_hdr__A                
2001afb0  BlockMax                                                             
2001afcc  PageCount                                                            
2001afe8  PageMax                                                              
2001b004  stkEvent                                                             
2001b030  raweths                                                              
2001b040  raws                                                                 
2001b050  upseudo                                                              
2001b05c  emacObjects                                                          
2001b064  ti_sysbios_knl_Task_Instance_State_0_hookEnv__A                      
2001b06c  ti_sysbios_knl_Task_Instance_State_1_hookEnv__A                      
2001b074  ti_sysbios_knl_Task_Instance_State_2_hookEnv__A                      
2001b07c  ti_sysbios_knl_Task_Instance_State_3_hookEnv__A                      
2001b084  ti_sysbios_knl_Task_Instance_State_4_hookEnv__A                      
2001b0ac  _IGMPInDiscard                                                       
2001b0b0  _IGMPInQuery                                                         
2001b0b4  _IGMPInQueryGroup                                                    
2001b0b8  _IGMPInResponse                                                      
2001b0bc  _IGMPOutResponse                                                     
2001b0c0  g_ulStatus                                                           
2001b0d4  raweth_pcb                                                           
2001b0d8  ti_sysbios_family_arm_m3_Hwi_Instance_State_0_hookEnv__A             
2001b0dc  ti_sysbios_family_arm_m3_Hwi_Instance_State_1_hookEnv__A             
2001b0e0  ti_sysbios_family_arm_m3_Hwi_Instance_State_2_hookEnv__A             
2001b0e4  ti_sysbios_family_arm_m3_Hwi_Instance_State_3_hookEnv__A             
2001b0e8  ti_sysbios_knl_Swi_Instance_State_0_hookEnv__A                       
2001b0ec  ti_sysbios_knl_Task_Object__table__V                                 
2001b27c  _ipcfg                                                               
2001b330  ti_uia_loggers_LoggerStopMode_Object__table__V                       
2001b3cc  ti_sysbios_utils_Load_Module__state__V                               
2001b464  ti_sysbios_utils_Load_Module_State_0_taskEnv__A                      
2001b4f0  ti_sysbios_family_arm_lm4_Timer_Object__table__V                     
2001b570  ti_sysbios_knl_Swi_Module_State_0_readyQ__A                          
2001b5f0  ti_sysbios_knl_Task_Module_State_0_readyQ__A                         
2001b670  ti_sysbios_knl_Semaphore_Object__table__V                            
2001b6e8  ti_sysbios_family_arm_m3_Hwi_Object__table__V                        
2001b748  ui32Ignore                                                           
2001b74c  rms0                                                                 
2001b750  rms1                                                                 
2001b754  rms2                                                                 
2001b758  rms3                                                                 
2001b75c  rms4                                                                 
2001b760  rms5                                                                 
2001b764  rms6                                                                 
2001b768  rms7                                                                 
2001b76c  rms8                                                                 
2001b770  rms9                                                                 
2001b774  rms10                                                                
2001b778  rms11                                                                
2001b77c  rms12                                                                
2001b780  rms13                                                                
2001b784  rms14                                                                
2001b788  rms15                                                                
2001b78c  buffer                                                               
2001b790  uDMATransferCount                                                    
2001b794  uDMATransferCount2                                                   
2001b7e6  ti_sysbios_family_arm_m3_Hwi_Module_State_0_excActive__A             
2001b7e8  ti_sysbios_knl_Task_Module__state__V                                 
2001b8ac  ti_sysbios_family_arm_lm4_Timer_Module_State_0_device__A             
2001b8ec  ti_sysbios_gates_GateMutex_Object__table__V                          
2001b958  ti_sysbios_family_arm_m3_Hwi_Module__state__V                        
2001b98c  enablePrefetch                                                       
2001b990  phyCounter                                                           
2001b9be  xdc_runtime_Error_Module__state__V                                   
2001b9f0  ti_sysbios_knl_Swi_Object__table__V                                  
2001ba20  ti_sysbios_knl_Clock_Module__state__V                                
2001ba4c  pstrMsgName                                                          
2001ba74  _oscfg                                                               
2001ba98  PITCount                                                             
2001ba9c  PITUsed                                                              
2001baa0  PITHigh                                                              
2001babc  ti_sysbios_BIOS_Module__state__V                                     
2001bae0  ti_sysbios_family_arm_lm4_Timer_Module_State_0_handles__A            
2001bb00  gpioPinConfigs                                                       
2001bb38  ti_ndk_config_Global_Id2Size                                         
2001bb54  ti_sysbios_knl_Swi_Module__state__V                                  
2001bb70  ti_ndk_config_Global_HostName                                        
2001bb74  LocalIPAddr                                                          
2001bb78  LocalIPMask                                                          
2001bb7c  GatewayIP                                                            
2001bb80  DomainName                                                           
2001bb84  __xdc__init__addr                                                    
2001bbb8  ti_sysbios_heaps_HeapMem_Object__table__V                            
2001bbec  _IGMPForceVersion1                                                   
2001bbf4  __TI_cleanup_ptr                                                     
2001bbf8  __TI_dtors_ptr                                                       
2001bbfc  __TI_enable_exit_profile_output                                      
2001bc00  ti_sysbios_family_arm_lm4_Timer_Module__state__V                     
2001bc0c  ti_sysbios_knl_Task_Module__root__V                                  
2001bc18  ti_uia_runtime_QueueDescriptor_Module__state__V                      
2001bc24  xdc_runtime_SysMin_Module__state__V                                  
2001bc3c  _lock                                                                
2001bc40  _unlock                                                              
2001bc44  NIMUDeviceTable                                                      
2001bc4c  gpioCallbackFunctions                                                
2001bc64  _ICMPInErrors                                                        
2001bc68  _ICMPOutErrors                                                       
2001bc6c  _IPExecuting                                                         
2001bc84  tcp_iss                                                              
2001bc88  ptTimeFirst                                                          
2001bc94  ti_uia_runtime_QueueDescriptor_gPtrToFirstDescriptor                 
2001bc98  ti_uia_runtime_QueueDescriptor_gUpdateCount                          
2001bc9c  ti_sysbios_family_arm_lm4_TimestampProvider_Module__state__V         
2001bca4  ti_sysbios_family_arm_m3_Hwi_Module__root__V                         
2001bcac  ti_sysbios_gates_GateHwi_Module__root__V                             
2001bcb4  ti_sysbios_gates_GateMutex_Module__root__V                           
2001bcbc  ti_sysbios_heaps_HeapMem_Module__root__V                             
2001bcc4  ti_sysbios_knl_Clock_Module__root__V                                 
2001bccc  ti_sysbios_knl_Queue_Module__root__V                                 
2001bcd4  ti_sysbios_knl_Semaphore_Module__root__V                             
2001bcdc  ti_sysbios_knl_Swi_Module__root__V                                   
2001bce4  ti_uia_loggers_LoggerStopMode_Module__root__V                        
2001bcec  xdc_runtime_Registry_Module__state__V                                
2001bcf4  xdc_runtime_Startup_Module__state__V                                 
2001bcfc  xdc_runtime_System_Module_State_0_atexitHandlers__A                  
2001bd04  xdc_runtime_System_Module__state__V                                  
2001bd0c  macAddress                                                           
2001bd1e  xdc_runtime_Main_Module__root__V                                     
2001bd2c  errno                                                                
2001bd30  main_func_sp                                                         
2001bd38  _IPReasmPtr                                                          
2001bd48  ti_sysbios_family_arm_m3_Hwi_Module_State_0_excContext__A            
2001bd4c  ti_sysbios_family_arm_m3_Hwi_Module_State_0_excStack__A              
2001bd50  ti_sysbios_gates_GateHwi_Object__table__V                            
2001bd54  ti_sysbios_knl_Task_Module_State_0_idleTask__A                       
2001bd58  ti_sysbios_utils_Load_Module_State_0_runningTask__A                  
2001bd5c  ti_sysbios_utils_Load_Module_State_0_taskStartTime__A                
2001bd60  xdc_runtime_Memory_Module__state__V                                  
2001bd64  __stack                                                              
2001c064  __STACK_END                                                          
e000e000  ti_sysbios_family_arm_m3_Hwi_nvic                                    
ffffffff  __TI_pprof_out_hndl                                                  
ffffffff  __TI_prof_data_size                                                  
ffffffff  __TI_prof_data_start                                                 
ffffffff  __binit__                                                            
ffffffff  __c_args__                                                           
ffffffff  binit                                                                
UNDEFED   SHT$$INIT_ARRAY$$Base                                                
UNDEFED   SHT$$INIT_ARRAY$$Limit                                               

[1344 symbols]
