******************************************************************************
                  TI ARM Linker PC v15.12.1                    
******************************************************************************
>> Linked Sun Aug 07 23:08:40 2016

OUTPUT FILE NAME:   <ADC_2CH.out>
ENTRY POINT SYMBOL: "_c_int00"  address: 0001d901


MEMORY CONFIGURATION

         name            origin    length      used     unused   attr    fill
----------------------  --------  ---------  --------  --------  ----  --------
  FLASH                 00000000   00100000  0001fb90  000e0470  R  X
  SRAM                  20000000   00040000  0000573c  0003a8c4  RW X


SEGMENT ALLOCATION MAP

run origin  load origin   length   init length attrs members
----------  ----------- ---------- ----------- ----- -------
00000000    00000000    0001fb9c   0001fb9c    r-x
  00000000    00000000    0000003c   0000003c    r-- .resetVecs
  0000003c    0000003c    00016166   00016166    r-- .const
  000161a8    000161a8    000094c2   000094c2    r-x .text
  0001f670    0001f670    0000052c   0000052c    r-- .cinit
20000000    20000000    00000360   00000000    rw-
  20000000    20000000    00000360   00000000    rw- .vecs
20000400    20000400    000053dc   00000000    rw-
  20000400    20000400    00004930   00000000    rw- .bss
  20004d30    20004d30    000007ac   00000000    rw- .data
  200054dc    200054dc    00000300   00000000    rw- .stack


SECTION ALLOCATION MAP

 output                                  attributes/
section   page    origin      length       input sections
--------  ----  ----------  ----------   ----------------
.const     0    0000003c    00016166     
                  0000003c    00004000     dsplib-cm4f.lib : arm_common_tables.obj (.const:twiddleCoef_2048)
                  0000403c    00004000                     : arm_common_tables.obj (.const:twiddleCoef_rfft_4096)
                  0000803c    000020b9     RTOS_config_pem4f.oem4f (.const:xdc_runtime_Text_charTab__A)
                  0000a0f5    00000001     RTOS_config_pem4f.oem4f (.const:xdc_runtime_Error_policy__C)
                  0000a0f6    00000002     RTOS_config_pem4f.oem4f (.const:ti_catalog_arm_cortexm4_tiva_ce_Boot_Module__id__C)
                  0000a0f8    00002000     dsplib-cm4f.lib : arm_common_tables.obj (.const:twiddleCoef_1024)
                  0000c0f8    00002000                     : arm_common_tables.obj (.const:twiddleCoef_rfft_2048)
                  0000e0f8    00001dc0                     : arm_common_tables.obj (.const:armBitRevIndexTable2048)
                  0000feb8    00001000                     : arm_common_tables.obj (.const:twiddleCoef_512)
                  00010eb8    00001000                     : arm_common_tables.obj (.const:twiddleCoef_rfft_1024)
                  00011eb8    00000e10                     : arm_common_tables.obj (.const:armBitRevIndexTable1024)
                  00012cc8    00000800                     : arm_common_tables.obj (.const:twiddleCoef_256)
                  000134c8    00000800                     : arm_common_tables.obj (.const:twiddleCoef_rfft_512)
                  00013cc8    00000400                     : arm_common_tables.obj (.const:twiddleCoef_128)
                  000140c8    00000400                     : arm_common_tables.obj (.const:twiddleCoef_rfft_256)
                  000144c8    00000380                     : arm_common_tables.obj (.const:armBitRevIndexTable512)
                  00014848    00000370                     : arm_common_tables.obj (.const:armBitRevIndexTable256)
                  00014bb8    00000200                     : arm_common_tables.obj (.const:twiddleCoef_64)
                  00014db8    00000200                     : arm_common_tables.obj (.const:twiddleCoef_rfft_128)
                  00014fb8    000001a0                     : arm_common_tables.obj (.const:armBitRevIndexTable128)
                  00015158    00000120     Boot.aem4f : Boot_sysctl.oem4f (.const:g_pppui32XTALtoVCO)
                  00015278    00000120     driverlib.lib : sysctl.obj (.const:g_pppui32XTALtoVCO)
                  00015398    00000108     RTOS_config_pem4f.oem4f (.const:xdc_runtime_Text_nodeTab__A)
                  000154a0    00000100     dsplib-cm4f.lib : arm_common_tables.obj (.const:twiddleCoef_32)
                  000155a0    00000100                     : arm_common_tables.obj (.const:twiddleCoef_rfft_64)
                  000156a0    00000080                     : arm_common_tables.obj (.const:twiddleCoef_16)
                  00015720    00000080                     : arm_common_tables.obj (.const:twiddleCoef_rfft_32)
                  000157a0    00000070                     : arm_common_tables.obj (.const:armBitRevIndexTable64)
                  00015810    00000070     driverlib.lib : interrupt.obj (.const)
                  00015880    0000006c     Boot.aem4f : Boot_sysctl.oem4f (.const:g_pui32Xtals)
                  000158ec    0000006c     driverlib.lib : sysctl.obj (.const:g_pui32Xtals)
                  00015958    00000060     dsplib-cm4f.lib : arm_common_tables.obj (.const:armBitRevIndexTable32)
                  000159b8    00000060     RTOS_config_pem4f.oem4f (.const:ti_uia_loggers_LoggerStopMode_Module__FXNS__C)
                  00015a18    00000054     drivers_tivaware.aem4f : GPIOTiva.oem4f (.const:.string)
                  00015a6c    00000048     RTOS_config_pem4f.oem4f (.const:.string)
                  00015ab4    00000048     drivers_tivaware.aem4f : GPIOTiva.oem4f (.const:gpioBaseAddresses)
                  00015afc    00000030     Boot.aem4f : Boot_sysctl.oem4f (.const:g_sXTALtoMEMTIM)
                  00015b2c    00000030     driverlib.lib : sysctl.obj (.const:g_sXTALtoMEMTIM)
                  00015b5c    00000030     RTOS_config_pem4f.oem4f (.const:ti_sysbios_family_arm_m3_Hwi_Object__PARAMS__C)
                  00015b8c    00000028     dsplib-cm4f.lib : arm_common_tables.obj (.const:armBitRevIndexTable16)
                  00015bb4    00000028     RTOS_config_pem4f.oem4f (.const:ti_sysbios_heaps_HeapMem_Module__FXNS__C)
                  00015bdc    00000028     RTOS_config_pem4f.oem4f (.const:ti_uia_loggers_LoggerStopMode_Object__PARAMS__C)
                  00015c04    00000028     RTOS_config_pem4f.oem4f (.const:xdc_runtime_Startup_sfxnTab__A)
                  00015c2c    00000024     RTOS_config_pem4f.oem4f (.const:ti_sysbios_gates_GateHwi_Module__FXNS__C)
                  00015c50    00000024     RTOS_config_pem4f.oem4f (.const:ti_sysbios_gates_GateMutex_Module__FXNS__C)
                  00015c74    00000024     RTOS_config_pem4f.oem4f (.const:ti_sysbios_heaps_HeapMem_Object__PARAMS__C)
                  00015c98    00000024     RTOS_config_pem4f.oem4f (.const:ti_sysbios_knl_Semaphore_Object__PARAMS__C)
                  00015cbc    00000020     RTOS_config_pem4f.oem4f (.const:ti_sysbios_family_arm_m3_Hwi_Object__DESC__C)
                  00015cdc    00000020     RTOS_config_pem4f.oem4f (.const:ti_sysbios_gates_GateHwi_Object__DESC__C)
                  00015cfc    00000020     RTOS_config_pem4f.oem4f (.const:ti_sysbios_gates_GateMutex_Object__DESC__C)
                  00015d1c    00000020     RTOS_config_pem4f.oem4f (.const:ti_sysbios_heaps_HeapMem_Object__DESC__C)
                  00015d3c    00000020     RTOS_config_pem4f.oem4f (.const:ti_sysbios_knl_Queue_Object__DESC__C)
                  00015d5c    00000020     RTOS_config_pem4f.oem4f (.const:ti_sysbios_knl_Semaphore_Object__DESC__C)
                  00015d7c    00000020     RTOS_config_pem4f.oem4f (.const:ti_uia_loggers_LoggerStopMode_Object__DESC__C)
                  00015d9c    00000018     RTOS_config_pem4f.oem4f (.const)
                  00015db4    00000018     RTOS_config_pem4f.oem4f (.const:ti_sysbios_gates_GateHwi_Object__PARAMS__C)
                  00015dcc    00000018     RTOS_config_pem4f.oem4f (.const:ti_sysbios_gates_GateMutex_Object__PARAMS__C)
                  00015de4    00000018     RTOS_config_pem4f.oem4f (.const:ti_sysbios_knl_Queue_Object__PARAMS__C)
                  00015dfc    00000018     RTOS_config_pem4f.oem4f (.const:ti_sysbios_knl_Swi_hooks__A)
                  00015e14    00000018     RTOS_config_pem4f.oem4f (.const:ti_sysbios_knl_Task_hooks__A)
                  00015e2c    00000014     EK_TM4C1294XL.obj (.const:GPIOTiva_config)
                  00015e40    00000014     RTOS_config_pem4f.oem4f (.const:ti_sysbios_family_arm_m3_Hwi_hooks__A)
                  00015e54    00000014     RTOS_config_pem4f.oem4f (.const:xdc_runtime_Startup_firstFxns__A)
                  00015e68    00000014     RTOS_config_pem4f.oem4f (.const:xdc_runtime_Startup_sfxnRts__A)
                  00015e7c    0000000c     RTOS_config_pem4f.oem4f (.const:ti_sysbios_knl_Idle_funcList__A)
                  00015e88    00000008     Boot.aem4f : Boot_sysctl.oem4f (.const)
                  00015e90    00000008     driverlib.lib : sysctl.obj (.const)
                  00015e98    00000008     RTOS_config_pem4f.oem4f (.const:ti_sysbios_family_arm_m3_Hwi_excHookFuncs__A)
                  00015ea0    00000008     RTOS_config_pem4f.oem4f (.const:ti_sysbios_family_arm_m3_Hwi_hooks__C)
                  00015ea8    00000008     RTOS_config_pem4f.oem4f (.const:ti_sysbios_knl_Idle_funcList__C)
                  00015eb0    00000008     RTOS_config_pem4f.oem4f (.const:ti_sysbios_knl_Swi_hooks__C)
                  00015eb8    00000008     RTOS_config_pem4f.oem4f (.const:ti_sysbios_knl_Task_hooks__C)
                  00015ec0    00000008     RTOS_config_pem4f.oem4f (.const:xdc_runtime_Startup_firstFxns__C)
                  00015ec8    00000008     RTOS_config_pem4f.oem4f (.const:xdc_runtime_Startup_lastFxns__C)
                  00015ed0    00000004     RTOS_config_pem4f.oem4f (.const:ti_catalog_arm_cortexm4_tiva_ce_Boot_A_mustNotUseEnhancedClockMode__C)
                  00015ed4    00000004     RTOS_config_pem4f.oem4f (.const:ti_catalog_arm_cortexm4_tiva_ce_Boot_Module__diagsEnabled__C)
                  00015ed8    00000004     RTOS_config_pem4f.oem4f (.const:ti_catalog_arm_cortexm4_tiva_ce_Boot_Module__diagsIncluded__C)
                  00015edc    00000004     RTOS_config_pem4f.oem4f (.const:ti_catalog_arm_cortexm4_tiva_ce_Boot_Module__diagsMask__C)
                  00015ee0    00000004     RTOS_config_pem4f.oem4f (.const:ti_sysbios_family_arm_lm4_Timer_enableFunc__C)
                  00015ee4    00000004     RTOS_config_pem4f.oem4f (.const:ti_sysbios_family_arm_lm4_Timer_numTimerDevices__C)
                  00015ee8    00000004     RTOS_config_pem4f.oem4f (.const:ti_sysbios_family_arm_lm4_Timer_startupNeeded__C)
                  00015eec    00000004     RTOS_config_pem4f.oem4f (.const:ti_sysbios_family_arm_m3_Hwi_E_NMI__C)
                  00015ef0    00000004     RTOS_config_pem4f.oem4f (.const:ti_sysbios_family_arm_m3_Hwi_E_alreadyDefined__C)
                  00015ef4    00000004     RTOS_config_pem4f.oem4f (.const:ti_sysbios_family_arm_m3_Hwi_E_busFault__C)
                  00015ef8    00000004     RTOS_config_pem4f.oem4f (.const:ti_sysbios_family_arm_m3_Hwi_E_debugMon__C)
                  00015efc    00000004     RTOS_config_pem4f.oem4f (.const:ti_sysbios_family_arm_m3_Hwi_E_hardFault__C)
                  00015f00    00000004     RTOS_config_pem4f.oem4f (.const:ti_sysbios_family_arm_m3_Hwi_E_memFault__C)
                  00015f04    00000004     RTOS_config_pem4f.oem4f (.const:ti_sysbios_family_arm_m3_Hwi_E_noIsr__C)
                  00015f08    00000004     RTOS_config_pem4f.oem4f (.const:ti_sysbios_family_arm_m3_Hwi_E_reserved__C)
                  00015f0c    00000004     RTOS_config_pem4f.oem4f (.const:ti_sysbios_family_arm_m3_Hwi_E_svCall__C)
                  00015f10    00000004     RTOS_config_pem4f.oem4f (.const:ti_sysbios_family_arm_m3_Hwi_E_usageFault__C)
                  00015f14    00000004     RTOS_config_pem4f.oem4f (.const:ti_sysbios_family_arm_m3_Hwi_LD_end__C)
                  00015f18    00000004     RTOS_config_pem4f.oem4f (.const:ti_sysbios_family_arm_m3_Hwi_LM_begin__C)
                  00015f1c    00000004     RTOS_config_pem4f.oem4f (.const:ti_sysbios_family_arm_m3_Hwi_Module__diagsEnabled__C)
                  00015f20    00000004     RTOS_config_pem4f.oem4f (.const:ti_sysbios_family_arm_m3_Hwi_Module__diagsIncluded__C)
                  00015f24    00000004     RTOS_config_pem4f.oem4f (.const:ti_sysbios_family_arm_m3_Hwi_Module__diagsMask__C)
                  00015f28    00000004     RTOS_config_pem4f.oem4f (.const:ti_sysbios_family_arm_m3_Hwi_Module__loggerFxn1__C)
                  00015f2c    00000004     RTOS_config_pem4f.oem4f (.const:ti_sysbios_family_arm_m3_Hwi_Module__loggerFxn8__C)
                  00015f30    00000004     RTOS_config_pem4f.oem4f (.const:ti_sysbios_family_arm_m3_Hwi_Module__loggerObj__C)
                  00015f34    00000004     RTOS_config_pem4f.oem4f (.const:ti_sysbios_family_arm_m3_Hwi_NUM_INTERRUPTS__C)
                  00015f38    00000004     RTOS_config_pem4f.oem4f (.const:ti_sysbios_family_arm_m3_Hwi_Object__count__C)
                  00015f3c    00000004     RTOS_config_pem4f.oem4f (.const:ti_sysbios_family_arm_m3_Hwi_Object__heap__C)
                  00015f40    00000004     RTOS_config_pem4f.oem4f (.const:ti_sysbios_family_arm_m3_Hwi_ccr__C)
                  00015f44    00000004     RTOS_config_pem4f.oem4f (.const:ti_sysbios_family_arm_m3_Hwi_excHandlerFunc__C)
                  00015f48    00000004     RTOS_config_pem4f.oem4f (.const:ti_sysbios_family_arm_m3_Hwi_excHookFuncs__C)
                  00015f4c    00000004     RTOS_config_pem4f.oem4f (.const:ti_sysbios_family_arm_m3_Hwi_nullIsrFunc__C)
                  00015f50    00000004     RTOS_config_pem4f.oem4f (.const:ti_sysbios_family_arm_m3_Hwi_priGroup__C)
                  00015f54    00000004     RTOS_config_pem4f.oem4f (.const:ti_sysbios_gates_GateMutex_A_badContext__C)
                  00015f58    00000004     RTOS_config_pem4f.oem4f (.const:ti_sysbios_gates_GateMutex_Instance_State_sem__O)
                  00015f5c    00000004     RTOS_config_pem4f.oem4f (.const:ti_sysbios_gates_GateMutex_Module__diagsEnabled__C)
                  00015f60    00000004     RTOS_config_pem4f.oem4f (.const:ti_sysbios_gates_GateMutex_Module__diagsIncluded__C)
                  00015f64    00000004     RTOS_config_pem4f.oem4f (.const:ti_sysbios_gates_GateMutex_Module__diagsMask__C)
                  00015f68    00000004     RTOS_config_pem4f.oem4f (.const:ti_sysbios_hal_Hwi_E_stackOverflow__C)
                  00015f6c    00000004     RTOS_config_pem4f.oem4f (.const:ti_sysbios_heaps_HeapMem_A_align__C)
                  00015f70    00000004     RTOS_config_pem4f.oem4f (.const:ti_sysbios_heaps_HeapMem_A_heapSize__C)
                  00015f74    00000004     RTOS_config_pem4f.oem4f (.const:ti_sysbios_heaps_HeapMem_A_invalidFree__C)
                  00015f78    00000004     RTOS_config_pem4f.oem4f (.const:ti_sysbios_heaps_HeapMem_A_zeroBlock__C)
                  00015f7c    00000004     RTOS_config_pem4f.oem4f (.const:ti_sysbios_heaps_HeapMem_E_memory__C)
                  00015f80    00000004     RTOS_config_pem4f.oem4f (.const:ti_sysbios_heaps_HeapMem_Module__diagsEnabled__C)
                  00015f84    00000004     RTOS_config_pem4f.oem4f (.const:ti_sysbios_heaps_HeapMem_Module__diagsIncluded__C)
                  00015f88    00000004     RTOS_config_pem4f.oem4f (.const:ti_sysbios_heaps_HeapMem_Module__diagsMask__C)
                  00015f8c    00000004     RTOS_config_pem4f.oem4f (.const:ti_sysbios_heaps_HeapMem_Module__gateObj__C)
                  00015f90    00000004     RTOS_config_pem4f.oem4f (.const:ti_sysbios_heaps_HeapMem_Object__count__C)
                  00015f94    00000004     RTOS_config_pem4f.oem4f (.const:ti_sysbios_heaps_HeapMem_reqAlign__C)
                  00015f98    00000004     RTOS_config_pem4f.oem4f (.const:ti_sysbios_knl_Clock_LM_begin__C)
                  00015f9c    00000004     RTOS_config_pem4f.oem4f (.const:ti_sysbios_knl_Clock_LM_tick__C)
                  00015fa0    00000004     RTOS_config_pem4f.oem4f (.const:ti_sysbios_knl_Clock_LW_delayed__C)
                  00015fa4    00000004     RTOS_config_pem4f.oem4f (.const:ti_sysbios_knl_Clock_Module_State_clockQ__O)
                  00015fa8    00000004     RTOS_config_pem4f.oem4f (.const:ti_sysbios_knl_Clock_Module__diagsEnabled__C)
                  00015fac    00000004     RTOS_config_pem4f.oem4f (.const:ti_sysbios_knl_Clock_Module__diagsIncluded__C)
                  00015fb0    00000004     RTOS_config_pem4f.oem4f (.const:ti_sysbios_knl_Clock_Module__diagsMask__C)
                  00015fb4    00000004     RTOS_config_pem4f.oem4f (.const:ti_sysbios_knl_Clock_Module__loggerFxn1__C)
                  00015fb8    00000004     RTOS_config_pem4f.oem4f (.const:ti_sysbios_knl_Clock_Module__loggerFxn2__C)
                  00015fbc    00000004     RTOS_config_pem4f.oem4f (.const:ti_sysbios_knl_Clock_Module__loggerObj__C)
                  00015fc0    00000004     RTOS_config_pem4f.oem4f (.const:ti_sysbios_knl_Semaphore_A_badContext__C)
                  00015fc4    00000004     RTOS_config_pem4f.oem4f (.const:ti_sysbios_knl_Semaphore_A_noEvents__C)
                  00015fc8    00000004     RTOS_config_pem4f.oem4f (.const:ti_sysbios_knl_Semaphore_A_overflow__C)
                  00015fcc    00000004     RTOS_config_pem4f.oem4f (.const:ti_sysbios_knl_Semaphore_A_pendTaskDisabled__C)
                  00015fd0    00000004     RTOS_config_pem4f.oem4f (.const:ti_sysbios_knl_Semaphore_Instance_State_pendQ__O)
                  00015fd4    00000004     RTOS_config_pem4f.oem4f (.const:ti_sysbios_knl_Semaphore_LM_pend__C)
                  00015fd8    00000004     RTOS_config_pem4f.oem4f (.const:ti_sysbios_knl_Semaphore_LM_post__C)
                  00015fdc    00000004     RTOS_config_pem4f.oem4f (.const:ti_sysbios_knl_Semaphore_Module__diagsEnabled__C)
                  00015fe0    00000004     RTOS_config_pem4f.oem4f (.const:ti_sysbios_knl_Semaphore_Module__diagsIncluded__C)
                  00015fe4    00000004     RTOS_config_pem4f.oem4f (.const:ti_sysbios_knl_Semaphore_Module__diagsMask__C)
                  00015fe8    00000004     RTOS_config_pem4f.oem4f (.const:ti_sysbios_knl_Semaphore_Module__loggerFxn2__C)
                  00015fec    00000004     RTOS_config_pem4f.oem4f (.const:ti_sysbios_knl_Semaphore_Module__loggerFxn4__C)
                  00015ff0    00000004     RTOS_config_pem4f.oem4f (.const:ti_sysbios_knl_Semaphore_Module__loggerObj__C)
                  00015ff4    00000004     RTOS_config_pem4f.oem4f (.const:ti_sysbios_knl_Swi_LD_end__C)
                  00015ff8    00000004     RTOS_config_pem4f.oem4f (.const:ti_sysbios_knl_Swi_LM_begin__C)
                  00015ffc    00000004     RTOS_config_pem4f.oem4f (.const:ti_sysbios_knl_Swi_LM_post__C)
                  00016000    00000004     RTOS_config_pem4f.oem4f (.const:ti_sysbios_knl_Swi_Module__diagsEnabled__C)
                  00016004    00000004     RTOS_config_pem4f.oem4f (.const:ti_sysbios_knl_Swi_Module__diagsIncluded__C)
                  00016008    00000004     RTOS_config_pem4f.oem4f (.const:ti_sysbios_knl_Swi_Module__diagsMask__C)
                  0001600c    00000004     RTOS_config_pem4f.oem4f (.const:ti_sysbios_knl_Swi_Module__loggerFxn1__C)
                  00016010    00000004     RTOS_config_pem4f.oem4f (.const:ti_sysbios_knl_Swi_Module__loggerFxn4__C)
                  00016014    00000004     RTOS_config_pem4f.oem4f (.const:ti_sysbios_knl_Swi_Module__loggerObj__C)
                  00016018    00000004     RTOS_config_pem4f.oem4f (.const:ti_sysbios_knl_Swi_Object__count__C)
                  0001601c    00000004     RTOS_config_pem4f.oem4f (.const:ti_sysbios_knl_Swi_numConstructedSwis__C)
                  00016020    00000004     RTOS_config_pem4f.oem4f (.const:ti_sysbios_knl_Task_E_spOutOfBounds__C)
                  00016024    00000004     RTOS_config_pem4f.oem4f (.const:ti_sysbios_knl_Task_E_stackOverflow__C)
                  00016028    00000004     RTOS_config_pem4f.oem4f (.const:ti_sysbios_knl_Task_LD_block__C)
                  0001602c    00000004     RTOS_config_pem4f.oem4f (.const:ti_sysbios_knl_Task_LD_exit__C)
                  00016030    00000004     RTOS_config_pem4f.oem4f (.const:ti_sysbios_knl_Task_LD_ready__C)
                  00016034    00000004     RTOS_config_pem4f.oem4f (.const:ti_sysbios_knl_Task_LM_switch__C)
                  00016038    00000004     RTOS_config_pem4f.oem4f (.const:ti_sysbios_knl_Task_Module_State_inactiveQ__O)
                  0001603c    00000004     RTOS_config_pem4f.oem4f (.const:ti_sysbios_knl_Task_Module__diagsEnabled__C)
                  00016040    00000004     RTOS_config_pem4f.oem4f (.const:ti_sysbios_knl_Task_Module__diagsIncluded__C)
                  00016044    00000004     RTOS_config_pem4f.oem4f (.const:ti_sysbios_knl_Task_Module__diagsMask__C)
                  00016048    00000004     RTOS_config_pem4f.oem4f (.const:ti_sysbios_knl_Task_Module__loggerFxn2__C)
                  0001604c    00000004     RTOS_config_pem4f.oem4f (.const:ti_sysbios_knl_Task_Module__loggerFxn4__C)
                  00016050    00000004     RTOS_config_pem4f.oem4f (.const:ti_sysbios_knl_Task_Module__loggerObj__C)
                  00016054    00000004     RTOS_config_pem4f.oem4f (.const:ti_sysbios_knl_Task_Object__count__C)
                  00016058    00000004     RTOS_config_pem4f.oem4f (.const:ti_sysbios_knl_Task_Object__heap__C)
                  0001605c    00000004     RTOS_config_pem4f.oem4f (.const:ti_sysbios_knl_Task_allBlockedFunc__C)
                  00016060    00000004     RTOS_config_pem4f.oem4f (.const:ti_sysbios_knl_Task_numConstructedTasks__C)
                  00016064    00000004     RTOS_config_pem4f.oem4f (.const:ti_sysbios_utils_Load_LS_cpuLoad__C)
                  00016068    00000004     RTOS_config_pem4f.oem4f (.const:ti_sysbios_utils_Load_LS_hwiLoad__C)
                  0001606c    00000004     RTOS_config_pem4f.oem4f (.const:ti_sysbios_utils_Load_LS_swiLoad__C)
                  00016070    00000004     RTOS_config_pem4f.oem4f (.const:ti_sysbios_utils_Load_LS_taskLoad__C)
                  00016074    00000004     RTOS_config_pem4f.oem4f (.const:ti_sysbios_utils_Load_Module_State_taskList__O)
                  00016078    00000004     RTOS_config_pem4f.oem4f (.const:ti_sysbios_utils_Load_Module__diagsEnabled__C)
                  0001607c    00000004     RTOS_config_pem4f.oem4f (.const:ti_sysbios_utils_Load_Module__diagsIncluded__C)
                  00016080    00000004     RTOS_config_pem4f.oem4f (.const:ti_sysbios_utils_Load_Module__diagsMask__C)
                  00016084    00000004     RTOS_config_pem4f.oem4f (.const:ti_sysbios_utils_Load_Module__loggerFxn1__C)
                  00016088    00000004     RTOS_config_pem4f.oem4f (.const:ti_sysbios_utils_Load_Module__loggerFxn2__C)
                  0001608c    00000004     RTOS_config_pem4f.oem4f (.const:ti_sysbios_utils_Load_Module__loggerFxn4__C)
                  00016090    00000004     RTOS_config_pem4f.oem4f (.const:ti_sysbios_utils_Load_Module__loggerObj__C)
                  00016094    00000004     RTOS_config_pem4f.oem4f (.const:ti_sysbios_utils_Load_postUpdate__C)
                  00016098    00000004     RTOS_config_pem4f.oem4f (.const:ti_sysbios_utils_Load_windowInMs__C)
                  0001609c    00000004     RTOS_config_pem4f.oem4f (.const:ti_uia_loggers_LoggerStopMode_Module__diagsEnabled__C)
                  000160a0    00000004     RTOS_config_pem4f.oem4f (.const:ti_uia_loggers_LoggerStopMode_Module__diagsIncluded__C)
                  000160a4    00000004     RTOS_config_pem4f.oem4f (.const:ti_uia_loggers_LoggerStopMode_Module__diagsMask__C)
                  000160a8    00000004     RTOS_config_pem4f.oem4f (.const:ti_uia_loggers_LoggerStopMode_Object__count__C)
                  000160ac    00000004     RTOS_config_pem4f.oem4f (.const:ti_uia_runtime_ILoggerSnapshot_Interface__BASE__C)
                  000160b0    00000004     RTOS_config_pem4f.oem4f (.const:ti_uia_runtime_IUIATransfer_Interface__BASE__C)
                  000160b4    00000004     RTOS_config_pem4f.oem4f (.const:xdc_runtime_Assert_E_assertFailed__C)
                  000160b8    00000004     RTOS_config_pem4f.oem4f (.const:xdc_runtime_Core_A_initializedParams__C)
                  000160bc    00000004     RTOS_config_pem4f.oem4f (.const:xdc_runtime_Core_Module__diagsEnabled__C)
                  000160c0    00000004     RTOS_config_pem4f.oem4f (.const:xdc_runtime_Core_Module__diagsIncluded__C)
                  000160c4    00000004     RTOS_config_pem4f.oem4f (.const:xdc_runtime_Core_Module__diagsMask__C)
                  000160c8    00000004     RTOS_config_pem4f.oem4f (.const:xdc_runtime_Error_E_memory__C)
                  000160cc    00000004     RTOS_config_pem4f.oem4f (.const:xdc_runtime_Error_Module__diagsEnabled__C)
                  000160d0    00000004     RTOS_config_pem4f.oem4f (.const:xdc_runtime_Error_Module__diagsIncluded__C)
                  000160d4    00000004     RTOS_config_pem4f.oem4f (.const:xdc_runtime_Error_Module__diagsMask__C)
                  000160d8    00000004     RTOS_config_pem4f.oem4f (.const:xdc_runtime_Error_Module__loggerFxn8__C)
                  000160dc    00000004     RTOS_config_pem4f.oem4f (.const:xdc_runtime_Error_Module__loggerObj__C)
                  000160e0    00000004     RTOS_config_pem4f.oem4f (.const:xdc_runtime_Error_policyFxn__C)
                  000160e4    00000004     RTOS_config_pem4f.oem4f (.const:xdc_runtime_Error_raiseHook__C)
                  000160e8    00000004     RTOS_config_pem4f.oem4f (.const:xdc_runtime_IFilterLogger_Interface__BASE__C)
                  000160ec    00000004     RTOS_config_pem4f.oem4f (.const:xdc_runtime_IGateProvider_Interface__BASE__C)
                  000160f0    00000004     RTOS_config_pem4f.oem4f (.const:xdc_runtime_IHeap_Interface__BASE__C)
                  000160f4    00000004     RTOS_config_pem4f.oem4f (.const:xdc_runtime_ILogger_Interface__BASE__C)
                  000160f8    00000004     RTOS_config_pem4f.oem4f (.const:xdc_runtime_IModule_Interface__BASE__C)
                  000160fc    00000004     RTOS_config_pem4f.oem4f (.const:xdc_runtime_Log_L_error__C)
                  00016100    00000004     RTOS_config_pem4f.oem4f (.const:xdc_runtime_Log_L_info__C)
                  00016104    00000004     RTOS_config_pem4f.oem4f (.const:xdc_runtime_Main_Module__diagsEnabled__C)
                  00016108    00000004     RTOS_config_pem4f.oem4f (.const:xdc_runtime_Main_Module__diagsIncluded__C)
                  0001610c    00000004     RTOS_config_pem4f.oem4f (.const:xdc_runtime_Main_Module__diagsMask__C)
                  00016110    00000004     RTOS_config_pem4f.oem4f (.const:xdc_runtime_Main_Module__loggerFxn4__C)
                  00016114    00000004     RTOS_config_pem4f.oem4f (.const:xdc_runtime_Main_Module__loggerObj__C)
                  00016118    00000004     RTOS_config_pem4f.oem4f (.const:xdc_runtime_Memory_defaultHeapInstance__C)
                  0001611c    00000004     RTOS_config_pem4f.oem4f (.const:xdc_runtime_Startup_execImpl__C)
                  00016120    00000004     RTOS_config_pem4f.oem4f (.const:xdc_runtime_Startup_lastFxns__A)
                  00016124    00000004     RTOS_config_pem4f.oem4f (.const:xdc_runtime_Startup_maxPasses__C)
                  00016128    00000004     RTOS_config_pem4f.oem4f (.const:xdc_runtime_Startup_sfxnRts__C)
                  0001612c    00000004     RTOS_config_pem4f.oem4f (.const:xdc_runtime_Startup_sfxnTab__C)
                  00016130    00000004     RTOS_config_pem4f.oem4f (.const:xdc_runtime_SysMin_bufSize__C)
                  00016134    00000004     RTOS_config_pem4f.oem4f (.const:xdc_runtime_SysMin_outputFunc__C)
                  00016138    00000004     RTOS_config_pem4f.oem4f (.const:xdc_runtime_System_Module__gateObj__C)
                  0001613c    00000004     RTOS_config_pem4f.oem4f (.const:xdc_runtime_System_abortFxn__C)
                  00016140    00000004     RTOS_config_pem4f.oem4f (.const:xdc_runtime_System_exitFxn__C)
                  00016144    00000004     RTOS_config_pem4f.oem4f (.const:xdc_runtime_System_extendFxn__C)
                  00016148    00000004     RTOS_config_pem4f.oem4f (.const:xdc_runtime_System_maxAtexitHandlers__C)
                  0001614c    00000004     RTOS_config_pem4f.oem4f (.const:xdc_runtime_Text_charTab__C)
                  00016150    00000004     RTOS_config_pem4f.oem4f (.const:xdc_runtime_Text_nameEmpty__C)
                  00016154    00000004     RTOS_config_pem4f.oem4f (.const:xdc_runtime_Text_nameStatic__C)
                  00016158    00000004     RTOS_config_pem4f.oem4f (.const:xdc_runtime_Text_nameUnknown__C)
                  0001615c    00000004     RTOS_config_pem4f.oem4f (.const:xdc_runtime_Text_nodeTab__C)
                  00016160    00000004     RTOS_config_pem4f.oem4f (.const:xdc_runtime_Text_visitRopeFxn__C)
                  00016164    00000002     RTOS_config_pem4f.oem4f (.const:ti_sysbios_family_arm_lm4_TimestampProvider_useClockTimer__C)
                  00016166    00000002     RTOS_config_pem4f.oem4f (.const:ti_sysbios_family_arm_m3_Hwi_Module__id__C)
                  00016168    00000002     RTOS_config_pem4f.oem4f (.const:ti_sysbios_family_arm_m3_Hwi_Module__loggerDefined__C)
                  0001616a    00000002     RTOS_config_pem4f.oem4f (.const:ti_sysbios_gates_GateMutex_Module__id__C)
                  0001616c    00000002     RTOS_config_pem4f.oem4f (.const:ti_sysbios_hal_Hwi_Module__id__C)
                  0001616e    00000002     RTOS_config_pem4f.oem4f (.const:ti_sysbios_heaps_HeapMem_Module__id__C)
                  00016170    00000002     RTOS_config_pem4f.oem4f (.const:ti_sysbios_knl_Clock_Module__id__C)
                  00016172    00000002     RTOS_config_pem4f.oem4f (.const:ti_sysbios_knl_Clock_Module__loggerDefined__C)
                  00016174    00000002     RTOS_config_pem4f.oem4f (.const:ti_sysbios_knl_Semaphore_Module__id__C)
                  00016176    00000002     RTOS_config_pem4f.oem4f (.const:ti_sysbios_knl_Semaphore_Module__loggerDefined__C)
                  00016178    00000002     RTOS_config_pem4f.oem4f (.const:ti_sysbios_knl_Swi_Module__id__C)
                  0001617a    00000002     RTOS_config_pem4f.oem4f (.const:ti_sysbios_knl_Swi_Module__loggerDefined__C)
                  0001617c    00000002     RTOS_config_pem4f.oem4f (.const:ti_sysbios_knl_Task_Module__id__C)
                  0001617e    00000002     RTOS_config_pem4f.oem4f (.const:ti_sysbios_knl_Task_Module__loggerDefined__C)
                  00016180    00000002     RTOS_config_pem4f.oem4f (.const:ti_sysbios_utils_Load_Module__id__C)
                  00016182    00000002     RTOS_config_pem4f.oem4f (.const:ti_sysbios_utils_Load_Module__loggerDefined__C)
                  00016184    00000002     RTOS_config_pem4f.oem4f (.const:ti_sysbios_utils_Load_autoAddTasks__C)
                  00016186    00000002     RTOS_config_pem4f.oem4f (.const:ti_sysbios_utils_Load_updateInIdle__C)
                  00016188    00000002     RTOS_config_pem4f.oem4f (.const:ti_uia_loggers_LoggerStopMode_Module__id__C)
                  0001618a    00000002     RTOS_config_pem4f.oem4f (.const:ti_uia_loggers_LoggerStopMode_isTimestampEnabled__C)
                  0001618c    00000002     RTOS_config_pem4f.oem4f (.const:xdc_runtime_Core_Module__id__C)
                  0001618e    00000002     RTOS_config_pem4f.oem4f (.const:xdc_runtime_Error_Module__loggerDefined__C)
                  00016190    00000002     RTOS_config_pem4f.oem4f (.const:xdc_runtime_Error_maxDepth__C)
                  00016192    00000002     RTOS_config_pem4f.oem4f (.const:xdc_runtime_Main_Module__id__C)
                  00016194    00000002     RTOS_config_pem4f.oem4f (.const:xdc_runtime_Main_Module__loggerDefined__C)
                  00016196    00000002     RTOS_config_pem4f.oem4f (.const:xdc_runtime_Memory_Module__id__C)
                  00016198    00000002     RTOS_config_pem4f.oem4f (.const:xdc_runtime_SysMin_flushAtExit__C)
                  0001619a    00000002     RTOS_config_pem4f.oem4f (.const:xdc_runtime_Text_charCnt__C)
                  0001619c    00000002     RTOS_config_pem4f.oem4f (.const:xdc_runtime_Text_isLoaded__C)
                  0001619e    00000002     RTOS_config_pem4f.oem4f (.const:xdc_runtime_Text_registryModsLastId__C)
                  000161a0    00000002     RTOS_config_pem4f.oem4f (.const:xdc_runtime_Text_unnamedModsLastId__C)

.text      0    000161a8    000094c2     
                  000161a8    000006cc     dsplib-cm4f.lib : arm_cfft_radix8_f32.obj (.text)
                  00016874    000006b6                     : arm_cfft_f32.obj (.text)
                  00016f2a    00000002     rtsv7M4_T_le_v4SPD16_eabi.lib : i_div0.obj (.text)
                  00016f2c    00000534     main.obj (.text:ADC_Seq0_ISR)
                  00017460    00000430     sysbios.aem4f : BIOS.obj (.text:ti_sysbios_family_arm_m3_Hwi_excDumpRegs__I)
                  00017890    0000034c     ti.targets.arm.rtsarm.aem4f : System.oem4f (.text:xdc_runtime_System_doPrint__I)
                  00017bdc    00000324     rtsv7M4_T_le_v4SPD16_eabi.lib : trgdrv.obj (.text)
                  00017f00    000002e4     sysbios.aem4f : BIOS.obj (.text:ti_sysbios_knl_Semaphore_pend__E)
                  000181e4    00000274     main.obj (.text:RMSCalc_Task)
                  00018458    00000254     sysbios.aem4f : BIOS.obj (.text:ti_sysbios_heaps_HeapMem_free__E)
                  000186ac    00000004     driverlib.lib : adc.obj (.text:ADCIntClearEx)
                  000186b0    00000248     sysbios.aem4f : BIOS.obj (.text:ti_sysbios_heaps_HeapMem_alloc__E)
                  000188f8    00000204     driverlib.lib : sysctl.obj (.text:SysCtlClockFreqSet)
                  00018afc    00000204     Boot.aem4f : Boot_sysctl.oem4f (.text:ti_catalog_arm_cortexm4_tiva_ce_Boot_sysCtlClockFreqSetI__I)
                  00018d00    000001fc     sysbios.aem4f : BIOS.obj (.text:ti_sysbios_family_arm_m3_Hwi_excHandlerMax__I)
                  00018efc    00000004     driverlib.lib : timer.obj (.text:TimerADCEventSet)
                  00018f00    000001bc     sysbios.aem4f : BIOS.obj (.text:ti_sysbios_family_arm_lm4_Timer_start__E)
                  000190bc    00000004     RTOS_config_pem4f.oem4f (.text:ti_sysbios_BIOS_RtsGateProxy_enter__E)
                  000190c0    00000198     sysbios.aem4f : BIOS.obj (.text:ti_sysbios_family_arm_m3_Hwi_dispatchC__I)
                  00019258    0000017c                   : BIOS.obj (.text:ti_sysbios_family_arm_lm4_TimestampProvider_get64__E)
                  000193d4    00000178     dsplib-cm4f.lib : arm_rfft_fast_f32.obj (.text)
                  0001954c    00000004     RTOS_config_pem4f.oem4f (.text:ti_sysbios_BIOS_RtsGateProxy_leave__E)
                  00019550    00000178     sysbios.aem4f : BIOS.obj (.text:ti_sysbios_knl_Swi_run__I)
                  000196c8    00000174                   : BIOS.obj (.text:ti_sysbios_family_arm_m3_Hwi_excBusFault__I)
                  0001983c    00000004                   : BIOS.obj (.text:ti_sysbios_family_arm_lm4_Timer_masterEnable__I)
                  00019840    00000164                   : BIOS.obj (.text:ti_sysbios_family_arm_m3_Hwi_excUsageFault__I)
                  000199a4    00000004     RTOS_config_pem4f.oem4f (.text:ti_sysbios_family_arm_m3_TaskSupport_Module__startupDone__S)
                  000199a8    00000160     sysbios.aem4f : BIOS.obj (.text:ti_sysbios_utils_Load_logLoads__I)
                  00019b08    00000150     drivers_tivaware.aem4f : GPIOTiva.oem4f (.text:GPIO_setConfig)
                  00019c58    00000148     sysbios.aem4f : BIOS.obj (.text:ti_sysbios_family_arm_m3_Hwi_excMemFault__I)
                  00019da0    00000140                   : BIOS.obj (.text:ti_sysbios_knl_Semaphore_post__E)
                  00019ee0    0000013c     dsplib-cm4f.lib : arm_cmplx_mag_f32.obj (.text)
                  0001a01c    00000004     RTOS_config_pem4f.oem4f (.text:ti_sysbios_heaps_HeapMem_Module_GateProxy_enter__E)
                  0001a020    0000013c     sysbios.aem4f : BIOS.obj (.text:ti_sysbios_heaps_HeapMem_Instance_init__E)
                  0001a15c    00000138     RTOS_config_pem4f.oem4f (.text:ti_uia_loggers_LoggerStopMode_writeMemoryRange__E)
                  0001a294    00000004     RTOS_config_pem4f.oem4f (.text:ti_sysbios_heaps_HeapMem_Module_GateProxy_leave__E)
                  0001a298    00000134     sysbios.aem4f : BIOS.obj (.text:ti_sysbios_knl_Clock_workFunc__E)
                  0001a3cc    00000130     driverlib.lib : gpio.obj (.text:GPIOPadConfigSet)
                  0001a4fc    00000118     ti.targets.arm.rtsarm.aem4f : Error.oem4f (.text:xdc_runtime_Error_policyDefault__E)
                  0001a614    00000004     RTOS_config_pem4f.oem4f (.text:ti_sysbios_knl_Clock_TimerProxy_getMaxTicks__E)
                  0001a618    00000114     sysbios.aem4f : BIOS.obj (.text:ti_sysbios_utils_Load_updateThreadContexts__E)
                  0001a72c    00000004     RTOS_config_pem4f.oem4f (.text:ti_sysbios_knl_Clock_TimerProxy_getPeriod__E)
                  0001a730    00000110     sysbios.aem4f : BIOS.obj (.text:ti_sysbios_knl_Task_schedule__I)
                  0001a840    0000010c     RTOS_config_pem4f.oem4f (.text:ti_uia_loggers_LoggerStopMode_write8__E)
                  0001a94c    00000004     RTOS_config_pem4f.oem4f (.text:ti_sysbios_knl_Queue_destruct)
                  0001a950    00000104     sysbios.aem4f : BIOS.obj (.text:ti_sysbios_knl_Swi_Module_startup__E)
                  0001aa54    00000100     ADC_pinout.obj (.text:PinoutSetADC)
                  0001ab54    00000100     ti.targets.arm.rtsarm.aem4f : Core-mem.oem4f (.text:xdc_runtime_Core_createObject__I)
                  0001ac54    000000fc     dsplib-cm4f.lib : arm_rfft_fast_init_f32.obj (.text)
                  0001ad50    000000fc     sysbios.aem4f : BIOS.obj (.text:ti_sysbios_knl_Task_postInit__I)
                  0001ae4c    00000004     RTOS_config_pem4f.oem4f (.text:ti_sysbios_knl_Semaphore_destruct)
                  0001ae50    000000fc     sysbios.aem4f : BIOS.obj (.text:ti_sysbios_knl_Task_startCore__E)
                  0001af4c    000000f8     ti.targets.arm.rtsarm.aem4f : Startup.oem4f (.text:xdc_runtime_Startup_startMods__I)
                  0001b044    000000f8     RTOS_config_pem4f.oem4f (.text:xdc_runtime_System_printfExtend__I)
                  0001b13c    000000f4     sysbios.aem4f : m3_Hwi_asm.obj (.text:ti_sysbios_family_arm_m3_Hwi_dispatch__I)
                  0001b230    000000f4     RTOS_config_pem4f.oem4f (.text:ti_uia_loggers_LoggerStopMode_write4__E)
                  0001b324    000000e8     RTOS_config_pem4f.oem4f (.text:ti_uia_loggers_LoggerStopMode_write2__E)
                  0001b40c    000000e4     RTOS_config_pem4f.oem4f (.text:ti_uia_loggers_LoggerStopMode_write1__E)
                  0001b4f0    000000dc     RTOS_config_pem4f.oem4f (.text:ti_uia_loggers_LoggerStopMode_write0__E)
                  0001b5cc    00000004     ti.uia.loggers.aem4f : LoggerStopMode.oem4f (.text:ti_uia_loggers_LoggerStopMode_getContents__E)
                  0001b5d0    000000d8     sysbios.aem4f : BIOS.obj (.text:ti_sysbios_family_arm_lm4_TimestampProvider_get32__E)
                  0001b6a8    000000d8                   : BIOS.obj (.text:ti_sysbios_family_arm_m3_Hwi_postInit__I)
                  0001b780    000000d8                   : BIOS.obj (.text:ti_sysbios_knl_Swi_post__E)
                  0001b858    000000cc                   : BIOS.obj (.text:ti_sysbios_family_arm_m3_Hwi_Instance_init__E)
                  0001b924    000000cc     ti.targets.arm.rtsarm.aem4f : Core-smem.oem4f (.text:xdc_runtime_Core_constructObject__I)
                  0001b9f0    000000c8     main.obj (.text:FFTCalc_Task)
                  0001bab8    000000c8     sysbios.aem4f : BIOS.obj (.text:ti_sysbios_knl_Task_exit__E)
                  0001bb80    000000c0     dsplib-cm4f.lib : arm_bitreversal2.obj (.text)
                  0001bc40    000000bc     sysbios.aem4f : BIOS.obj (.text:ti_sysbios_family_arm_m3_Hwi_excDebugMon__I)
                  0001bcfc    00000004     RTOS_config_pem4f.oem4f (.text:ti_uia_loggers_LoggerStopMode_getFilterLevel__E)
                  0001bd00    000000bc     sysbios.aem4f : BIOS.obj (.text:ti_sysbios_family_arm_m3_Hwi_excHardFault__I)
                  0001bdbc    000000b8     EK_TM4C1294XL.obj (.text:EK_TM4C1294XL_initGeneral)
                  0001be74    00000004     ti.uia.loggers.aem4f : LoggerStopMode.oem4f (.text:ti_uia_loggers_LoggerStopMode_getInstanceId__E)
                  0001be78    000000b8     sysbios.aem4f : BIOS.obj (.text:ti_sysbios_knl_Task_unblockI__E)
                  0001bf30    000000b4     main.obj (.text:ADC_init)
                  0001bfe4    00000004     ti.uia.loggers.aem4f : LoggerStopMode.oem4f (.text:ti_uia_loggers_LoggerStopMode_getMaxLength__E)
                  0001bfe8    000000b4     sysbios.aem4f : BIOS.obj (.text:ti_sysbios_gates_GateMutex_enter__E)
                  0001c09c    00000004     ti.uia.loggers.aem4f : LoggerStopMode.oem4f (.text:ti_uia_loggers_LoggerStopMode_getPriority__E)
                  0001c0a0    000000b4     sysbios.aem4f : BIOS.obj (.text:ti_sysbios_knl_Task_checkStacks__E)
                  0001c154    00000004     ti.uia.loggers.aem4f : LoggerStopMode.oem4f (.text:ti_uia_loggers_LoggerStopMode_getTransferType__E)
                  0001c158    000000b0     sysbios.aem4f : BIOS.obj (.text:ti_sysbios_utils_Load_idleFxn__E)
                  0001c208    000000b0                   : BIOS.obj (.text:ti_sysbios_utils_Load_updateLoads__E)
                  0001c2b8    000000ac                   : BIOS.obj (.text:ti_sysbios_family_arm_lm4_Timer_enableTiva__I)
                  0001c364    00000004     ti.targets.arm.rtsarm.aem4f : Error.oem4f (.text:xdc_runtime_Error_getSite__E)
                  0001c368    000000a8     sysbios.aem4f : BIOS.obj (.text:ti_sysbios_family_arm_lm4_Timer_enableTimers__I)
                  0001c410    000000a8                   : BIOS.obj (.text:ti_sysbios_knl_Task_blockI__E)
                  0001c4b8    000000a0     auto_init.aem4f : auto_init.oem4f (.text)
                  0001c558    000000a0     ti.targets.arm.rtsarm.aem4f : Text.oem4f (.text:xdc_runtime_Text_putMod__E)
                  0001c5f8    0000009c     rtsv7M4_T_le_v4SPD16_eabi.lib : memcpy_t2.obj (.text)
                  0001c694    00000004     RTOS_config_pem4f.oem4f (.text:xdc_runtime_System_Module_GateProxy_enter__E)
                  0001c698    0000009c     sysbios.aem4f : BIOS.obj (.text:ti_sysbios_knl_Semaphore_Instance_init__E)
                  0001c734    0000009a     ti.targets.arm.rtsarm.aem4f : Text.oem4f (.text:xdc_runtime_Text_putSite__E)
                  0001c7ce    00000002     RTOS_config_pem4f.oem4f (.text:ti_sysbios_BIOS_nullFunc__I)
                  0001c7d0    00000098     Boot.aem4f : Boot.oem4f (.text:ti_catalog_arm_cortexm4_tiva_ce_Boot_sysCtlClockFreqSet__E)
                  0001c868    00000094     sysbios.aem4f : BIOS.obj (.text:ti_sysbios_family_arm_m3_Hwi_initNVIC__E)
                  0001c8fc    00000004     RTOS_config_pem4f.oem4f (.text:xdc_runtime_System_Module_GateProxy_leave__E)
                  0001c900    00000090     sysbios.aem4f : BIOS.obj (.text:ti_sysbios_knl_Task_Module_startup__E)
                  0001c990    00000090                   : BIOS.obj (.text:ti_sysbios_utils_Load_startup__E)
                  0001ca20    00000090     ti.uia.loggers.aem4f : LoggerStopMode.oem4f (.text:ti_uia_loggers_LoggerStopMode_initQueueDescriptor__E)
                  0001cab0    0000008c     drivers_tivaware.aem4f : GPIOTiva.oem4f (.text:GPIO_init)
                  0001cb3c    0000008c     sysbios.aem4f : m3_TaskSupport_asm.obj (.text:ti_sysbios_family_arm_m3_TaskSupport_buildTaskStack)
                  0001cbc8    0000008c                   : BIOS.obj (.text:ti_sysbios_utils_Load_updateCurrentThreadTime__E)
                  0001cc54    00000084     driverlib.lib : udma.obj (.text:uDMAChannelTransferSet)
                  0001ccd8    00000080     main.obj (.text:DMA_init)
                  0001cd58    00000080     dsplib-cm4f.lib : arm_rms_f32.obj (.text)
                  0001cdd8    0000007a     driverlib.lib : adc.obj (.text:ADCSequenceStepConfigure)
                  0001ce52    0000007a     rtsv7M4_T_le_v4SPD16_eabi.lib : memset_t2.obj (.text)
                  0001cecc    00000004     ti.targets.arm.rtsarm.aem4f : System.oem4f (.text:xdc_runtime_System_aprintf_va__F)
                  0001ced0    00000078     sysbios.aem4f : BIOS.obj (.text:ti_sysbios_family_arm_m3_Hwi_Instance_finalize__E)
                  0001cf48    00000074                   : BIOS.obj (.text:ti_sysbios_family_arm_m3_Hwi_Module_startup__E)
                  0001cfbc    00000074     ti.uia.runtime.aem4f : QueueDescriptor.oem4f (.text:ti_uia_runtime_QueueDescriptor_addToList__E)
                  0001d030    0000006d     ti.targets.arm.rtsarm.aem4f : System.oem4f (.text:xdc_runtime_System_formatNum__I)
                  0001d09d    00000001     --HOLE-- [fill = 0]
                  0001d09e    00000002     RTOS_config_pem4f.oem4f (.text:ti_uia_loggers_LoggerStopMode_setFilterLevel__E)
                  0001d0a0    0000006c     main.obj (.text:TIMER_init)
                  0001d10c    0000006c     dsplib-cm4f.lib : arm_scale_f32.obj (.text)
                  0001d178    0000006c     sysbios.aem4f : BIOS.obj (.text:ti_sysbios_knl_Swi_restoreHwi__E)
                  0001d1e4    00000004     ti.targets.arm.rtsarm.aem4f : System.oem4f (.text:xdc_runtime_System_printf_va__F)
                  0001d1e8    0000006c     sysbios.aem4f : BIOS.obj (.text:ti_sysbios_utils_Load_taskCreateHook__E)
                  0001d254    0000006c     ti.targets.arm.rtsarm.aem4f : Error.oem4f (.text:xdc_runtime_Error_print__E)
                  0001d2c0    0000006c                                 : Memory.oem4f (.text:xdc_runtime_Memory_alloc__E)
                  0001d32c    0000006a     rtsv7M4_T_le_v4SPD16_eabi.lib : copy_decompress_rle.obj (.text)
                  0001d396    00000002     ti.uia.loggers.aem4f : LoggerStopMode.oem4f (.text:ti_uia_loggers_LoggerStopMode_setPriority__E)
                  0001d398    00000068     driverlib.lib : interrupt.obj (.text:IntEnable)
                  0001d400    00000068     rtsv7M4_T_le_v4SPD16_eabi.lib : trgmsg.obj (.text)
                  0001d468    00000068     sysbios.aem4f : BIOS.obj (.text:ti_sysbios_utils_Load_addTask__E)
                  0001d4d0    00000066     ti.uia.loggers.aem4f : LoggerStopMode.oem4f (.text:ti_uia_loggers_LoggerStopMode_flush__E)
                  0001d536    00000066     ti.targets.arm.rtsarm.aem4f : Core-mem.oem4f (.text:xdc_runtime_Core_deleteObject__I)
                  0001d59c    00000064     drivers_tivaware.aem4f : GPIOTiva.oem4f (.text:GPIO_hwiIntFxn)
                  0001d600    00000064     sysbios.aem4f : BIOS.obj (.text:ti_sysbios_family_arm_lm4_Timer_Module_startup__E)
                  0001d664    00000064     RTOS_config_pem4f.oem4f (.text:ti_sysbios_family_arm_m3_Hwi_create)
                  0001d6c8    00000060     driverlib.lib : timer.obj (.text:TimerConfigure)
                  0001d728    00000060     sysbios.aem4f : BIOS.obj (.text:ti_sysbios_family_arm_lm4_Timer_isrStub__E)
                  0001d788    00000060                   : BIOS.obj (.text:ti_sysbios_knl_Clock_logTick__E)
                  0001d7e8    00000060                   : BIOS.obj (.text:ti_sysbios_utils_Load_logCPULoad__I)
                  0001d848    0000005c                   : BIOS.obj (.text:ti_sysbios_knl_Swi_schedule__I)
                  0001d8a4    0000005b     ti.targets.arm.rtsarm.aem4f : Text.oem4f (.text:xdc_runtime_Text_putLab__E)
                  0001d8ff    00000001     --HOLE-- [fill = 0]
                  0001d900    00000058     boot.aem4f : boot.oem4f (.text)
                  0001d958    00000058     driverlib.lib : timer.obj (.text:TimerControlTrigger)
                  0001d9b0    00000058     sysbios.aem4f : m3_Hwi_asm_switch.obj (.text:ti_sysbios_family_arm_m3_Hwi_initStacks__E)
                  0001da08    00000056     driverlib.lib : gpio.obj (.text:GPIOIntTypeSet)
                  0001da5e    00000002     RTOS_config_pem4f.oem4f (.text:xdc_runtime_Startup_reset__I)
                  0001da60    00000054     rtsv7M4_T_le_v4SPD16_eabi.lib : exit.obj (.text)
                  0001dab4    00000054     RTOS_config_pem4f.oem4f (.text:ti_sysbios_utils_Load_hwiBeginHook__E)
                  0001db08    00000054     sysbios.aem4f : BIOS.obj (.text:ti_sysbios_utils_Load_taskSwitchHook__E)
                  0001db5c    00000054     ti.targets.arm.rtsarm.aem4f : Assert.oem4f (.text:xdc_runtime_Assert_raise__I)
                  0001dbb0    00000050     drivers_tivaware.aem4f : GPIOTiva.oem4f (.text:GPIO_setCallback)
                  0001dc00    00000050                            : GPIOTiva.oem4f (.text:GPIO_toggle)
                  0001dc50    00000050                            : GPIOTiva.oem4f (.text:GPIO_write)
                  0001dca0    00000050     driverlib.lib : sysctl.obj (.text:SysCtlPeripheralReset)
                  0001dcf0    00000050     Boot.aem4f : Boot_sysctl.oem4f (.text:_SysCtlFrequencyGet)
                  0001dd40    00000050     ti.targets.arm.rtsarm.aem4f : Startup.oem4f (.text:xdc_runtime_Startup_exec__E)
                  0001dd90    00000050                                 : Text.oem4f (.text:xdc_runtime_Text_visitRope2__I)
                  0001dde0    0000004c     rtsv7M4_T_le_v4SPD16_eabi.lib : cpy_tbl.obj (.text)
                  0001de2c    00000004     --HOLE-- [fill = 0]
                  0001de30    0000004c     sysbios.aem4f : BIOS.obj (.text:ti_sysbios_heaps_HeapMem_getStats__E)
                  0001de7c    00000004     --HOLE-- [fill = 0]
                  0001de80    0000004c                   : BIOS.obj (.text:ti_sysbios_knl_Swi_runLoop__I)
                  0001decc    00000004     --HOLE-- [fill = 0]
                  0001ded0    0000004c                   : BIOS.obj (.text:ti_sysbios_knl_Task_allBlockedFunction__I)
                  0001df1c    0000004c     ti.uia.loggers.aem4f : LoggerStopMode.oem4f (.text:ti_uia_loggers_LoggerStopMode_Module_startup__E)
                  0001df68    00000048     driverlib.lib : sysctl.obj (.text:_SysCtlFrequencyGet)
                  0001dfb0    00000048     sysbios.aem4f : BIOS.obj (.text:ti_sysbios_family_arm_m3_Hwi_disableInterrupt__E)
                  0001dff8    00000048                   : BIOS.obj (.text:ti_sysbios_family_arm_m3_Hwi_enableInterrupt__E)
                  0001e040    00000048                   : BIOS.obj (.text:ti_sysbios_family_arm_m3_Hwi_excReserved__I)
                  0001e088    00000048                   : BIOS.obj (.text:ti_sysbios_utils_Load_taskDeleteHook__E)
                  0001e0d0    00000048     driverlib.lib : udma.obj (.text:uDMAChannelAttributeDisable)
                  0001e118    00000048                   : udma.obj (.text:uDMAChannelAttributeEnable)
                  0001e160    00000046     ti.targets.arm.rtsarm.aem4f : Core-params.oem4f (.text:xdc_runtime_Core_assignParams__I)
                  0001e1a6    00000002     --HOLE-- [fill = 0]
                  0001e1a8    00000044     sysbios.aem4f : BIOS.obj (.text:ti_sysbios_family_arm_lm4_Timer_stop__E)
                  0001e1ec    00000004     --HOLE-- [fill = 0]
                  0001e1f0    00000044                   : BIOS.obj (.text:ti_sysbios_family_arm_m3_Hwi_getStackInfo__E)
                  0001e234    00000004     --HOLE-- [fill = 0]
                  0001e238    00000044                   : BIOS.obj (.text:ti_sysbios_utils_Load_removeTask__E)
                  0001e27c    00000004     --HOLE-- [fill = 0]
                  0001e280    00000044                   : BIOS.obj (.text:ti_sysbios_utils_Load_swiBeginHook__E)
                  0001e2c4    00000044     ti.uia.loggers.aem4f : LoggerStopMode.oem4f (.text:ti_uia_loggers_LoggerStopMode_initBuffer__I)
                  0001e308    00000044     ti.targets.arm.rtsarm.aem4f : Error.oem4f (.text:xdc_runtime_Error_setX__E)
                  0001e34c    00000044                                 : SysMin.oem4f (.text:xdc_runtime_SysMin_flush__E)
                  0001e390    00000044                                 : Text.oem4f (.text:xdc_runtime_Text_xprintf__I)
                  0001e3d4    00000040     rtsv7M4_T_le_v4SPD16_eabi.lib : u_divt2.obj (.text)
                  0001e414    00000004     --HOLE-- [fill = 0]
                  0001e418    00000040     sysbios.aem4f : BIOS.obj (.text:ti_sysbios_family_arm_lm4_Timer_startup__E)
                  0001e458    0000003e     driverlib.lib : adc.obj (.text:ADCSequenceConfigure)
                  0001e496    00000002     --HOLE-- [fill = 0]
                  0001e498    0000003c     sysbios.aem4f : BIOS.obj (.text:ti_sysbios_family_arm_m3_Hwi_excSvCall__I)
                  0001e4d4    00000004     --HOLE-- [fill = 0]
                  0001e4d8    0000003c                   : BIOS.obj (.text:ti_sysbios_heaps_HeapMem_init__I)
                  0001e514    00000004     --HOLE-- [fill = 0]
                  0001e518    0000003c                   : BIOS.obj (.text:ti_sysbios_knl_Swi_startup__E)
                  0001e554    00000004     --HOLE-- [fill = 0]
                  0001e558    0000003c                   : BIOS.obj (.text:ti_sysbios_utils_Load_hwiEndHook__E)
                  0001e594    00000038     driverlib.lib : sysctl.obj (.text:SysCtlPeripheralReady)
                  0001e5cc    00000004     --HOLE-- [fill = 0]
                  0001e5d0    00000038     sysbios.aem4f : BIOS.obj (.text:ti_sysbios_family_arm_m3_Hwi_excNoIsr__I)
                  0001e608    00000038                   : BIOS.obj (.text:ti_sysbios_knl_Task_processVitalTaskFlag__I)
                  0001e640    00000038     ti.targets.arm.rtsarm.aem4f : SysMin.oem4f (.text:xdc_runtime_SysMin_putch__E)
                  0001e678    00000038                                 : System.oem4f (.text:xdc_runtime_System_atexit__E)
                  0001e6b0    00000034     driverlib.lib : sysctl.obj (.text:SysCtlPeripheralEnable)
                  0001e6e4    00000004     --HOLE-- [fill = 0]
                  0001e6e8    00000034     sysbios.aem4f : BIOS.obj (.text:ti_sysbios_family_arm_m3_Hwi_excNmi__I)
                  0001e71c    00000004     --HOLE-- [fill = 0]
                  0001e720    00000034                   : BIOS.obj (.text:ti_sysbios_hal_Hwi_checkStack)
                  0001e754    00000004     --HOLE-- [fill = 0]
                  0001e758    00000034                   : BIOS.obj (.text:ti_sysbios_utils_Load_swiEndHook__E)
                  0001e78c    00000034     ti.uia.loggers.aem4f : LoggerStopMode.oem4f (.text:ti_uia_loggers_LoggerStopMode_reset__E)
                  0001e7c0    00000034     ti.targets.arm.rtsarm.aem4f : Core-label.oem4f (.text:xdc_runtime_Core_assignLabel__I)
                  0001e7f4    00000033                                 : Text.oem4f (.text:xdc_runtime_Text_printVisFxn__I)
                  0001e827    00000001     --HOLE-- [fill = 0]
                  0001e828    00000032     sysbios.aem4f : BIOS.obj (.text:ti_sysbios_hal_Hwi_initStack)
                  0001e85a    00000006     driverlib.lib : gpio.obj (.text:GPIOIntClear)
                  0001e860    00000032     sysbios.aem4f : BIOS.obj (.text:ti_sysbios_knl_Semaphore_pendTimeout__I)
                  0001e892    00000002     --HOLE-- [fill = 0]
                  0001e894    00000030     RTOS_config_pem4f.oem4f (.text:ti_sysbios_BIOS_atExitFunc__I)
                  0001e8c4    00000004     --HOLE-- [fill = 0]
                  0001e8c8    00000030     sysbios.aem4f : BIOS.obj (.text:ti_sysbios_family_arm_m3_TaskSupport_start__E)
                  0001e8f8    00000030     RTOS_config_pem4f.oem4f (.text:ti_sysbios_gates_GateHwi_Object__create__S)
                  0001e928    00000030     RTOS_config_pem4f.oem4f (.text:ti_sysbios_gates_GateMutex_Object__create__S)
                  0001e958    00000030     RTOS_config_pem4f.oem4f (.text:ti_sysbios_heaps_HeapMem_Object__create__S)
                  0001e988    00000030     RTOS_config_pem4f.oem4f (.text:ti_sysbios_knl_Semaphore_construct)
                  0001e9b8    00000030     RTOS_config_pem4f.oem4f (.text:ti_uia_loggers_LoggerStopMode_Object__create__S)
                  0001e9e8    00000030     ti.targets.arm.rtsarm.aem4f : SysMin.oem4f (.text:xdc_runtime_SysMin_abort__E)
                  0001ea18    00000030                                 : System.oem4f (.text:xdc_runtime_System_processAtExit__E)
                  0001ea48    0000002c     RTOS_config_pem4f.oem4f (.text:ti_sysbios_knl_Clock_doTick__I)
                  0001ea74    0000002c     RTOS_config_pem4f.oem4f (.text:ti_sysbios_knl_Queue_construct)
                  0001eaa0    0000002c     sysbios.aem4f : BIOS.obj (.text:ti_sysbios_knl_Task_restore__E)
                  0001eacc    0000002c     ti.targets.arm.rtsarm.aem4f : Text.oem4f (.text:xdc_runtime_Text_cordText__E)
                  0001eaf8    0000002a     driverlib.lib : gpio.obj (.text:GPIODirModeSet)
                  0001eb22    0000002a     ti.targets.arm.rtsarm.aem4f : System.oem4f (.text:xdc_runtime_System_putchar__I)
                  0001eb4c    00000028     rtsv7M4_T_le_v4SPD16_eabi.lib : e_sqrtf.obj (.text)
                  0001eb74    00000028     RTOS_config_pem4f.oem4f (.text:ti_sysbios_BIOS_startFunc__I)
                  0001eb9c    00000028     driverlib.lib : udma.obj (.text:uDMAChannelModeGet)
                  0001ebc4    00000026     sysbios.aem4f : m3_Hwi_asm.obj (.text:ti_sysbios_family_arm_m3_Hwi_pendSV__I)
                  0001ebea    00000026     ti.targets.arm.rtsarm.aem4f : System.oem4f (.text:xdc_runtime_System_avprintf__E)
                  0001ec10    00000024     RTOS_config_pem4f.oem4f (.text:ti_sysbios_BIOS_registerRTSLock__I)
                  0001ec34    00000024     RTOS_config_pem4f.oem4f (.text:ti_sysbios_BIOS_removeRTSLock__I)
                  0001ec58    00000024     sysbios.aem4f : BIOS.obj (.text:ti_sysbios_family_arm_m3_Hwi_doTaskRestore__I)
                  0001ec7c    00000024     RTOS_config_pem4f.oem4f (.text:ti_sysbios_gates_GateMutex_Object__delete__S)
                  0001eca0    00000024     sysbios.aem4f : BIOS.obj (.text:ti_sysbios_knl_Clock_Module_startup__E)
                  0001ecc4    00000024     driverlib.lib : udma.obj (.text:uDMAChannelControlSet)
                  0001ece8    00000024     ti.targets.arm.rtsarm.aem4f : System.oem4f (.text:xdc_runtime_System_vprintf__E)
                  0001ed0c    00000004     --HOLE-- [fill = 0]
                  0001ed10    00000022     sysbios.aem4f : BIOS.obj (.text:ti_sysbios_family_arm_lm4_Timer_write__I)
                  0001ed32    00000022     RTOS_config_pem4f.oem4f (.text:xdc_runtime_SysMin_output__I)
                  0001ed54    00000020     Boot.aem4f : Boot_sysctl.oem4f (.text:_SysCtlMemTimingGet)
                  0001ed74    00000020     RTOS_config_pem4f.oem4f (.text:ti_sysbios_BIOS_rtsLock__I)
                  0001ed94    00000020     sysbios.aem4f : m3_Hwi_asm.obj (.text:ti_sysbios_family_arm_m3_Hwi_excHandlerAsm__I)
                  0001edb4    00000004     --HOLE-- [fill = 0]
                  0001edb8    00000020                   : BIOS.obj (.text:ti_sysbios_family_arm_m3_Hwi_excHandler__I)
                  0001edd8    00000020     RTOS_config_pem4f.oem4f (.text:ti_sysbios_gates_GateHwi_Object__delete__S)
                  0001edf8    00000020     RTOS_config_pem4f.oem4f (.text:ti_sysbios_heaps_HeapMem_Object__delete__S)
                  0001ee18    00000020     sysbios.aem4f : BIOS.obj (.text:ti_sysbios_knl_Idle_run__E)
                  0001ee38    00000020     RTOS_config_pem4f.oem4f (.text:ti_sysbios_knl_Semaphore_Object__destruct__S)
                  0001ee58    00000020     RTOS_config_pem4f.oem4f (.text:ti_uia_loggers_LoggerStopMode_Object__delete__S)
                  0001ee78    00000020     ti.targets.arm.rtsarm.aem4f : Registry.oem4f (.text:xdc_runtime_Registry_findById__E)
                  0001ee98    00000020                                 : SysMin.oem4f (.text:xdc_runtime_SysMin_Module_startup__E)
                  0001eeb8    0000001e     RTOS_config_pem4f.oem4f (.text:ti_sysbios_BIOS_errorRaiseHook__I)
                  0001eed6    0000001e     sysbios.aem4f : m3_Hwi_asm_switch.obj (.text:ti_sysbios_family_xxx_Hwi_switchAndRunFunc)
                  0001eef4    0000001c     driverlib.lib : sysctl.obj (.text:_SysCtlMemTimingGet)
                  0001ef10    0000001c     drivers_tivaware.aem4f : GPIOTiva.oem4f (.text:getGpioIntIndex)
                  0001ef2c    00000004     --HOLE-- [fill = 0]
                  0001ef30    0000001c     sysbios.aem4f : BIOS.obj (.text:ti_sysbios_gates_GateMutex_Instance_init__E)
                  0001ef4c    0000001c     RTOS_config_pem4f.oem4f (.text:ti_sysbios_knl_Queue_Object__destruct__S)
                  0001ef68    0000001c     sysbios.aem4f : BIOS.obj (.text:ti_sysbios_knl_Task_enter__I)
                  0001ef84    0000001c     ti.uia.loggers.aem4f : LoggerStopMode.oem4f (.text:ti_uia_loggers_LoggerStopMode_Instance_init__E)
                  0001efa0    0000001c     ti.targets.arm.rtsarm.aem4f : Error.oem4f (.text:xdc_runtime_Error_raiseX__E)
                  0001efbc    0000001c                                 : Memory.oem4f (.text:xdc_runtime_Memory_valloc__E)
                  0001efd8    0000001c                                 : SysMin.oem4f (.text:xdc_runtime_SysMin_exit__E)
                  0001eff4    0000001c                                 : System.oem4f (.text:xdc_runtime_System_abort__E)
                  0001f010    0000001a     main.obj (.text:main)
                  0001f02a    0000001a     RTOS_config_pem4f.oem4f (.text:ti_sysbios_family_arm_m3_Hwi_Handle__label__S)
                  0001f044    0000001a     RTOS_config_pem4f.oem4f (.text:ti_sysbios_gates_GateHwi_Handle__label__S)
                  0001f05e    0000001a     RTOS_config_pem4f.oem4f (.text:ti_sysbios_gates_GateMutex_Handle__label__S)
                  0001f078    0000001a     RTOS_config_pem4f.oem4f (.text:ti_sysbios_heaps_HeapMem_Handle__label__S)
                  0001f092    0000001a     RTOS_config_pem4f.oem4f (.text:ti_sysbios_knl_Swi_Handle__label__S)
                  0001f0ac    0000001a     RTOS_config_pem4f.oem4f (.text:ti_sysbios_knl_Task_Handle__label__S)
                  0001f0c6    0000001a     RTOS_config_pem4f.oem4f (.text:ti_uia_loggers_LoggerStopMode_Handle__label__S)
                  0001f0e0    0000001a     RTOS_config_pem4f.oem4f (.text:xdc_runtime_System_aprintf__E)
                  0001f0fa    0000001a     RTOS_config_pem4f.oem4f (.text:xdc_runtime_System_printf__E)
                  0001f114    00000018     rtsv7M4_T_le_v4SPD16_eabi.lib : args_main.obj (.text)
                  0001f12c    00000018     RTOS_config_pem4f.oem4f (.text:ti_sysbios_BIOS_rtsUnlock__I)
                  0001f144    00000018     RTOS_config_pem4f.oem4f (.text:ti_sysbios_family_arm_lm4_Timer_Module__startupDone__F)
                  0001f15c    00000018     RTOS_config_pem4f.oem4f (.text:ti_sysbios_family_arm_m3_Hwi_Module__startupDone__F)
                  0001f174    00000018     sysbios.aem4f : m3_TaskSupport_asm.obj (.text:ti_sysbios_family_arm_m3_TaskSupport_swap__E)
                  0001f18c    00000004     --HOLE-- [fill = 0]
                  0001f190    00000018                   : BIOS.obj (.text:ti_sysbios_gates_GateMutex_leave__E)
                  0001f1a8    00000018     driverlib.lib : udma.obj (.text:uDMAChannelEnable)
                  0001f1c0    00000018     ti.targets.arm.rtsarm.aem4f : Error.oem4f (.text:xdc_runtime_Error_check__E)
                  0001f1d8    00000018                                 : System.oem4f (.text:xdc_runtime_System_exit__E)
                  0001f1f0    00000018                                 : Text.oem4f (.text:xdc_runtime_Text_ropeText__E)
                  0001f208    00000016     RTOS_config_pem4f.oem4f (.text:ti_sysbios_BIOS_exitFunc__I)
                  0001f21e    00000016     ti.uia.loggers.aem4f : LoggerStopMode.oem4f (.text:ti_uia_loggers_LoggerStopMode_disable__E)
                  0001f234    00000016                          : LoggerStopMode.oem4f (.text:ti_uia_loggers_LoggerStopMode_enable__E)
                  0001f24a    00000002     --HOLE-- [fill = 0]
                  0001f24c    00000014     main.obj (.text:HeartBeat_Idle)
                  0001f260    00000014     rtsv7M4_T_le_v4SPD16_eabi.lib : _lock.obj (.text)
                  0001f274    00000014                                   : strcpy.obj (.text)
                  0001f288    00000014                                   : strlen.obj (.text)
                  0001f29c    00000014     RTOS_config_pem4f.oem4f (.text:ti_sysbios_family_arm_m3_Hwi_Object__get__S)
                  0001f2b0    00000014     sysbios.aem4f : BIOS.obj (.text:ti_sysbios_family_arm_m3_Hwi_switchFromBootStack__E)
                  0001f2c4    00000014     RTOS_config_pem4f.oem4f (.text:ti_sysbios_heaps_HeapMem_Object__get__S)
                  0001f2d8    00000014     RTOS_config_pem4f.oem4f (.text:ti_sysbios_knl_Swi_Object__get__S)
                  0001f2ec    00000014     RTOS_config_pem4f.oem4f (.text:ti_sysbios_knl_Task_Object__get__S)
                  0001f300    00000012     driverlib.lib : adc.obj (.text:ADCHardwareOversampleConfigure)
                  0001f312    00000012                   : gpio.obj (.text:GPIOPinTypeADC)
                  0001f324    00000012                   : timer.obj (.text:TimerLoadSet)
                  0001f336    00000002     --HOLE-- [fill = 0]
                  0001f338    00000012     sysbios.aem4f : BIOS.obj (.text:ti_sysbios_hal_Hwi_Module_startup__E)
                  0001f34a    00000012     RTOS_config_pem4f.oem4f (.text:xdc_runtime_Startup_exec__I)
                  0001f35c    00000010     RTOS_config_pem4f.oem4f (.text:.bootCodeSection:ti_catalog_arm_cortexm4_tiva_ce_Boot_init__I)
                  0001f36c    00000010     driverlib.lib : adc.obj (.text:ADCSequenceDMAEnable)
                  0001f37c    00000010     main.obj (.text:InitSamples)
                  0001f38c    00000004     --HOLE-- [fill = 0]
                  0001f390    00000010     sysbios.aem4f : BIOS.obj (.text:ti_sysbios_BIOS_getCpuFreq__E)
                  0001f3a0    00000010                   : BIOS.obj (.text:ti_sysbios_BIOS_setThreadType__E)
                  0001f3b0    00000010                   : BIOS.obj (.text:ti_sysbios_BIOS_start__E)
                  0001f3c0    00000010                   : BIOS.obj (.text:ti_sysbios_family_arm_lm4_TimestampProvider_rolloverFunc__E)
                  0001f3d0    00000010                   : m3_TaskSupport_asm.obj (.text:ti_sysbios_family_arm_m3_TaskSupport_glue)
                  0001f3e0    00000010                   : BIOS.obj (.text:ti_sysbios_gates_GateMutex_Instance_finalize__E)
                  0001f3f0    00000010                   : BIOS.obj (.text:ti_sysbios_knl_Semaphore_Instance_finalize__E)
                  0001f400    00000010                   : BIOS.obj (.text:ti_sysbios_knl_Swi_disable__E)
                  0001f410    00000010                   : BIOS.obj (.text:ti_sysbios_knl_Task_disable__E)
                  0001f420    00000010     RTOS_config_pem4f.oem4f (.text:ti_uia_loggers_LoggerStopMode_Object__get__S)
                  0001f430    00000010     ti.uia.loggers.aem4f : LoggerStopMode.oem4f (.text:ti_uia_loggers_LoggerStopMode_isEmpty__E)
                  0001f440    00000010     driverlib.lib : udma.obj (.text:uDMAEnable)
                  0001f450    00000010     ti.targets.arm.rtsarm.aem4f : Gate.oem4f (.text:xdc_runtime_Gate_leaveSystem__E)
                  0001f460    00000010                                 : Memory.oem4f (.text:xdc_runtime_Memory_free__E)
                  0001f470    00000010                                 : SysMin.oem4f (.text:xdc_runtime_SysMin_ready__E)
                  0001f480    00000010                                 : System.oem4f (.text:xdc_runtime_System_vsnprintf__E)
                  0001f490    00000010     RTOS_config_pem4f.oem4f (.text:xdc_runtime_Text_visitRope__I)
                  0001f4a0    0000000e     driverlib.lib : adc.obj (.text:ADCSequenceDisable)
                  0001f4ae    0000000e                   : adc.obj (.text:ADCSequenceEnable)
                  0001f4bc    0000000e                   : gpio.obj (.text:GPIOIntStatus)
                  0001f4ca    0000000e                   : timer.obj (.text:TimerEnable)
                  0001f4d8    0000000e     rtsv7M4_T_le_v4SPD16_eabi.lib : copy_decompress_none.obj (.text:decompress:none)
                  0001f4e6    00000002     --HOLE-- [fill = 0]
                  0001f4e8    0000000e     sysbios.aem4f : BIOS.obj (.text:ti_sysbios_knl_Idle_loop__E)
                  0001f4f6    00000002     --HOLE-- [fill = 0]
                  0001f4f8    0000000e                   : BIOS.obj (.text:ti_sysbios_knl_Queue_empty__E)
                  0001f506    0000000c     driverlib.lib : adc.obj (.text:ADCReferenceSet)
                  0001f512    00000006                   : gpio.obj (.text:GPIOPinRead)
                  0001f518    0000000c     sysbios.aem4f : BIOS.obj (.text:ti_sysbios_family_arm_lm4_Timer_getMaxTicks__E)
                  0001f524    00000004     --HOLE-- [fill = 0]
                  0001f528    0000000c                   : BIOS.obj (.text:ti_sysbios_family_arm_lm4_TimestampProvider_startTimer__E)
                  0001f534    0000000c     RTOS_config_pem4f.oem4f (.text:ti_sysbios_family_arm_m3_Hwi_Params__init__S)
                  0001f540    0000000c     sysbios.aem4f : BIOS.obj (.text:ti_sysbios_family_arm_m3_Hwi_disableFxn__E)
                  0001f54c    00000004     --HOLE-- [fill = 0]
                  0001f550    0000000c                   : BIOS.obj (.text:ti_sysbios_family_arm_m3_TaskSupport_checkStack__E)
                  0001f55c    00000004     --HOLE-- [fill = 0]
                  0001f560    0000000c                   : BIOS.obj (.text:ti_sysbios_gates_GateHwi_enter__E)
                  0001f56c    0000000c     RTOS_config_pem4f.oem4f (.text:ti_sysbios_knl_Queue_Object__get__S)
                  0001f578    0000000c     sysbios.aem4f : BIOS.obj (.text:ti_sysbios_utils_Load_taskRegHook__E)
                  0001f584    0000000c     driverlib.lib : udma.obj (.text:uDMAControlBaseSet)
                  0001f590    0000000c     ti.targets.arm.rtsarm.aem4f : Error.oem4f (.text:xdc_runtime_Error_init__E)
                  0001f59c    0000000c                                 : Gate.oem4f (.text:xdc_runtime_Gate_enterSystem__E)
                  0001f5a8    0000000c                                 : Memory.oem4f (.text:xdc_runtime_Memory_calloc__E)
                  0001f5b4    0000000c                                 : Memory.oem4f (.text:xdc_runtime_Memory_getMaxDefaultTypeAlign__E)
                  0001f5c0    0000000a     RTOS_config_pem4f.oem4f (.text:xdc_runtime_IHeap_alloc)
                  0001f5ca    0000000a     RTOS_config_pem4f.oem4f (.text:xdc_runtime_IHeap_free)
                  0001f5d4    00000008     driverlib.lib : adc.obj (.text:ADCIntEnableEx)
                  0001f5dc    00000008     EK_TM4C1294XL.obj (.text:EK_TM4C1294XL_initGPIO)
                  0001f5e4    00000008     sysbios.aem4f : BIOS.obj (.text:ti_sysbios_family_arm_lm4_Timer_masterDisable__I)
                  0001f5ec    00000004     --HOLE-- [fill = 0]
                  0001f5f0    00000008                   : BIOS.obj (.text:ti_sysbios_family_arm_m3_Hwi_doSwiRestore__I)
                  0001f5f8    00000008                   : BIOS.obj (.text:ti_sysbios_family_arm_m3_Hwi_startup__E)
                  0001f600    00000008                   : BIOS.obj (.text:ti_sysbios_knl_Task_getHookContext__E)
                  0001f608    00000006     driverlib.lib : gpio.obj (.text:GPIOPinWrite)
                  0001f60e    00000006                   : sysctl.obj (.text:SysCtlDelay)
                  0001f614    00000006     rtsv7M4_T_le_v4SPD16_eabi.lib : copy_decompress_rle.obj (.text:decompress:rle24)
                  0001f61a    00000006     ti.targets.arm.rtsarm.aem4f : System.oem4f (.text:xdc_runtime_System_Module_startup__E)
                  0001f620    00000006     sysbios.aem4f : BIOS.obj (.text:ti_sysbios_family_arm_lm4_TimestampProvider_Module_startup__E)
                  0001f626    00000002     --HOLE-- [fill = 0]
                  0001f628    00000006                   : BIOS.obj (.text:ti_sysbios_family_arm_m3_Hwi_restoreFxn__E)
                  0001f62e    00000002     --HOLE-- [fill = 0]
                  0001f630    00000006                   : BIOS.obj (.text:ti_sysbios_gates_GateHwi_leave__E)
                  0001f636    00000002     --HOLE-- [fill = 0]
                  0001f638    00000006                   : BIOS.obj (.text:ti_sysbios_heaps_HeapMem_isBlocking__E)
                  0001f63e    00000002     --HOLE-- [fill = 0]
                  0001f640    00000006                   : BIOS.obj (.text:ti_sysbios_knl_Queue_Instance_init__E)
                  0001f646    00000002     --HOLE-- [fill = 0]
                  0001f648    00000004                   : BIOS.obj (.text:ti_sysbios_family_arm_lm4_Timer_getPeriod__E)
                  0001f64c    00000004     --HOLE-- [fill = 0]
                  0001f650    00000004                   : BIOS.obj (.text:ti_sysbios_gates_GateHwi_query__E)
                  0001f654    00000004     --HOLE-- [fill = 0]
                  0001f658    00000004                   : BIOS.obj (.text:ti_sysbios_gates_GateMutex_query__E)
                  0001f65c    00000004     --HOLE-- [fill = 0]
                  0001f660    00000004                   : BIOS.obj (.text:ti_sysbios_knl_Task_startup__E)
                  0001f664    00000004     --HOLE-- [fill = 0]
                  0001f668    00000002                   : BIOS.obj (.text:ti_sysbios_gates_GateHwi_Instance_init__E)

.cinit     0    0001f670    0000052c     
                  0001f670    000004eb     (.cinit..data.load) [load image, compression = rle]
                  0001fb5b    00000005     --HOLE-- [fill = 0]
                  0001fb60    0000000b     (.cinit..bss.load) [load image, compression = rle]
                  0001fb6b    00000005     --HOLE-- [fill = 0]
                  0001fb70    0000000b     (.cinit..vecs.load) [load image, compression = rle]
                  0001fb7b    00000001     --HOLE-- [fill = 0]
                  0001fb7c    00000008     (__TI_handler_table)
                  0001fb84    00000018     (__TI_cinit_table)

.init_array 
*          0    00000000    00000000     UNINITIALIZED

.resetVecs 
*          0    00000000    0000003c     
                  00000000    0000003c     RTOS_config_pem4f.oem4f (.resetVecs)

.vecs      0    20000000    00000360     UNINITIALIZED
                  20000000    00000360     RTOS_config_pem4f.oem4f (.vecs)

.bss       0    20000400    00004930     UNINITIALIZED
                  20000400    00000800     RTOS_config_pem4f.oem4f (.bss:taskStackSection)
                  20000c00    00000800     (.common:data_array1)
                  20001400    00000800     (.common:data_array2)
                  20001c00    00000400     (.common:data_proc0)
                  20002000    00000400     (.common:data_proc1)
                  20002400    00000400     (.common:data_proc2)
                  20002800    00000400     (.common:data_proc3)
                  20002c00    00000400     (.common:ti_sysbios_heaps_HeapMem_Instance_State_0_buf__A)
                  20003000    00000400     (.common:ti_uia_loggers_LoggerStopMode_Instance_State_1_packetArray__A)
                  20003400    00000400     (.common:ti_uia_loggers_LoggerStopMode_Instance_State_2_packetArray__A)
                  20003800    00000400     (.common:udmaCtrlTable)
                  20003c00    00000360     (.common:ti_sysbios_family_arm_m3_Hwi_dispatchTable)
                  20003f60    00000200     (.common:data_proc0_mag)
                  20004160    00000200     (.common:data_proc1_mag)
                  20004360    00000200     (.common:data_proc2_mag)
                  20004560    00000200     (.common:data_proc3_mag)
                  20004760    00000008     rtsv7M4_T_le_v4SPD16_eabi.lib : trgdrv.obj (.bss:parmbuf)
                  20004768    00000004     (.common:gpioInterruptVectors)
                  2000476c    00000004     (.common:ti_sysbios_family_arm_m3_Hwi_Instance_State_0_hookEnv__A)
                  20004770    00000004     (.common:ti_sysbios_family_arm_m3_Hwi_Instance_State_1_hookEnv__A)
                  20004774    00000004     (.common:ti_sysbios_family_arm_m3_Hwi_Instance_State_2_hookEnv__A)
                  20004778    00000004     (.common:ti_sysbios_knl_Swi_Instance_State_0_hookEnv__A)
                  2000477c    00000004     (.common:ti_sysbios_knl_Task_Instance_State_0_hookEnv__A)
                  20004780    00000200     (.common:ti_uia_loggers_LoggerStopMode_Instance_State_0_packetArray__A)
                  20004980    00000120                                   : trgmsg.obj (.bss:_CIOBUF_)
                  20004aa0    00000090     drivers_tivaware.aem4f : GPIOTiva.oem4f (.bss:gpioCallbackInfo)
                  20004b30    00000080     (.common:xdc_runtime_SysMin_Module_State_0_outbuf__A)
                  20004bb0    00000004     (.common:ti_sysbios_knl_Task_Instance_State_1_hookEnv__A)
                  20004bb4    00000004     (.common:ti_sysbios_knl_Task_Instance_State_2_hookEnv__A)
                  20004bb8    00000004     (.common:ti_sysbios_knl_Task_Instance_State_3_hookEnv__A)
                  20004bbc    00000044     --HOLE--
                  20004c00    00000030     (.common:ti_uia_loggers_LoggerStopMode_Instance_State_0_hdr__A)
                  20004c30    00000050     --HOLE--
                  20004c80    00000030     (.common:ti_uia_loggers_LoggerStopMode_Instance_State_1_hdr__A)
                  20004cb0    00000050     --HOLE--
                  20004d00    00000030     (.common:ti_uia_loggers_LoggerStopMode_Instance_State_2_hdr__A)

.data      0    20004d30    000007ac     UNINITIALIZED
                  20004d30    00000140     RTOS_config_pem4f.oem4f (.data:ti_sysbios_knl_Task_Object__table__V)
                  20004e70    0000009c     RTOS_config_pem4f.oem4f (.data:ti_uia_loggers_LoggerStopMode_Object__table__V)
                  20004f0c    00000098     RTOS_config_pem4f.oem4f (.data:ti_sysbios_utils_Load_Module__state__V)
[...]
0001efbd  xdc_runtime_Memory_valloc__E                                         
0001efd9  xdc_runtime_SysMin_exit__E                                           
0001efd9  xdc_runtime_System_SupportProxy_exit__E                              
0001eff5  xdc_runtime_System_abort__E                                          
0001f011  main                                                                 
0001f02b  ti_sysbios_family_arm_m3_Hwi_Handle__label__S                        
0001f02b  ti_sysbios_hal_Hwi_HwiProxy_Handle__label__S                         
0001f045  ti_sysbios_gates_GateHwi_Handle__label__S                            
0001f045  xdc_runtime_Main_Module_GateProxy_Handle__label__S                   
0001f045  xdc_runtime_System_Module_GateProxy_Handle__label__S                 
0001f05f  ti_sysbios_BIOS_RtsGateProxy_Handle__label__S                        
0001f05f  ti_sysbios_gates_GateMutex_Handle__label__S                          
0001f05f  ti_sysbios_heaps_HeapMem_Module_GateProxy_Handle__label__S           
0001f079  ti_sysbios_heaps_HeapMem_Handle__label__S                            
0001f079  xdc_runtime_Memory_HeapProxy_Handle__label__S                        
0001f093  ti_sysbios_knl_Swi_Handle__label__S                                  
0001f0ad  ti_sysbios_knl_Task_Handle__label__S                                 
0001f0c7  ti_uia_loggers_LoggerStopMode_Handle__label__S                       
0001f0e1  xdc_runtime_System_aprintf__E                                        
0001f0fb  xdc_runtime_System_printf__E                                         
0001f115  _args_main                                                           
0001f12d  ti_sysbios_BIOS_rtsUnlock__I                                         
0001f145  ti_sysbios_family_arm_lm4_Timer_Module__startupDone__F               
0001f145  ti_sysbios_family_arm_lm4_Timer_Module__startupDone__S               
0001f145  ti_sysbios_knl_Clock_TimerProxy_Module__startupDone__S               
0001f15d  ti_sysbios_family_arm_m3_Hwi_Module__startupDone__F                  
0001f15d  ti_sysbios_family_arm_m3_Hwi_Module__startupDone__S                  
0001f15d  ti_sysbios_hal_Hwi_HwiProxy_Module__startupDone__S                   
0001f175  ti_sysbios_family_arm_m3_TaskSupport_swap__E                         
0001f175  ti_sysbios_knl_Task_SupportProxy_swap__E                             
0001f181  ti_sysbios_knl_Task_swapReturn                                       
0001f191  ti_sysbios_gates_GateMutex_leave__E                                  
0001f1a9  uDMAChannelEnable                                                    
0001f1c1  xdc_runtime_Error_check__E                                           
0001f1d9  xdc_runtime_System_exit__E                                           
0001f1f1  xdc_runtime_Text_ropeText__E                                         
0001f209  ti_sysbios_BIOS_exitFunc__I                                          
0001f21f  ti_uia_loggers_LoggerStopMode_disable__E                             
0001f235  ti_uia_loggers_LoggerStopMode_enable__E                              
0001f24d  HeartBeat_Idle                                                       
0001f261  _register_unlock                                                     
0001f267  _register_lock                                                       
0001f26f  _nop                                                                 
0001f275  strcpy                                                               
0001f289  strlen                                                               
0001f29d  ti_sysbios_family_arm_m3_Hwi_Object__get__S                          
0001f2b1  ti_sysbios_family_arm_m3_Hwi_switchFromBootStack__E                  
0001f2b1  ti_sysbios_hal_Hwi_HwiProxy_switchFromBootStack__E                   
0001f2c5  ti_sysbios_heaps_HeapMem_Object__get__S                              
0001f2d9  ti_sysbios_knl_Swi_Object__get__S                                    
0001f2ed  ti_sysbios_knl_Task_Object__get__S                                   
0001f301  ADCHardwareOversampleConfigure                                       
0001f313  GPIOPinTypeADC                                                       
0001f325  TimerLoadSet                                                         
0001f339  ti_sysbios_hal_Hwi_Module_startup__E                                 
0001f34b  xdc_runtime_Startup_exec__I                                          
0001f35d  ti_catalog_arm_cortexm4_tiva_ce_Boot_init__I                         
0001f36d  ADCSequenceDMAEnable                                                 
0001f37d  InitSamples                                                          
0001f391  ti_sysbios_BIOS_getCpuFreq__E                                        
0001f391  ti_sysbios_family_arm_lm4_TimestampProvider_getFreq__E               
0001f391  xdc_runtime_Timestamp_SupportProxy_getFreq__E                        
0001f3a1  ti_sysbios_BIOS_setThreadType__E                                     
0001f3b1  osi_start                                                            
0001f3b1  ti_sysbios_BIOS_start__E                                             
0001f3c1  ti_sysbios_family_arm_lm4_TimestampProvider_rolloverFunc__E          
0001f3d1  ti_sysbios_family_arm_m3_TaskSupport_glue                            
0001f3e1  ti_sysbios_gates_GateMutex_Instance_finalize__E                      
0001f3f1  ti_sysbios_knl_Semaphore_Instance_finalize__E                        
0001f401  ti_sysbios_knl_Swi_disable__E                                        
0001f411  osi_TaskDisable                                                      
0001f411  ti_sysbios_knl_Task_disable__E                                       
0001f421  ti_uia_loggers_LoggerStopMode_Object__get__S                         
0001f431  ti_uia_loggers_LoggerStopMode_isEmpty__E                             
0001f441  uDMAEnable                                                           
0001f451  xdc_runtime_Gate_leaveSystem__E                                      
0001f461  xdc_runtime_Memory_free__E                                           
0001f471  xdc_runtime_SysMin_ready__E                                          
0001f471  xdc_runtime_System_SupportProxy_ready__E                             
0001f481  xdc_runtime_System_vsnprintf__E                                      
0001f491  xdc_runtime_Text_visitRope__I                                        
0001f4a1  ADCSequenceDisable                                                   
0001f4af  ADCSequenceEnable                                                    
0001f4bd  GPIOIntStatus                                                        
0001f4cb  TimerEnable                                                          
0001f4d9  __TI_decompress_none                                                 
0001f4e9  ti_sysbios_knl_Idle_loop__E                                          
0001f4f9  ti_sysbios_knl_Queue_empty__E                                        
0001f507  ADCReferenceSet                                                      
0001f513  GPIOPinRead                                                          
0001f519  ti_sysbios_family_arm_lm4_Timer_getMaxTicks__E                       
0001f529  ti_sysbios_family_arm_lm4_TimestampProvider_startTimer__E            
0001f535  ti_sysbios_family_arm_m3_Hwi_Params__init__S                         
0001f535  ti_sysbios_hal_Hwi_HwiProxy_Params__init__S                          
0001f541  ti_sysbios_family_arm_m3_Hwi_disableFxn__E                           
0001f541  ti_sysbios_hal_Hwi_HwiProxy_disable__E                               
0001f551  ti_sysbios_family_arm_m3_TaskSupport_checkStack__E                   
0001f551  ti_sysbios_knl_Task_SupportProxy_checkStack__E                       
0001f561  ti_sysbios_gates_GateHwi_enter__E                                    
0001f56d  ti_sysbios_knl_Queue_Object__get__S                                  
0001f579  ti_sysbios_utils_Load_taskRegHook__E                                 
0001f585  uDMAControlBaseSet                                                   
0001f591  xdc_runtime_Error_init__E                                            
0001f59d  xdc_runtime_Gate_enterSystem__E                                      
0001f5a9  xdc_runtime_Memory_calloc__E                                         
0001f5b5  xdc_runtime_Memory_getMaxDefaultTypeAlign__E                         
0001f5c1  xdc_runtime_Memory_HeapProxy_alloc__E                                
0001f5cb  xdc_runtime_Memory_HeapProxy_free__E                                 
0001f5d5  ADCIntEnableEx                                                       
0001f5dd  EK_TM4C1294XL_initGPIO                                               
0001f5e5  ti_sysbios_family_arm_lm4_Timer_masterDisable__I                     
0001f5f1  ti_sysbios_family_arm_m3_Hwi_doSwiRestore__I                         
0001f5f9  ti_sysbios_family_arm_m3_Hwi_startup__E                              
0001f5f9  ti_sysbios_hal_Hwi_HwiProxy_startup__E                               
0001f601  ti_sysbios_knl_Task_getHookContext__E                                
0001f609  GPIOPinWrite                                                         
0001f60f  SysCtlDelay                                                          
0001f615  __TI_decompress_rle24                                                
0001f61b  xdc_runtime_System_Module_startup__E                                 
0001f621  ti_sysbios_family_arm_lm4_TimestampProvider_Module_startup__E        
0001f629  ti_sysbios_family_arm_m3_Hwi_restoreFxn__E                           
0001f629  ti_sysbios_hal_Hwi_HwiProxy_restore__E                               
0001f631  ti_sysbios_gates_GateHwi_leave__E                                    
0001f639  ti_sysbios_heaps_HeapMem_isBlocking__E                               
0001f641  ti_sysbios_knl_Queue_Instance_init__E                                
0001f649  ti_sysbios_family_arm_lm4_Timer_getPeriod__E                         
0001f651  ti_sysbios_gates_GateHwi_query__E                                    
0001f651  xdc_runtime_Main_Module_GateProxy_query__E                           
0001f651  xdc_runtime_System_Module_GateProxy_query__E                         
0001f659  ti_sysbios_BIOS_RtsGateProxy_query__E                                
0001f659  ti_sysbios_gates_GateMutex_query__E                                  
0001f659  ti_sysbios_heaps_HeapMem_Module_GateProxy_query__E                   
0001f661  ti_sysbios_knl_Task_startup__E                                       
0001f669  ti_sysbios_gates_GateHwi_Instance_init__E                            
0001f670  __TI_static_base__                                                   
0001fb7c  __TI_Handler_Table_Base                                              
0001fb84  __TI_CINIT_Base                                                      
0001fb84  __TI_Handler_Table_Limit                                             
0001fb9c  __TI_CINIT_Limit                                                     
20000000  ti_sysbios_family_arm_m3_Hwi_ramVectors                              
20000400  ti_sysbios_knl_Task_Instance_State_0_stack__A                        
20000600  ti_sysbios_knl_Task_Instance_State_1_stack__A                        
20000800  ti_sysbios_knl_Task_Instance_State_2_stack__A                        
20000a00  ti_sysbios_knl_Task_Instance_State_3_stack__A                        
20000c00  data_array1                                                          
20001400  data_array2                                                          
20001c00  data_proc0                                                           
20002000  data_proc1                                                           
20002400  data_proc2                                                           
20002800  data_proc3                                                           
20002c00  ti_sysbios_heaps_HeapMem_Instance_State_0_buf__A                     
20003000  ti_uia_loggers_LoggerStopMode_Instance_State_1_packetArray__A        
20003400  ti_uia_loggers_LoggerStopMode_Instance_State_2_packetArray__A        
20003800  udmaCtrlTable                                                        
20003c00  ti_sysbios_family_arm_m3_Hwi_dispatchTable                           
20003f60  data_proc0_mag                                                       
20004160  data_proc1_mag                                                       
20004360  data_proc2_mag                                                       
20004560  data_proc3_mag                                                       
2000476c  ti_sysbios_family_arm_m3_Hwi_Instance_State_0_hookEnv__A             
20004770  ti_sysbios_family_arm_m3_Hwi_Instance_State_1_hookEnv__A             
20004774  ti_sysbios_family_arm_m3_Hwi_Instance_State_2_hookEnv__A             
20004778  ti_sysbios_knl_Swi_Instance_State_0_hookEnv__A                       
2000477c  ti_sysbios_knl_Task_Instance_State_0_hookEnv__A                      
20004780  ti_uia_loggers_LoggerStopMode_Instance_State_0_packetArray__A        
20004980  __CIOBUF_                                                            
20004b30  xdc_runtime_SysMin_Module_State_0_outbuf__A                          
20004bb0  ti_sysbios_knl_Task_Instance_State_1_hookEnv__A                      
20004bb4  ti_sysbios_knl_Task_Instance_State_2_hookEnv__A                      
20004bb8  ti_sysbios_knl_Task_Instance_State_3_hookEnv__A                      
20004c00  ti_uia_loggers_LoggerStopMode_Instance_State_0_hdr__A                
20004c80  ti_uia_loggers_LoggerStopMode_Instance_State_1_hdr__A                
20004d00  ti_uia_loggers_LoggerStopMode_Instance_State_2_hdr__A                
20004d30  ti_sysbios_knl_Task_Object__table__V                                 
20004e70  ti_uia_loggers_LoggerStopMode_Object__table__V                       
20004f0c  ti_sysbios_utils_Load_Module__state__V                               
20004fa4  ti_sysbios_family_arm_lm4_Timer_Object__table__V                     
20005024  ti_sysbios_knl_Swi_Module_State_0_readyQ__A                          
200050a4  ti_sysbios_knl_Task_Module_State_0_readyQ__A                         
20005124  ti_sysbios_utils_Load_Module_State_0_taskEnv__A                      
20005194  ti_sysbios_family_arm_m3_Hwi_Object__table__V                        
200051dc  ti_sysbios_knl_Task_Module__state__V                                 
20005220  ti_sysbios_family_arm_lm4_Timer_Module_State_0_device__A             
20005260  ti_sysbios_gates_GateMutex_Object__table__V                          
20005298  ti_sysbios_family_arm_m3_Hwi_Module__state__V                        
200052cc  ti_sysbios_knl_Swi_Object__table__V                                  
200052fc  ti_sysbios_knl_Clock_Module__state__V                                
20005328  ti_sysbios_knl_Semaphore_Object__table__V                            
20005350  ti_sysbios_BIOS_Module__state__V                                     
20005374  ti_sysbios_family_arm_lm4_Timer_Module_State_0_handles__A            
20005394  ti_sysbios_knl_Swi_Module__state__V                                  
200053b0  gpioPinConfigs                                                       
200053c8  rms0                                                                 
200053cc  rms1                                                                 
200053d0  rms2                                                                 
200053d4  rms3                                                                 
200053d8  buffer                                                               
200053dc  uDMATransferCount                                                    
200053e0  ti_sysbios_heaps_HeapMem_Object__table__V                            
200053f8  __TI_cleanup_ptr                                                     
200053fc  __TI_dtors_ptr                                                       
20005400  __TI_enable_exit_profile_output                                      
20005404  ti_sysbios_family_arm_lm4_Timer_Module__state__V                     
20005410  ti_sysbios_knl_Task_Module__root__V                                  
2000541c  ti_uia_runtime_QueueDescriptor_Module__state__V                      
20005428  xdc_runtime_SysMin_Module__state__V                                  
20005434  _lock                                                                
20005438  _unlock                                                              
2000543c  gpioCallbackFunctions                                                
20005444  ti_uia_runtime_QueueDescriptor_gPtrToFirstDescriptor                 
20005448  ti_uia_runtime_QueueDescriptor_gUpdateCount                          
2000544c  ti_sysbios_family_arm_lm4_TimestampProvider_Module__state__V         
20005454  ti_sysbios_family_arm_m3_Hwi_Module__root__V                         
2000545c  ti_sysbios_gates_GateHwi_Module__root__V                             
20005464  ti_sysbios_gates_GateMutex_Module__root__V                           
2000546c  ti_sysbios_heaps_HeapMem_Module__root__V                             
20005474  ti_sysbios_knl_Queue_Module__root__V                                 
2000547c  ti_sysbios_knl_Semaphore_Module__root__V                             
20005484  ti_uia_loggers_LoggerStopMode_Module__root__V                        
2000548c  xdc_runtime_Registry_Module__state__V                                
20005494  xdc_runtime_Startup_Module__state__V                                 
2000549c  xdc_runtime_System_Module_State_0_atexitHandlers__A                  
200054a4  xdc_runtime_System_Module__state__V                                  
200054b2  ti_sysbios_family_arm_m3_Hwi_Module_State_0_excActive__A             
200054b4  errno                                                                
200054b8  main_func_sp                                                         
200054bc  ti_sysbios_family_arm_m3_Hwi_Module_State_0_excContext__A            
200054c0  ti_sysbios_family_arm_m3_Hwi_Module_State_0_excStack__A              
200054c4  ti_sysbios_gates_GateHwi_Object__table__V                            
200054c8  ti_sysbios_knl_Task_Module_State_0_idleTask__A                       
200054cc  ti_sysbios_utils_Load_Module_State_0_runningTask__A                  
200054d0  ti_sysbios_utils_Load_Module_State_0_taskStartTime__A                
200054d4  xdc_runtime_Memory_Module__state__V                                  
200054d8  xdc_runtime_Error_Module__state__V                                   
200054da  xdc_runtime_Main_Module__root__V                                     
200054dc  __stack                                                              
200057dc  __STACK_END                                                          
e000e000  ti_sysbios_family_arm_m3_Hwi_nvic                                    
ffffffff  __TI_pprof_out_hndl                                                  
ffffffff  __TI_prof_data_size                                                  
ffffffff  __TI_prof_data_start                                                 
ffffffff  __binit__                                                            
ffffffff  __c_args__                                                           
ffffffff  binit                                                                
UNDEFED   SHT$$INIT_ARRAY$$Base                                                
UNDEFED   SHT$$INIT_ARRAY$$Limit                                               

[805 symbols]
