******************************************************************************
                  TI ARM Linker PC v15.12.1                    
******************************************************************************
>> Linked Tue Aug 09 02:30:36 2016

OUTPUT FILE NAME:   <ADC_8CH.out>
ENTRY POINT SYMBOL: "_c_int00"  address: 0001dc29


MEMORY CONFIGURATION

         name            origin    length      used     unused   attr    fill
----------------------  --------  ---------  --------  --------  ----  --------
  FLASH                 00000000   00100000  0001fec3  000e013d  R  X
  SRAM                  20000000   00040000  00007360  00038ca0  RW X


SEGMENT ALLOCATION MAP

run origin  load origin   length   init length attrs members
----------  ----------- ---------- ----------- ----- -------
00000000    00000000    0001fecc   0001fecc    r-x
  00000000    00000000    0000003c   0000003c    r-- .resetVecs
  0000003c    0000003c    00016179   00016179    r-- .const
  000161b8    000161b8    000097da   000097da    r-x .text
  0001f998    0001f998    00000534   00000534    r-- .cinit
20000000    20000000    00000360   00000000    rw-
  20000000    20000000    00000360   00000000    rw- .vecs
20000400    20000400    00007000   00000000    rw-
  20000400    20000400    00006530   00000000    rw- .bss
  20006930    20006930    000007d0   00000000    rw- .data
  20007100    20007100    00000300   00000000    rw- .stack


SECTION ALLOCATION MAP

 output                                  attributes/
section   page    origin      length       input sections
--------  ----  ----------  ----------   ----------------
.const     0    0000003c    00016179     
                  0000003c    00004000     dsplib-cm4f.lib : arm_common_tables.obj (.const:twiddleCoef_2048)
                  0000403c    00004000                     : arm_common_tables.obj (.const:twiddleCoef_rfft_4096)
                  0000803c    000020c8     RTOS_config_pem4f.oem4f (.const:xdc_runtime_Text_charTab__A)
                  0000a104    00002000     dsplib-cm4f.lib : arm_common_tables.obj (.const:twiddleCoef_1024)
                  0000c104    00002000                     : arm_common_tables.obj (.const:twiddleCoef_rfft_2048)
                  0000e104    00001dc0                     : arm_common_tables.obj (.const:armBitRevIndexTable2048)
                  0000fec4    00001000                     : arm_common_tables.obj (.const:twiddleCoef_512)
                  00010ec4    00001000                     : arm_common_tables.obj (.const:twiddleCoef_rfft_1024)
                  00011ec4    00000e10                     : arm_common_tables.obj (.const:armBitRevIndexTable1024)
                  00012cd4    00000800                     : arm_common_tables.obj (.const:twiddleCoef_256)
                  000134d4    00000800                     : arm_common_tables.obj (.const:twiddleCoef_rfft_512)
                  00013cd4    00000400                     : arm_common_tables.obj (.const:twiddleCoef_128)
                  000140d4    00000400                     : arm_common_tables.obj (.const:twiddleCoef_rfft_256)
                  000144d4    00000380                     : arm_common_tables.obj (.const:armBitRevIndexTable512)
                  00014854    00000370                     : arm_common_tables.obj (.const:armBitRevIndexTable256)
                  00014bc4    00000200                     : arm_common_tables.obj (.const:twiddleCoef_64)
                  00014dc4    00000200                     : arm_common_tables.obj (.const:twiddleCoef_rfft_128)
                  00014fc4    000001a0                     : arm_common_tables.obj (.const:armBitRevIndexTable128)
                  00015164    00000120     Boot.aem4f : Boot_sysctl.oem4f (.const:g_pppui32XTALtoVCO)
                  00015284    00000120     driverlib.lib : sysctl.obj (.const:g_pppui32XTALtoVCO)
                  000153a4    00000108     RTOS_config_pem4f.oem4f (.const:xdc_runtime_Text_nodeTab__A)
                  000154ac    00000100     dsplib-cm4f.lib : arm_common_tables.obj (.const:twiddleCoef_32)
                  000155ac    00000100                     : arm_common_tables.obj (.const:twiddleCoef_rfft_64)
                  000156ac    00000080                     : arm_common_tables.obj (.const:twiddleCoef_16)
                  0001572c    00000080                     : arm_common_tables.obj (.const:twiddleCoef_rfft_32)
                  000157ac    00000070                     : arm_common_tables.obj (.const:armBitRevIndexTable64)
                  0001581c    00000070     driverlib.lib : interrupt.obj (.const)
                  0001588c    0000006c     Boot.aem4f : Boot_sysctl.oem4f (.const:g_pui32Xtals)
                  000158f8    0000006c     driverlib.lib : sysctl.obj (.const:g_pui32Xtals)
                  00015964    00000060     dsplib-cm4f.lib : arm_common_tables.obj (.const:armBitRevIndexTable32)
                  000159c4    00000060     RTOS_config_pem4f.oem4f (.const:ti_uia_loggers_LoggerStopMode_Module__FXNS__C)
                  00015a24    00000054     drivers_tivaware.aem4f : GPIOTiva.oem4f (.const:.string)
                  00015a78    00000048     RTOS_config_pem4f.oem4f (.const:.string)
                  00015ac0    00000048     drivers_tivaware.aem4f : GPIOTiva.oem4f (.const:gpioBaseAddresses)
                  00015b08    00000030     Boot.aem4f : Boot_sysctl.oem4f (.const:g_sXTALtoMEMTIM)
                  00015b38    00000030     driverlib.lib : sysctl.obj (.const:g_sXTALtoMEMTIM)
                  00015b68    00000030     RTOS_config_pem4f.oem4f (.const:ti_sysbios_family_arm_m3_Hwi_Object__PARAMS__C)
                  00015b98    00000028     dsplib-cm4f.lib : arm_common_tables.obj (.const:armBitRevIndexTable16)
                  00015bc0    00000028     RTOS_config_pem4f.oem4f (.const:ti_sysbios_heaps_HeapMem_Module__FXNS__C)
                  00015be8    00000028     RTOS_config_pem4f.oem4f (.const:ti_uia_loggers_LoggerStopMode_Object__PARAMS__C)
                  00015c10    00000028     RTOS_config_pem4f.oem4f (.const:xdc_runtime_Startup_sfxnTab__A)
                  00015c38    00000024     RTOS_config_pem4f.oem4f (.const:ti_sysbios_gates_GateHwi_Module__FXNS__C)
                  00015c5c    00000024     RTOS_config_pem4f.oem4f (.const:ti_sysbios_gates_GateMutex_Module__FXNS__C)
                  00015c80    00000024     RTOS_config_pem4f.oem4f (.const:ti_sysbios_heaps_HeapMem_Object__PARAMS__C)
                  00015ca4    00000024     RTOS_config_pem4f.oem4f (.const:ti_sysbios_knl_Semaphore_Object__PARAMS__C)
                  00015cc8    00000020     RTOS_config_pem4f.oem4f (.const:ti_sysbios_family_arm_m3_Hwi_Object__DESC__C)
                  00015ce8    00000020     RTOS_config_pem4f.oem4f (.const:ti_sysbios_gates_GateHwi_Object__DESC__C)
                  00015d08    00000020     RTOS_config_pem4f.oem4f (.const:ti_sysbios_gates_GateMutex_Object__DESC__C)
                  00015d28    00000020     RTOS_config_pem4f.oem4f (.const:ti_sysbios_heaps_HeapMem_Object__DESC__C)
                  00015d48    00000020     RTOS_config_pem4f.oem4f (.const:ti_sysbios_knl_Queue_Object__DESC__C)
                  00015d68    00000020     RTOS_config_pem4f.oem4f (.const:ti_sysbios_knl_Semaphore_Object__DESC__C)
                  00015d88    00000020     RTOS_config_pem4f.oem4f (.const:ti_uia_loggers_LoggerStopMode_Object__DESC__C)
                  00015da8    0000001c     RTOS_config_pem4f.oem4f (.const)
                  00015dc4    00000018     RTOS_config_pem4f.oem4f (.const:ti_sysbios_gates_GateHwi_Object__PARAMS__C)
                  00015ddc    00000018     RTOS_config_pem4f.oem4f (.const:ti_sysbios_gates_GateMutex_Object__PARAMS__C)
                  00015df4    00000018     RTOS_config_pem4f.oem4f (.const:ti_sysbios_knl_Queue_Object__PARAMS__C)
                  00015e0c    00000018     RTOS_config_pem4f.oem4f (.const:ti_sysbios_knl_Swi_hooks__A)
                  00015e24    00000018     RTOS_config_pem4f.oem4f (.const:ti_sysbios_knl_Task_hooks__A)
                  00015e3c    00000014     EK_TM4C1294XL.obj (.const:GPIOTiva_config)
                  00015e50    00000014     RTOS_config_pem4f.oem4f (.const:ti_sysbios_family_arm_m3_Hwi_hooks__A)
                  00015e64    00000014     RTOS_config_pem4f.oem4f (.const:xdc_runtime_Startup_firstFxns__A)
                  00015e78    00000014     RTOS_config_pem4f.oem4f (.const:xdc_runtime_Startup_sfxnRts__A)
                  00015e8c    0000000c     RTOS_config_pem4f.oem4f (.const:ti_sysbios_knl_Idle_funcList__A)
                  00015e98    00000008     Boot.aem4f : Boot_sysctl.oem4f (.const)
                  00015ea0    00000008     driverlib.lib : sysctl.obj (.const)
                  00015ea8    00000008     RTOS_config_pem4f.oem4f (.const:ti_sysbios_family_arm_m3_Hwi_excHookFuncs__A)
                  00015eb0    00000008     RTOS_config_pem4f.oem4f (.const:ti_sysbios_family_arm_m3_Hwi_hooks__C)
                  00015eb8    00000008     RTOS_config_pem4f.oem4f (.const:ti_sysbios_knl_Idle_funcList__C)
                  00015ec0    00000008     RTOS_config_pem4f.oem4f (.const:ti_sysbios_knl_Swi_hooks__C)
                  00015ec8    00000008     RTOS_config_pem4f.oem4f (.const:ti_sysbios_knl_Task_hooks__C)
                  00015ed0    00000008     RTOS_config_pem4f.oem4f (.const:xdc_runtime_Startup_firstFxns__C)
                  00015ed8    00000008     RTOS_config_pem4f.oem4f (.const:xdc_runtime_Startup_lastFxns__C)
                  00015ee0    00000004     RTOS_config_pem4f.oem4f (.const:ti_catalog_arm_cortexm4_tiva_ce_Boot_A_mustNotUseEnhancedClockMode__C)
                  00015ee4    00000004     RTOS_config_pem4f.oem4f (.const:ti_catalog_arm_cortexm4_tiva_ce_Boot_Module__diagsEnabled__C)
                  00015ee8    00000004     RTOS_config_pem4f.oem4f (.const:ti_catalog_arm_cortexm4_tiva_ce_Boot_Module__diagsIncluded__C)
                  00015eec    00000004     RTOS_config_pem4f.oem4f (.const:ti_catalog_arm_cortexm4_tiva_ce_Boot_Module__diagsMask__C)
                  00015ef0    00000004     RTOS_config_pem4f.oem4f (.const:ti_sysbios_family_arm_lm4_Timer_enableFunc__C)
                  00015ef4    00000004     RTOS_config_pem4f.oem4f (.const:ti_sysbios_family_arm_lm4_Timer_numTimerDevices__C)
                  00015ef8    00000004     RTOS_config_pem4f.oem4f (.const:ti_sysbios_family_arm_lm4_Timer_startupNeeded__C)
                  00015efc    00000004     RTOS_config_pem4f.oem4f (.const:ti_sysbios_family_arm_m3_Hwi_E_NMI__C)
                  00015f00    00000004     RTOS_config_pem4f.oem4f (.const:ti_sysbios_family_arm_m3_Hwi_E_alreadyDefined__C)
                  00015f04    00000004     RTOS_config_pem4f.oem4f (.const:ti_sysbios_family_arm_m3_Hwi_E_busFault__C)
                  00015f08    00000004     RTOS_config_pem4f.oem4f (.const:ti_sysbios_family_arm_m3_Hwi_E_debugMon__C)
                  00015f0c    00000004     RTOS_config_pem4f.oem4f (.const:ti_sysbios_family_arm_m3_Hwi_E_hardFault__C)
                  00015f10    00000004     RTOS_config_pem4f.oem4f (.const:ti_sysbios_family_arm_m3_Hwi_E_memFault__C)
                  00015f14    00000004     RTOS_config_pem4f.oem4f (.const:ti_sysbios_family_arm_m3_Hwi_E_noIsr__C)
                  00015f18    00000004     RTOS_config_pem4f.oem4f (.const:ti_sysbios_family_arm_m3_Hwi_E_reserved__C)
                  00015f1c    00000004     RTOS_config_pem4f.oem4f (.const:ti_sysbios_family_arm_m3_Hwi_E_svCall__C)
                  00015f20    00000004     RTOS_config_pem4f.oem4f (.const:ti_sysbios_family_arm_m3_Hwi_E_usageFault__C)
                  00015f24    00000004     RTOS_config_pem4f.oem4f (.const:ti_sysbios_family_arm_m3_Hwi_LD_end__C)
                  00015f28    00000004     RTOS_config_pem4f.oem4f (.const:ti_sysbios_family_arm_m3_Hwi_LM_begin__C)
                  00015f2c    00000004     RTOS_config_pem4f.oem4f (.const:ti_sysbios_family_arm_m3_Hwi_Module__diagsEnabled__C)
                  00015f30    00000004     RTOS_config_pem4f.oem4f (.const:ti_sysbios_family_arm_m3_Hwi_Module__diagsIncluded__C)
                  00015f34    00000004     RTOS_config_pem4f.oem4f (.const:ti_sysbios_family_arm_m3_Hwi_Module__diagsMask__C)
                  00015f38    00000004     RTOS_config_pem4f.oem4f (.const:ti_sysbios_family_arm_m3_Hwi_Module__loggerFxn1__C)
                  00015f3c    00000004     RTOS_config_pem4f.oem4f (.const:ti_sysbios_family_arm_m3_Hwi_Module__loggerFxn8__C)
                  00015f40    00000004     RTOS_config_pem4f.oem4f (.const:ti_sysbios_family_arm_m3_Hwi_Module__loggerObj__C)
                  00015f44    00000004     RTOS_config_pem4f.oem4f (.const:ti_sysbios_family_arm_m3_Hwi_NUM_INTERRUPTS__C)
                  00015f48    00000004     RTOS_config_pem4f.oem4f (.const:ti_sysbios_family_arm_m3_Hwi_Object__count__C)
                  00015f4c    00000004     RTOS_config_pem4f.oem4f (.const:ti_sysbios_family_arm_m3_Hwi_Object__heap__C)
                  00015f50    00000004     RTOS_config_pem4f.oem4f (.const:ti_sysbios_family_arm_m3_Hwi_ccr__C)
                  00015f54    00000004     RTOS_config_pem4f.oem4f (.const:ti_sysbios_family_arm_m3_Hwi_excHandlerFunc__C)
                  00015f58    00000004     RTOS_config_pem4f.oem4f (.const:ti_sysbios_family_arm_m3_Hwi_excHookFuncs__C)
                  00015f5c    00000004     RTOS_config_pem4f.oem4f (.const:ti_sysbios_family_arm_m3_Hwi_nullIsrFunc__C)
                  00015f60    00000004     RTOS_config_pem4f.oem4f (.const:ti_sysbios_family_arm_m3_Hwi_priGroup__C)
                  00015f64    00000004     RTOS_config_pem4f.oem4f (.const:ti_sysbios_gates_GateMutex_A_badContext__C)
                  00015f68    00000004     RTOS_config_pem4f.oem4f (.const:ti_sysbios_gates_GateMutex_Instance_State_sem__O)
                  00015f6c    00000004     RTOS_config_pem4f.oem4f (.const:ti_sysbios_gates_GateMutex_Module__diagsEnabled__C)
                  00015f70    00000004     RTOS_config_pem4f.oem4f (.const:ti_sysbios_gates_GateMutex_Module__diagsIncluded__C)
                  00015f74    00000004     RTOS_config_pem4f.oem4f (.const:ti_sysbios_gates_GateMutex_Module__diagsMask__C)
                  00015f78    00000004     RTOS_config_pem4f.oem4f (.const:ti_sysbios_hal_Hwi_E_stackOverflow__C)
                  00015f7c    00000004     RTOS_config_pem4f.oem4f (.const:ti_sysbios_heaps_HeapMem_A_align__C)
                  00015f80    00000004     RTOS_config_pem4f.oem4f (.const:ti_sysbios_heaps_HeapMem_A_heapSize__C)
                  00015f84    00000004     RTOS_config_pem4f.oem4f (.const:ti_sysbios_heaps_HeapMem_A_invalidFree__C)
                  00015f88    00000004     RTOS_config_pem4f.oem4f (.const:ti_sysbios_heaps_HeapMem_A_zeroBlock__C)
                  00015f8c    00000004     RTOS_config_pem4f.oem4f (.const:ti_sysbios_heaps_HeapMem_E_memory__C)
                  00015f90    00000004     RTOS_config_pem4f.oem4f (.const:ti_sysbios_heaps_HeapMem_Module__diagsEnabled__C)
                  00015f94    00000004     RTOS_config_pem4f.oem4f (.const:ti_sysbios_heaps_HeapMem_Module__diagsIncluded__C)
                  00015f98    00000004     RTOS_config_pem4f.oem4f (.const:ti_sysbios_heaps_HeapMem_Module__diagsMask__C)
                  00015f9c    00000004     RTOS_config_pem4f.oem4f (.const:ti_sysbios_heaps_HeapMem_Module__gateObj__C)
                  00015fa0    00000004     RTOS_config_pem4f.oem4f (.const:ti_sysbios_heaps_HeapMem_Object__count__C)
                  00015fa4    00000004     RTOS_config_pem4f.oem4f (.const:ti_sysbios_heaps_HeapMem_reqAlign__C)
                  00015fa8    00000004     RTOS_config_pem4f.oem4f (.const:ti_sysbios_knl_Clock_LM_begin__C)
                  00015fac    00000004     RTOS_config_pem4f.oem4f (.const:ti_sysbios_knl_Clock_LM_tick__C)
                  00015fb0    00000004     RTOS_config_pem4f.oem4f (.const:ti_sysbios_knl_Clock_LW_delayed__C)
                  00015fb4    00000004     RTOS_config_pem4f.oem4f (.const:ti_sysbios_knl_Clock_Module_State_clockQ__O)
                  00015fb8    00000004     RTOS_config_pem4f.oem4f (.const:ti_sysbios_knl_Clock_Module__diagsEnabled__C)
                  00015fbc    00000004     RTOS_config_pem4f.oem4f (.const:ti_sysbios_knl_Clock_Module__diagsIncluded__C)
                  00015fc0    00000004     RTOS_config_pem4f.oem4f (.const:ti_sysbios_knl_Clock_Module__diagsMask__C)
                  00015fc4    00000004     RTOS_config_pem4f.oem4f (.const:ti_sysbios_knl_Clock_Module__loggerFxn1__C)
                  00015fc8    00000004     RTOS_config_pem4f.oem4f (.const:ti_sysbios_knl_Clock_Module__loggerFxn2__C)
                  00015fcc    00000004     RTOS_config_pem4f.oem4f (.const:ti_sysbios_knl_Clock_Module__loggerObj__C)
                  00015fd0    00000004     RTOS_config_pem4f.oem4f (.const:ti_sysbios_knl_Semaphore_A_badContext__C)
                  00015fd4    00000004     RTOS_config_pem4f.oem4f (.const:ti_sysbios_knl_Semaphore_A_noEvents__C)
                  00015fd8    00000004     RTOS_config_pem4f.oem4f (.const:ti_sysbios_knl_Semaphore_A_overflow__C)
                  00015fdc    00000004     RTOS_config_pem4f.oem4f (.const:ti_sysbios_knl_Semaphore_A_pendTaskDisabled__C)
                  00015fe0    00000004     RTOS_config_pem4f.oem4f (.const:ti_sysbios_knl_Semaphore_Instance_State_pendQ__O)
                  00015fe4    00000004     RTOS_config_pem4f.oem4f (.const:ti_sysbios_knl_Semaphore_LM_pend__C)
                  00015fe8    00000004     RTOS_config_pem4f.oem4f (.const:ti_sysbios_knl_Semaphore_LM_post__C)
                  00015fec    00000004     RTOS_config_pem4f.oem4f (.const:ti_sysbios_knl_Semaphore_Module__diagsEnabled__C)
                  00015ff0    00000004     RTOS_config_pem4f.oem4f (.const:ti_sysbios_knl_Semaphore_Module__diagsIncluded__C)
                  00015ff4    00000004     RTOS_config_pem4f.oem4f (.const:ti_sysbios_knl_Semaphore_Module__diagsMask__C)
                  00015ff8    00000004     RTOS_config_pem4f.oem4f (.const:ti_sysbios_knl_Semaphore_Module__loggerFxn2__C)
                  00015ffc    00000004     RTOS_config_pem4f.oem4f (.const:ti_sysbios_knl_Semaphore_Module__loggerFxn4__C)
                  00016000    00000004     RTOS_config_pem4f.oem4f (.const:ti_sysbios_knl_Semaphore_Module__loggerObj__C)
                  00016004    00000004     RTOS_config_pem4f.oem4f (.const:ti_sysbios_knl_Swi_LD_end__C)
                  00016008    00000004     RTOS_config_pem4f.oem4f (.const:ti_sysbios_knl_Swi_LM_begin__C)
                  0001600c    00000004     RTOS_config_pem4f.oem4f (.const:ti_sysbios_knl_Swi_LM_post__C)
                  00016010    00000004     RTOS_config_pem4f.oem4f (.const:ti_sysbios_knl_Swi_Module__diagsEnabled__C)
                  00016014    00000004     RTOS_config_pem4f.oem4f (.const:ti_sysbios_knl_Swi_Module__diagsIncluded__C)
                  00016018    00000004     RTOS_config_pem4f.oem4f (.const:ti_sysbios_knl_Swi_Module__diagsMask__C)
                  0001601c    00000004     RTOS_config_pem4f.oem4f (.const:ti_sysbios_knl_Swi_Module__loggerFxn1__C)
                  00016020    00000004     RTOS_config_pem4f.oem4f (.const:ti_sysbios_knl_Swi_Module__loggerFxn4__C)
                  00016024    00000004     RTOS_config_pem4f.oem4f (.const:ti_sysbios_knl_Swi_Module__loggerObj__C)
                  00016028    00000004     RTOS_config_pem4f.oem4f (.const:ti_sysbios_knl_Swi_Object__count__C)
                  0001602c    00000004     RTOS_config_pem4f.oem4f (.const:ti_sysbios_knl_Swi_numConstructedSwis__C)
                  00016030    00000004     RTOS_config_pem4f.oem4f (.const:ti_sysbios_knl_Task_E_spOutOfBounds__C)
                  00016034    00000004     RTOS_config_pem4f.oem4f (.const:ti_sysbios_knl_Task_E_stackOverflow__C)
                  00016038    00000004     RTOS_config_pem4f.oem4f (.const:ti_sysbios_knl_Task_LD_block__C)
                  0001603c    00000004     RTOS_config_pem4f.oem4f (.const:ti_sysbios_knl_Task_LD_exit__C)
                  00016040    00000004     RTOS_config_pem4f.oem4f (.const:ti_sysbios_knl_Task_LD_ready__C)
                  00016044    00000004     RTOS_config_pem4f.oem4f (.const:ti_sysbios_knl_Task_LM_switch__C)
                  00016048    00000004     RTOS_config_pem4f.oem4f (.const:ti_sysbios_knl_Task_Module_State_inactiveQ__O)
                  0001604c    00000004     RTOS_config_pem4f.oem4f (.const:ti_sysbios_knl_Task_Module__diagsEnabled__C)
                  00016050    00000004     RTOS_config_pem4f.oem4f (.const:ti_sysbios_knl_Task_Module__diagsIncluded__C)
                  00016054    00000004     RTOS_config_pem4f.oem4f (.const:ti_sysbios_knl_Task_Module__diagsMask__C)
                  00016058    00000004     RTOS_config_pem4f.oem4f (.const:ti_sysbios_knl_Task_Module__loggerFxn2__C)
                  0001605c    00000004     RTOS_config_pem4f.oem4f (.const:ti_sysbios_knl_Task_Module__loggerFxn4__C)
                  00016060    00000004     RTOS_config_pem4f.oem4f (.const:ti_sysbios_knl_Task_Module__loggerObj__C)
                  00016064    00000004     RTOS_config_pem4f.oem4f (.const:ti_sysbios_knl_Task_Object__count__C)
                  00016068    00000004     RTOS_config_pem4f.oem4f (.const:ti_sysbios_knl_Task_Object__heap__C)
                  0001606c    00000004     RTOS_config_pem4f.oem4f (.const:ti_sysbios_knl_Task_allBlockedFunc__C)
                  00016070    00000004     RTOS_config_pem4f.oem4f (.const:ti_sysbios_knl_Task_numConstructedTasks__C)
                  00016074    00000004     RTOS_config_pem4f.oem4f (.const:ti_sysbios_utils_Load_LS_cpuLoad__C)
                  00016078    00000004     RTOS_config_pem4f.oem4f (.const:ti_sysbios_utils_Load_LS_hwiLoad__C)
                  0001607c    00000004     RTOS_config_pem4f.oem4f (.const:ti_sysbios_utils_Load_LS_swiLoad__C)
                  00016080    00000004     RTOS_config_pem4f.oem4f (.const:ti_sysbios_utils_Load_LS_taskLoad__C)
                  00016084    00000004     RTOS_config_pem4f.oem4f (.const:ti_sysbios_utils_Load_Module_State_taskList__O)
                  00016088    00000004     RTOS_config_pem4f.oem4f (.const:ti_sysbios_utils_Load_Module__diagsEnabled__C)
                  0001608c    00000004     RTOS_config_pem4f.oem4f (.const:ti_sysbios_utils_Load_Module__diagsIncluded__C)
                  00016090    00000004     RTOS_config_pem4f.oem4f (.const:ti_sysbios_utils_Load_Module__diagsMask__C)
                  00016094    00000004     RTOS_config_pem4f.oem4f (.const:ti_sysbios_utils_Load_Module__loggerFxn1__C)
                  00016098    00000004     RTOS_config_pem4f.oem4f (.const:ti_sysbios_utils_Load_Module__loggerFxn2__C)
                  0001609c    00000004     RTOS_config_pem4f.oem4f (.const:ti_sysbios_utils_Load_Module__loggerFxn4__C)
                  000160a0    00000004     RTOS_config_pem4f.oem4f (.const:ti_sysbios_utils_Load_Module__loggerObj__C)
                  000160a4    00000004     RTOS_config_pem4f.oem4f (.const:ti_sysbios_utils_Load_postUpdate__C)
                  000160a8    00000004     RTOS_config_pem4f.oem4f (.const:ti_sysbios_utils_Load_windowInMs__C)
                  000160ac    00000004     RTOS_config_pem4f.oem4f (.const:ti_uia_loggers_LoggerStopMode_Module__diagsEnabled__C)
                  000160b0    00000004     RTOS_config_pem4f.oem4f (.const:ti_uia_loggers_LoggerStopMode_Module__diagsIncluded__C)
                  000160b4    00000004     RTOS_config_pem4f.oem4f (.const:ti_uia_loggers_LoggerStopMode_Module__diagsMask__C)
                  000160b8    00000004     RTOS_config_pem4f.oem4f (.const:ti_uia_loggers_LoggerStopMode_Object__count__C)
                  000160bc    00000004     RTOS_config_pem4f.oem4f (.const:ti_uia_runtime_ILoggerSnapshot_Interface__BASE__C)
                  000160c0    00000004     RTOS_config_pem4f.oem4f (.const:ti_uia_runtime_IUIATransfer_Interface__BASE__C)
                  000160c4    00000004     RTOS_config_pem4f.oem4f (.const:xdc_runtime_Assert_E_assertFailed__C)
                  000160c8    00000004     RTOS_config_pem4f.oem4f (.const:xdc_runtime_Core_A_initializedParams__C)
                  000160cc    00000004     RTOS_config_pem4f.oem4f (.const:xdc_runtime_Core_Module__diagsEnabled__C)
                  000160d0    00000004     RTOS_config_pem4f.oem4f (.const:xdc_runtime_Core_Module__diagsIncluded__C)
                  000160d4    00000004     RTOS_config_pem4f.oem4f (.const:xdc_runtime_Core_Module__diagsMask__C)
                  000160d8    00000004     RTOS_config_pem4f.oem4f (.const:xdc_runtime_Error_E_memory__C)
                  000160dc    00000004     RTOS_config_pem4f.oem4f (.const:xdc_runtime_Error_Module__diagsEnabled__C)
                  000160e0    00000004     RTOS_config_pem4f.oem4f (.const:xdc_runtime_Error_Module__diagsIncluded__C)
                  000160e4    00000004     RTOS_config_pem4f.oem4f (.const:xdc_runtime_Error_Module__diagsMask__C)
                  000160e8    00000004     RTOS_config_pem4f.oem4f (.const:xdc_runtime_Error_Module__loggerFxn8__C)
                  000160ec    00000004     RTOS_config_pem4f.oem4f (.const:xdc_runtime_Error_Module__loggerObj__C)
                  000160f0    00000004     RTOS_config_pem4f.oem4f (.const:xdc_runtime_Error_policyFxn__C)
                  000160f4    00000004     RTOS_config_pem4f.oem4f (.const:xdc_runtime_Error_raiseHook__C)
                  000160f8    00000004     RTOS_config_pem4f.oem4f (.const:xdc_runtime_IFilterLogger_Interface__BASE__C)
                  000160fc    00000004     RTOS_config_pem4f.oem4f (.const:xdc_runtime_IGateProvider_Interface__BASE__C)
                  00016100    00000004     RTOS_config_pem4f.oem4f (.const:xdc_runtime_IHeap_Interface__BASE__C)
                  00016104    00000004     RTOS_config_pem4f.oem4f (.const:xdc_runtime_ILogger_Interface__BASE__C)
                  00016108    00000004     RTOS_config_pem4f.oem4f (.const:xdc_runtime_IModule_Interface__BASE__C)
                  0001610c    00000004     RTOS_config_pem4f.oem4f (.const:xdc_runtime_Log_L_error__C)
                  00016110    00000004     RTOS_config_pem4f.oem4f (.const:xdc_runtime_Log_L_info__C)
                  00016114    00000004     RTOS_config_pem4f.oem4f (.const:xdc_runtime_Main_Module__diagsEnabled__C)
                  00016118    00000004     RTOS_config_pem4f.oem4f (.const:xdc_runtime_Main_Module__diagsIncluded__C)
                  0001611c    00000004     RTOS_config_pem4f.oem4f (.const:xdc_runtime_Main_Module__diagsMask__C)
                  00016120    00000004     RTOS_config_pem4f.oem4f (.const:xdc_runtime_Main_Module__loggerFxn4__C)
                  00016124    00000004     RTOS_config_pem4f.oem4f (.const:xdc_runtime_Main_Module__loggerObj__C)
                  00016128    00000004     RTOS_config_pem4f.oem4f (.const:xdc_runtime_Memory_defaultHeapInstance__C)
                  0001612c    00000004     RTOS_config_pem4f.oem4f (.const:xdc_runtime_Startup_execImpl__C)
                  00016130    00000004     RTOS_config_pem4f.oem4f (.const:xdc_runtime_Startup_lastFxns__A)
                  00016134    00000004     RTOS_config_pem4f.oem4f (.const:xdc_runtime_Startup_maxPasses__C)
                  00016138    00000004     RTOS_config_pem4f.oem4f (.const:xdc_runtime_Startup_sfxnRts__C)
                  0001613c    00000004     RTOS_config_pem4f.oem4f (.const:xdc_runtime_Startup_sfxnTab__C)
                  00016140    00000004     RTOS_config_pem4f.oem4f (.const:xdc_runtime_SysMin_bufSize__C)
                  00016144    00000004     RTOS_config_pem4f.oem4f (.const:xdc_runtime_SysMin_outputFunc__C)
                  00016148    00000004     RTOS_config_pem4f.oem4f (.const:xdc_runtime_System_Module__gateObj__C)
                  0001614c    00000004     RTOS_config_pem4f.oem4f (.const:xdc_runtime_System_abortFxn__C)
                  00016150    00000004     RTOS_config_pem4f.oem4f (.const:xdc_runtime_System_exitFxn__C)
                  00016154    00000004     RTOS_config_pem4f.oem4f (.const:xdc_runtime_System_extendFxn__C)
                  00016158    00000004     RTOS_config_pem4f.oem4f (.const:xdc_runtime_System_maxAtexitHandlers__C)
                  0001615c    00000004     RTOS_config_pem4f.oem4f (.const:xdc_runtime_Text_charTab__C)
                  00016160    00000004     RTOS_config_pem4f.oem4f (.const:xdc_runtime_Text_nameEmpty__C)
                  00016164    00000004     RTOS_config_pem4f.oem4f (.const:xdc_runtime_Text_nameStatic__C)
                  00016168    00000004     RTOS_config_pem4f.oem4f (.const:xdc_runtime_Text_nameUnknown__C)
                  0001616c    00000004     RTOS_config_pem4f.oem4f (.const:xdc_runtime_Text_nodeTab__C)
                  00016170    00000004     RTOS_config_pem4f.oem4f (.const:xdc_runtime_Text_visitRopeFxn__C)
                  00016174    00000002     RTOS_config_pem4f.oem4f (.const:ti_catalog_arm_cortexm4_tiva_ce_Boot_Module__id__C)
                  00016176    00000002     RTOS_config_pem4f.oem4f (.const:ti_sysbios_family_arm_lm4_TimestampProvider_useClockTimer__C)
                  00016178    00000002     RTOS_config_pem4f.oem4f (.const:ti_sysbios_family_arm_m3_Hwi_Module__id__C)
                  0001617a    00000002     RTOS_config_pem4f.oem4f (.const:ti_sysbios_family_arm_m3_Hwi_Module__loggerDefined__C)
                  0001617c    00000002     RTOS_config_pem4f.oem4f (.const:ti_sysbios_gates_GateMutex_Module__id__C)
                  0001617e    00000002     RTOS_config_pem4f.oem4f (.const:ti_sysbios_hal_Hwi_Module__id__C)
                  00016180    00000002     RTOS_config_pem4f.oem4f (.const:ti_sysbios_heaps_HeapMem_Module__id__C)
                  00016182    00000002     RTOS_config_pem4f.oem4f (.const:ti_sysbios_knl_Clock_Module__id__C)
                  00016184    00000002     RTOS_config_pem4f.oem4f (.const:ti_sysbios_knl_Clock_Module__loggerDefined__C)
                  00016186    00000002     RTOS_config_pem4f.oem4f (.const:ti_sysbios_knl_Semaphore_Module__id__C)
                  00016188    00000002     RTOS_config_pem4f.oem4f (.const:ti_sysbios_knl_Semaphore_Module__loggerDefined__C)
                  0001618a    00000002     RTOS_config_pem4f.oem4f (.const:ti_sysbios_knl_Swi_Module__id__C)
                  0001618c    00000002     RTOS_config_pem4f.oem4f (.const:ti_sysbios_knl_Swi_Module__loggerDefined__C)
                  0001618e    00000002     RTOS_config_pem4f.oem4f (.const:ti_sysbios_knl_Task_Module__id__C)
                  00016190    00000002     RTOS_config_pem4f.oem4f (.const:ti_sysbios_knl_Task_Module__loggerDefined__C)
                  00016192    00000002     RTOS_config_pem4f.oem4f (.const:ti_sysbios_utils_Load_Module__id__C)
                  00016194    00000002     RTOS_config_pem4f.oem4f (.const:ti_sysbios_utils_Load_Module__loggerDefined__C)
                  00016196    00000002     RTOS_config_pem4f.oem4f (.const:ti_sysbios_utils_Load_autoAddTasks__C)
                  00016198    00000002     RTOS_config_pem4f.oem4f (.const:ti_sysbios_utils_Load_updateInIdle__C)
                  0001619a    00000002     RTOS_config_pem4f.oem4f (.const:ti_uia_loggers_LoggerStopMode_Module__id__C)
                  0001619c    00000002     RTOS_config_pem4f.oem4f (.const:ti_uia_loggers_LoggerStopMode_isTimestampEnabled__C)
                  0001619e    00000002     RTOS_config_pem4f.oem4f (.const:xdc_runtime_Core_Module__id__C)
                  000161a0    00000002     RTOS_config_pem4f.oem4f (.const:xdc_runtime_Error_Module__loggerDefined__C)
                  000161a2    00000002     RTOS_config_pem4f.oem4f (.const:xdc_runtime_Error_maxDepth__C)
                  000161a4    00000002     RTOS_config_pem4f.oem4f (.const:xdc_runtime_Main_Module__id__C)
                  000161a6    00000002     RTOS_config_pem4f.oem4f (.const:xdc_runtime_Main_Module__loggerDefined__C)
                  000161a8    00000002     RTOS_config_pem4f.oem4f (.const:xdc_runtime_Memory_Module__id__C)
                  000161aa    00000002     RTOS_config_pem4f.oem4f (.const:xdc_runtime_SysMin_flushAtExit__C)
                  000161ac    00000002     RTOS_config_pem4f.oem4f (.const:xdc_runtime_Text_charCnt__C)
                  000161ae    00000002     RTOS_config_pem4f.oem4f (.const:xdc_runtime_Text_isLoaded__C)
                  000161b0    00000002     RTOS_config_pem4f.oem4f (.const:xdc_runtime_Text_registryModsLastId__C)
                  000161b2    00000002     RTOS_config_pem4f.oem4f (.const:xdc_runtime_Text_unnamedModsLastId__C)
                  000161b4    00000001     RTOS_config_pem4f.oem4f (.const:xdc_runtime_Error_policy__C)

.text      0    000161b8    000097da     
                  000161b8    000006cc     dsplib-cm4f.lib : arm_cfft_radix8_f32.obj (.text)
                  00016884    000006b6                     : arm_cfft_f32.obj (.text)
                  00016f3a    00000002     rtsv7M4_T_le_v4SPD16_eabi.lib : i_div0.obj (.text)
                  00016f3c    00000540     main.obj (.text:ADC_Seq0_ISR)
                  0001747c    000004b4     main.obj (.text:RMSCalc_Task)
                  00017930    00000430     sysbios.aem4f : BIOS.obj (.text:ti_sysbios_family_arm_m3_Hwi_excDumpRegs__I)
                  00017d60    0000034c     ti.targets.arm.rtsarm.aem4f : System.oem4f (.text:xdc_runtime_System_doPrint__I)
                  000180ac    00000324     rtsv7M4_T_le_v4SPD16_eabi.lib : trgdrv.obj (.text)
                  000183d0    000002e4     sysbios.aem4f : BIOS.obj (.text:ti_sysbios_knl_Semaphore_pend__E)
                  000186b4    00000004     driverlib.lib : adc.obj (.text:ADCIntClearEx)
                  000186b8    00000254     sysbios.aem4f : BIOS.obj (.text:ti_sysbios_heaps_HeapMem_free__E)
                  0001890c    00000004     driverlib.lib : timer.obj (.text:TimerADCEventSet)
                  00018910    00000248     sysbios.aem4f : BIOS.obj (.text:ti_sysbios_heaps_HeapMem_alloc__E)
                  00018b58    00000204     driverlib.lib : sysctl.obj (.text:SysCtlClockFreqSet)
                  00018d5c    00000204     Boot.aem4f : Boot_sysctl.oem4f (.text:ti_catalog_arm_cortexm4_tiva_ce_Boot_sysCtlClockFreqSetI__I)
                  00018f60    000001fc     sysbios.aem4f : BIOS.obj (.text:ti_sysbios_family_arm_m3_Hwi_excHandlerMax__I)
                  0001915c    00000004     RTOS_config_pem4f.oem4f (.text:ti_sysbios_BIOS_RtsGateProxy_enter__E)
                  00019160    000001bc     sysbios.aem4f : BIOS.obj (.text:ti_sysbios_family_arm_lm4_Timer_start__E)
                  0001931c    00000004     RTOS_config_pem4f.oem4f (.text:ti_sysbios_BIOS_RtsGateProxy_leave__E)
                  00019320    00000198     sysbios.aem4f : BIOS.obj (.text:ti_sysbios_family_arm_m3_Hwi_dispatchC__I)
                  000194b8    0000017c                   : BIOS.obj (.text:ti_sysbios_family_arm_lm4_TimestampProvider_get64__E)
                  00019634    00000178     dsplib-cm4f.lib : arm_rfft_fast_f32.obj (.text)
                  000197ac    00000004     sysbios.aem4f : BIOS.obj (.text:ti_sysbios_family_arm_lm4_Timer_masterEnable__I)
                  000197b0    00000178                   : BIOS.obj (.text:ti_sysbios_knl_Swi_run__I)
                  00019928    00000174                   : BIOS.obj (.text:ti_sysbios_family_arm_m3_Hwi_excBusFault__I)
                  00019a9c    00000168     main.obj (.text:FFTCalc_Task)
                  00019c04    00000004     RTOS_config_pem4f.oem4f (.text:ti_sysbios_family_arm_m3_TaskSupport_Module__startupDone__S)
                  00019c08    00000164     sysbios.aem4f : BIOS.obj (.text:ti_sysbios_family_arm_m3_Hwi_excUsageFault__I)
                  00019d6c    00000004     RTOS_config_pem4f.oem4f (.text:ti_sysbios_heaps_HeapMem_Module_GateProxy_enter__E)
                  00019d70    00000160     sysbios.aem4f : BIOS.obj (.text:ti_sysbios_utils_Load_logLoads__I)
                  00019ed0    00000150     drivers_tivaware.aem4f : GPIOTiva.oem4f (.text:GPIO_setConfig)
                  0001a020    00000148     sysbios.aem4f : BIOS.obj (.text:ti_sysbios_family_arm_m3_Hwi_excMemFault__I)
                  0001a168    00000140                   : BIOS.obj (.text:ti_sysbios_knl_Semaphore_post__E)
                  0001a2a8    0000013c     dsplib-cm4f.lib : arm_cmplx_mag_f32.obj (.text)
                  0001a3e4    00000004     RTOS_config_pem4f.oem4f (.text:ti_sysbios_heaps_HeapMem_Module_GateProxy_leave__E)
                  0001a3e8    0000013c     sysbios.aem4f : BIOS.obj (.text:ti_sysbios_heaps_HeapMem_Instance_init__E)
                  0001a524    00000138     RTOS_config_pem4f.oem4f (.text:ti_uia_loggers_LoggerStopMode_writeMemoryRange__E)
                  0001a65c    00000004     RTOS_config_pem4f.oem4f (.text:ti_sysbios_knl_Clock_TimerProxy_getMaxTicks__E)
                  0001a660    00000134     sysbios.aem4f : BIOS.obj (.text:ti_sysbios_knl_Clock_workFunc__E)
                  0001a794    00000130     driverlib.lib : gpio.obj (.text:GPIOPadConfigSet)
                  0001a8c4    00000118     ti.targets.arm.rtsarm.aem4f : Error.oem4f (.text:xdc_runtime_Error_policyDefault__E)
                  0001a9dc    00000004     RTOS_config_pem4f.oem4f (.text:ti_sysbios_knl_Clock_TimerProxy_getPeriod__E)
                  0001a9e0    00000114     sysbios.aem4f : BIOS.obj (.text:ti_sysbios_utils_Load_updateThreadContexts__E)
                  0001aaf4    00000004     RTOS_config_pem4f.oem4f (.text:ti_sysbios_knl_Queue_destruct)
                  0001aaf8    00000110     sysbios.aem4f : BIOS.obj (.text:ti_sysbios_knl_Task_schedule__I)
                  0001ac08    0000010c     RTOS_config_pem4f.oem4f (.text:ti_uia_loggers_LoggerStopMode_write8__E)
                  0001ad14    00000004     RTOS_config_pem4f.oem4f (.text:ti_sysbios_knl_Semaphore_destruct)
                  0001ad18    00000104     sysbios.aem4f : BIOS.obj (.text:ti_sysbios_knl_Swi_Module_startup__E)
                  0001ae1c    00000100     ADC_pinout.obj (.text:PinoutSetADC)
                  0001af1c    00000100     ti.targets.arm.rtsarm.aem4f : Core-mem.oem4f (.text:xdc_runtime_Core_createObject__I)
                  0001b01c    000000fc     dsplib-cm4f.lib : arm_rfft_fast_init_f32.obj (.text)
                  0001b118    000000fc     sysbios.aem4f : BIOS.obj (.text:ti_sysbios_knl_Task_postInit__I)
                  0001b214    00000004     ti.uia.loggers.aem4f : LoggerStopMode.oem4f (.text:ti_uia_loggers_LoggerStopMode_getContents__E)
                  0001b218    000000fc     sysbios.aem4f : BIOS.obj (.text:ti_sysbios_knl_Task_startCore__E)
                  0001b314    000000f8     ti.targets.arm.rtsarm.aem4f : Startup.oem4f (.text:xdc_runtime_Startup_startMods__I)
                  0001b40c    000000f8     RTOS_config_pem4f.oem4f (.text:xdc_runtime_System_printfExtend__I)
                  0001b504    000000f4     sysbios.aem4f : m3_Hwi_asm.obj (.text:ti_sysbios_family_arm_m3_Hwi_dispatch__I)
                  0001b5f8    000000f4     RTOS_config_pem4f.oem4f (.text:ti_uia_loggers_LoggerStopMode_write4__E)
                  0001b6ec    000000e8     RTOS_config_pem4f.oem4f (.text:ti_uia_loggers_LoggerStopMode_write2__E)
                  0001b7d4    000000e4     main.obj (.text:ADC_init)
                  0001b8b8    000000e4     RTOS_config_pem4f.oem4f (.text:ti_uia_loggers_LoggerStopMode_write1__E)
                  0001b99c    000000dc     RTOS_config_pem4f.oem4f (.text:ti_uia_loggers_LoggerStopMode_write0__E)
                  0001ba78    000000d8     sysbios.aem4f : BIOS.obj (.text:ti_sysbios_family_arm_lm4_TimestampProvider_get32__E)
                  0001bb50    000000d8                   : BIOS.obj (.text:ti_sysbios_family_arm_m3_Hwi_postInit__I)
                  0001bc28    000000d8                   : BIOS.obj (.text:ti_sysbios_knl_Swi_post__E)
                  0001bd00    000000cc                   : BIOS.obj (.text:ti_sysbios_family_arm_m3_Hwi_Instance_init__E)
                  0001bdcc    000000cc     ti.targets.arm.rtsarm.aem4f : Core-smem.oem4f (.text:xdc_runtime_Core_constructObject__I)
                  0001be98    000000c8     sysbios.aem4f : BIOS.obj (.text:ti_sysbios_knl_Task_exit__E)
                  0001bf60    000000c0     dsplib-cm4f.lib : arm_bitreversal2.obj (.text)
                  0001c020    000000bc     sysbios.aem4f : BIOS.obj (.text:ti_sysbios_family_arm_m3_Hwi_excDebugMon__I)
                  0001c0dc    00000004     RTOS_config_pem4f.oem4f (.text:ti_uia_loggers_LoggerStopMode_getFilterLevel__E)
                  0001c0e0    000000bc     sysbios.aem4f : BIOS.obj (.text:ti_sysbios_family_arm_m3_Hwi_excHardFault__I)
                  0001c19c    000000b8     EK_TM4C1294XL.obj (.text:EK_TM4C1294XL_initGeneral)
                  0001c254    00000004     ti.uia.loggers.aem4f : LoggerStopMode.oem4f (.text:ti_uia_loggers_LoggerStopMode_getInstanceId__E)
                  0001c258    000000b8     sysbios.aem4f : BIOS.obj (.text:ti_sysbios_knl_Task_unblockI__E)
                  0001c310    000000b4                   : BIOS.obj (.text:ti_sysbios_gates_GateMutex_enter__E)
                  0001c3c4    00000004     ti.uia.loggers.aem4f : LoggerStopMode.oem4f (.text:ti_uia_loggers_LoggerStopMode_getMaxLength__E)
                  0001c3c8    000000b4     sysbios.aem4f : BIOS.obj (.text:ti_sysbios_knl_Task_checkStacks__E)
                  0001c47c    00000004     ti.uia.loggers.aem4f : LoggerStopMode.oem4f (.text:ti_uia_loggers_LoggerStopMode_getPriority__E)
                  0001c480    000000b0     sysbios.aem4f : BIOS.obj (.text:ti_sysbios_utils_Load_idleFxn__E)
                  0001c530    000000b0                   : BIOS.obj (.text:ti_sysbios_utils_Load_updateLoads__E)
                  0001c5e0    000000ac                   : BIOS.obj (.text:ti_sysbios_family_arm_lm4_Timer_enableTiva__I)
                  0001c68c    00000004     ti.uia.loggers.aem4f : LoggerStopMode.oem4f (.text:ti_uia_loggers_LoggerStopMode_getTransferType__E)
                  0001c690    000000a8     sysbios.aem4f : BIOS.obj (.text:ti_sysbios_family_arm_lm4_Timer_enableTimers__I)
                  0001c738    000000a8                   : BIOS.obj (.text:ti_sysbios_knl_Task_blockI__E)
                  0001c7e0    000000a0     auto_init.aem4f : auto_init.oem4f (.text)
                  0001c880    000000a0     ti.targets.arm.rtsarm.aem4f : Text.oem4f (.text:xdc_runtime_Text_putMod__E)
                  0001c920    0000009c     rtsv7M4_T_le_v4SPD16_eabi.lib : memcpy_t2.obj (.text)
                  0001c9bc    00000004     ti.targets.arm.rtsarm.aem4f : Error.oem4f (.text:xdc_runtime_Error_getSite__E)
                  0001c9c0    0000009c     sysbios.aem4f : BIOS.obj (.text:ti_sysbios_knl_Semaphore_Instance_init__E)
                  0001ca5c    0000009a     ti.targets.arm.rtsarm.aem4f : Text.oem4f (.text:xdc_runtime_Text_putSite__E)
                  0001caf6    00000002     RTOS_config_pem4f.oem4f (.text:ti_sysbios_BIOS_nullFunc__I)
                  0001caf8    00000098     Boot.aem4f : Boot.oem4f (.text:ti_catalog_arm_cortexm4_tiva_ce_Boot_sysCtlClockFreqSet__E)
                  0001cb90    00000094     sysbios.aem4f : BIOS.obj (.text:ti_sysbios_family_arm_m3_Hwi_initNVIC__E)
                  0001cc24    00000004     RTOS_config_pem4f.oem4f (.text:xdc_runtime_System_Module_GateProxy_enter__E)
                  0001cc28    00000090     sysbios.aem4f : BIOS.obj (.text:ti_sysbios_knl_Task_Module_startup__E)
                  0001ccb8    00000090                   : BIOS.obj (.text:ti_sysbios_utils_Load_startup__E)
                  0001cd48    00000090     ti.uia.loggers.aem4f : LoggerStopMode.oem4f (.text:ti_uia_loggers_LoggerStopMode_initQueueDescriptor__E)
                  0001cdd8    0000008c     drivers_tivaware.aem4f : GPIOTiva.oem4f (.text:GPIO_init)
                  0001ce64    0000008c     sysbios.aem4f : m3_TaskSupport_asm.obj (.text:ti_sysbios_family_arm_m3_TaskSupport_buildTaskStack)
                  0001cef0    0000008c                   : BIOS.obj (.text:ti_sysbios_utils_Load_updateCurrentThreadTime__E)
                  0001cf7c    00000084     driverlib.lib : udma.obj (.text:uDMAChannelTransferSet)
                  0001d000    00000080     main.obj (.text:DMA_init)
                  0001d080    00000080     dsplib-cm4f.lib : arm_rms_f32.obj (.text)
                  0001d100    0000007a     driverlib.lib : adc.obj (.text:ADCSequenceStepConfigure)
                  0001d17a    0000007a     rtsv7M4_T_le_v4SPD16_eabi.lib : memset_t2.obj (.text)
                  0001d1f4    00000004     RTOS_config_pem4f.oem4f (.text:xdc_runtime_System_Module_GateProxy_leave__E)
                  0001d1f8    00000078     sysbios.aem4f : BIOS.obj (.text:ti_sysbios_family_arm_m3_Hwi_Instance_finalize__E)
                  0001d270    00000074                   : BIOS.obj (.text:ti_sysbios_family_arm_m3_Hwi_Module_startup__E)
                  0001d2e4    00000074     ti.uia.runtime.aem4f : QueueDescriptor.oem4f (.text:ti_uia_runtime_QueueDescriptor_addToList__E)
                  0001d358    0000006d     ti.targets.arm.rtsarm.aem4f : System.oem4f (.text:xdc_runtime_System_formatNum__I)
                  0001d3c5    00000001     --HOLE-- [fill = 0]
                  0001d3c6    00000002     RTOS_config_pem4f.oem4f (.text:ti_uia_loggers_LoggerStopMode_setFilterLevel__E)
                  0001d3c8    0000006c     main.obj (.text:TIMER_init)
                  0001d434    0000006c     dsplib-cm4f.lib : arm_scale_f32.obj (.text)
                  0001d4a0    0000006c     sysbios.aem4f : BIOS.obj (.text:ti_sysbios_knl_Swi_restoreHwi__E)
                  0001d50c    00000004     ti.targets.arm.rtsarm.aem4f : System.oem4f (.text:xdc_runtime_System_aprintf_va__F)
                  0001d510    0000006c     sysbios.aem4f : BIOS.obj (.text:ti_sysbios_utils_Load_taskCreateHook__E)
                  0001d57c    0000006c     ti.targets.arm.rtsarm.aem4f : Error.oem4f (.text:xdc_runtime_Error_print__E)
                  0001d5e8    0000006c                                 : Memory.oem4f (.text:xdc_runtime_Memory_alloc__E)
                  0001d654    0000006a     rtsv7M4_T_le_v4SPD16_eabi.lib : copy_decompress_rle.obj (.text)
                  0001d6be    00000002     ti.uia.loggers.aem4f : LoggerStopMode.oem4f (.text:ti_uia_loggers_LoggerStopMode_setPriority__E)
                  0001d6c0    00000068     driverlib.lib : interrupt.obj (.text:IntEnable)
                  0001d728    00000068     rtsv7M4_T_le_v4SPD16_eabi.lib : trgmsg.obj (.text)
                  0001d790    00000068     sysbios.aem4f : BIOS.obj (.text:ti_sysbios_utils_Load_addTask__E)
                  0001d7f8    00000066     ti.uia.loggers.aem4f : LoggerStopMode.oem4f (.text:ti_uia_loggers_LoggerStopMode_flush__E)
                  0001d85e    00000066     ti.targets.arm.rtsarm.aem4f : Core-mem.oem4f (.text:xdc_runtime_Core_deleteObject__I)
                  0001d8c4    00000064     drivers_tivaware.aem4f : GPIOTiva.oem4f (.text:GPIO_hwiIntFxn)
                  0001d928    00000064     sysbios.aem4f : BIOS.obj (.text:ti_sysbios_family_arm_lm4_Timer_Module_startup__E)
                  0001d98c    00000064     RTOS_config_pem4f.oem4f (.text:ti_sysbios_family_arm_m3_Hwi_create)
                  0001d9f0    00000060     driverlib.lib : timer.obj (.text:TimerConfigure)
                  0001da50    00000060     sysbios.aem4f : BIOS.obj (.text:ti_sysbios_family_arm_lm4_Timer_isrStub__E)
                  0001dab0    00000060                   : BIOS.obj (.text:ti_sysbios_knl_Clock_logTick__E)
                  0001db10    00000060                   : BIOS.obj (.text:ti_sysbios_utils_Load_logCPULoad__I)
                  0001db70    0000005c                   : BIOS.obj (.text:ti_sysbios_knl_Swi_schedule__I)
                  0001dbcc    0000005b     ti.targets.arm.rtsarm.aem4f : Text.oem4f (.text:xdc_runtime_Text_putLab__E)
                  0001dc27    00000001     --HOLE-- [fill = 0]
                  0001dc28    00000058     boot.aem4f : boot.oem4f (.text)
                  0001dc80    00000058     driverlib.lib : timer.obj (.text:TimerControlTrigger)
                  0001dcd8    00000058     sysbios.aem4f : m3_Hwi_asm_switch.obj (.text:ti_sysbios_family_arm_m3_Hwi_initStacks__E)
                  0001dd30    00000056     driverlib.lib : gpio.obj (.text:GPIOIntTypeSet)
                  0001dd86    00000002     RTOS_config_pem4f.oem4f (.text:xdc_runtime_Startup_reset__I)
                  0001dd88    00000054     rtsv7M4_T_le_v4SPD16_eabi.lib : exit.obj (.text)
                  0001dddc    00000054     RTOS_config_pem4f.oem4f (.text:ti_sysbios_utils_Load_hwiBeginHook__E)
                  0001de30    00000054     sysbios.aem4f : BIOS.obj (.text:ti_sysbios_utils_Load_taskSwitchHook__E)
                  0001de84    00000054     ti.targets.arm.rtsarm.aem4f : Assert.oem4f (.text:xdc_runtime_Assert_raise__I)
                  0001ded8    00000050     drivers_tivaware.aem4f : GPIOTiva.oem4f (.text:GPIO_setCallback)
                  0001df28    00000050                            : GPIOTiva.oem4f (.text:GPIO_toggle)
                  0001df78    00000050                            : GPIOTiva.oem4f (.text:GPIO_write)
                  0001dfc8    00000050     driverlib.lib : sysctl.obj (.text:SysCtlPeripheralReset)
                  0001e018    00000050     Boot.aem4f : Boot_sysctl.oem4f (.text:_SysCtlFrequencyGet)
                  0001e068    00000050     ti.targets.arm.rtsarm.aem4f : Startup.oem4f (.text:xdc_runtime_Startup_exec__E)
                  0001e0b8    00000050                                 : Text.oem4f (.text:xdc_runtime_Text_visitRope2__I)
                  0001e108    0000004c     rtsv7M4_T_le_v4SPD16_eabi.lib : cpy_tbl.obj (.text)
                  0001e154    00000004     ti.targets.arm.rtsarm.aem4f : System.oem4f (.text:xdc_runtime_System_printf_va__F)
                  0001e158    0000004c     sysbios.aem4f : BIOS.obj (.text:ti_sysbios_heaps_HeapMem_getStats__E)
                  0001e1a4    00000004     --HOLE-- [fill = 0]
                  0001e1a8    0000004c                   : BIOS.obj (.text:ti_sysbios_knl_Swi_runLoop__I)
                  0001e1f4    00000004     --HOLE-- [fill = 0]
                  0001e1f8    0000004c                   : BIOS.obj (.text:ti_sysbios_knl_Task_allBlockedFunction__I)
                  0001e244    0000004c     ti.uia.loggers.aem4f : LoggerStopMode.oem4f (.text:ti_uia_loggers_LoggerStopMode_Module_startup__E)
                  0001e290    00000048     driverlib.lib : sysctl.obj (.text:_SysCtlFrequencyGet)
                  0001e2d8    00000048     sysbios.aem4f : BIOS.obj (.text:ti_sysbios_family_arm_m3_Hwi_disableInterrupt__E)
                  0001e320    00000048                   : BIOS.obj (.text:ti_sysbios_family_arm_m3_Hwi_enableInterrupt__E)
                  0001e368    00000048                   : BIOS.obj (.text:ti_sysbios_family_arm_m3_Hwi_excReserved__I)
                  0001e3b0    00000048                   : BIOS.obj (.text:ti_sysbios_utils_Load_taskDeleteHook__E)
                  0001e3f8    00000048     driverlib.lib : udma.obj (.text:uDMAChannelAttributeDisable)
                  0001e440    00000048                   : udma.obj (.text:uDMAChannelAttributeEnable)
                  0001e488    00000046     ti.targets.arm.rtsarm.aem4f : Core-params.oem4f (.text:xdc_runtime_Core_assignParams__I)
                  0001e4ce    00000002     --HOLE-- [fill = 0]
                  0001e4d0    00000044     sysbios.aem4f : BIOS.obj (.text:ti_sysbios_family_arm_lm4_Timer_stop__E)
                  0001e514    00000004     --HOLE-- [fill = 0]
                  0001e518    00000044                   : BIOS.obj (.text:ti_sysbios_family_arm_m3_Hwi_getStackInfo__E)
                  0001e55c    00000004     --HOLE-- [fill = 0]
                  0001e560    00000044                   : BIOS.obj (.text:ti_sysbios_utils_Load_removeTask__E)
                  0001e5a4    00000004     --HOLE-- [fill = 0]
                  0001e5a8    00000044                   : BIOS.obj (.text:ti_sysbios_utils_Load_swiBeginHook__E)
                  0001e5ec    00000044     ti.uia.loggers.aem4f : LoggerStopMode.oem4f (.text:ti_uia_loggers_LoggerStopMode_initBuffer__I)
                  0001e630    00000044     ti.targets.arm.rtsarm.aem4f : Error.oem4f (.text:xdc_runtime_Error_setX__E)
                  0001e674    00000044                                 : SysMin.oem4f (.text:xdc_runtime_SysMin_flush__E)
                  0001e6b8    00000044                                 : Text.oem4f (.text:xdc_runtime_Text_xprintf__I)
                  0001e6fc    00000040     rtsv7M4_T_le_v4SPD16_eabi.lib : u_divt2.obj (.text)
                  0001e73c    00000004     --HOLE-- [fill = 0]
                  0001e740    00000040     sysbios.aem4f : BIOS.obj (.text:ti_sysbios_family_arm_lm4_Timer_startup__E)
                  0001e780    0000003e     driverlib.lib : adc.obj (.text:ADCSequenceConfigure)
                  0001e7be    00000002     --HOLE-- [fill = 0]
                  0001e7c0    0000003c     sysbios.aem4f : BIOS.obj (.text:ti_sysbios_family_arm_m3_Hwi_excSvCall__I)
                  0001e7fc    00000004     --HOLE-- [fill = 0]
                  0001e800    0000003c                   : BIOS.obj (.text:ti_sysbios_heaps_HeapMem_init__I)
                  0001e83c    00000004     --HOLE-- [fill = 0]
                  0001e840    0000003c                   : BIOS.obj (.text:ti_sysbios_knl_Swi_startup__E)
                  0001e87c    00000004     --HOLE-- [fill = 0]
                  0001e880    0000003c                   : BIOS.obj (.text:ti_sysbios_utils_Load_hwiEndHook__E)
                  0001e8bc    00000038     driverlib.lib : sysctl.obj (.text:SysCtlPeripheralReady)
                  0001e8f4    00000004     --HOLE-- [fill = 0]
                  0001e8f8    00000038     sysbios.aem4f : BIOS.obj (.text:ti_sysbios_family_arm_m3_Hwi_excNoIsr__I)
                  0001e930    00000038                   : BIOS.obj (.text:ti_sysbios_knl_Task_processVitalTaskFlag__I)
                  0001e968    00000038     ti.targets.arm.rtsarm.aem4f : SysMin.oem4f (.text:xdc_runtime_SysMin_putch__E)
                  0001e9a0    00000038                                 : System.oem4f (.text:xdc_runtime_System_atexit__E)
                  0001e9d8    00000034     driverlib.lib : sysctl.obj (.text:SysCtlPeripheralEnable)
                  0001ea0c    00000004     --HOLE-- [fill = 0]
                  0001ea10    00000034     sysbios.aem4f : BIOS.obj (.text:ti_sysbios_family_arm_m3_Hwi_excNmi__I)
                  0001ea44    00000004     --HOLE-- [fill = 0]
                  0001ea48    00000034                   : BIOS.obj (.text:ti_sysbios_hal_Hwi_checkStack)
                  0001ea7c    00000004     --HOLE-- [fill = 0]
                  0001ea80    00000034                   : BIOS.obj (.text:ti_sysbios_utils_Load_swiEndHook__E)
                  0001eab4    00000034     ti.uia.loggers.aem4f : LoggerStopMode.oem4f (.text:ti_uia_loggers_LoggerStopMode_reset__E)
                  0001eae8    00000034     ti.targets.arm.rtsarm.aem4f : Core-label.oem4f (.text:xdc_runtime_Core_assignLabel__I)
                  0001eb1c    00000033                                 : Text.oem4f (.text:xdc_runtime_Text_printVisFxn__I)
                  0001eb4f    00000001     --HOLE-- [fill = 0]
                  0001eb50    00000032     sysbios.aem4f : BIOS.obj (.text:ti_sysbios_hal_Hwi_initStack)
                  0001eb82    00000006     driverlib.lib : gpio.obj (.text:GPIOIntClear)
                  0001eb88    00000032     sysbios.aem4f : BIOS.obj (.text:ti_sysbios_knl_Semaphore_pendTimeout__I)
                  0001ebba    00000002     --HOLE-- [fill = 0]
                  0001ebbc    00000030     RTOS_config_pem4f.oem4f (.text:ti_sysbios_BIOS_atExitFunc__I)
                  0001ebec    00000004     --HOLE-- [fill = 0]
                  0001ebf0    00000030     sysbios.aem4f : BIOS.obj (.text:ti_sysbios_family_arm_m3_TaskSupport_start__E)
                  0001ec20    00000030     RTOS_config_pem4f.oem4f (.text:ti_sysbios_gates_GateHwi_Object__create__S)
                  0001ec50    00000030     RTOS_config_pem4f.oem4f (.text:ti_sysbios_gates_GateMutex_Object__create__S)
                  0001ec80    00000030     RTOS_config_pem4f.oem4f (.text:ti_sysbios_heaps_HeapMem_Object__create__S)
                  0001ecb0    00000030     RTOS_config_pem4f.oem4f (.text:ti_sysbios_knl_Semaphore_construct)
                  0001ece0    00000030     RTOS_config_pem4f.oem4f (.text:ti_uia_loggers_LoggerStopMode_Object__create__S)
                  0001ed10    00000030     ti.targets.arm.rtsarm.aem4f : SysMin.oem4f (.text:xdc_runtime_SysMin_abort__E)
                  0001ed40    00000030                                 : System.oem4f (.text:xdc_runtime_System_processAtExit__E)
                  0001ed70    0000002c     RTOS_config_pem4f.oem4f (.text:ti_sysbios_knl_Clock_doTick__I)
                  0001ed9c    0000002c     RTOS_config_pem4f.oem4f (.text:ti_sysbios_knl_Queue_construct)
                  0001edc8    0000002c     sysbios.aem4f : BIOS.obj (.text:ti_sysbios_knl_Task_restore__E)
                  0001edf4    0000002c     ti.targets.arm.rtsarm.aem4f : Text.oem4f (.text:xdc_runtime_Text_cordText__E)
                  0001ee20    0000002a     driverlib.lib : gpio.obj (.text:GPIODirModeSet)
                  0001ee4a    0000002a     ti.targets.arm.rtsarm.aem4f : System.oem4f (.text:xdc_runtime_System_putchar__I)
                  0001ee74    00000028     rtsv7M4_T_le_v4SPD16_eabi.lib : e_sqrtf.obj (.text)
                  0001ee9c    00000028     RTOS_config_pem4f.oem4f (.text:ti_sysbios_BIOS_startFunc__I)
                  0001eec4    00000028     driverlib.lib : udma.obj (.text:uDMAChannelModeGet)
                  0001eeec    00000026     sysbios.aem4f : m3_Hwi_asm.obj (.text:ti_sysbios_family_arm_m3_Hwi_pendSV__I)
                  0001ef12    00000026     ti.targets.arm.rtsarm.aem4f : System.oem4f (.text:xdc_runtime_System_avprintf__E)
                  0001ef38    00000024     RTOS_config_pem4f.oem4f (.text:ti_sysbios_BIOS_registerRTSLock__I)
                  0001ef5c    00000024     RTOS_config_pem4f.oem4f (.text:ti_sysbios_BIOS_removeRTSLock__I)
                  0001ef80    00000024     sysbios.aem4f : BIOS.obj (.text:ti_sysbios_family_arm_m3_Hwi_doTaskRestore__I)
                  0001efa4    00000024     RTOS_config_pem4f.oem4f (.text:ti_sysbios_gates_GateMutex_Object__delete__S)
                  0001efc8    00000024     sysbios.aem4f : BIOS.obj (.text:ti_sysbios_knl_Clock_Module_startup__E)
                  0001efec    00000024     driverlib.lib : udma.obj (.text:uDMAChannelControlSet)
                  0001f010    00000024     ti.targets.arm.rtsarm.aem4f : System.oem4f (.text:xdc_runtime_System_vprintf__E)
                  0001f034    00000004     --HOLE-- [fill = 0]
                  0001f038    00000022     sysbios.aem4f : BIOS.obj (.text:ti_sysbios_family_arm_lm4_Timer_write__I)
                  0001f05a    00000022     RTOS_config_pem4f.oem4f (.text:xdc_runtime_SysMin_output__I)
                  0001f07c    00000020     Boot.aem4f : Boot_sysctl.oem4f (.text:_SysCtlMemTimingGet)
                  0001f09c    00000020     RTOS_config_pem4f.oem4f (.text:ti_sysbios_BIOS_rtsLock__I)
                  0001f0bc    00000020     sysbios.aem4f : m3_Hwi_asm.obj (.text:ti_sysbios_family_arm_m3_Hwi_excHandlerAsm__I)
                  0001f0dc    00000004     --HOLE-- [fill = 0]
                  0001f0e0    00000020                   : BIOS.obj (.text:ti_sysbios_family_arm_m3_Hwi_excHandler__I)
                  0001f100    00000020     RTOS_config_pem4f.oem4f (.text:ti_sysbios_gates_GateHwi_Object__delete__S)
                  0001f120    00000020     RTOS_config_pem4f.oem4f (.text:ti_sysbios_heaps_HeapMem_Object__delete__S)
                  0001f140    00000020     sysbios.aem4f : BIOS.obj (.text:ti_sysbios_knl_Idle_run__E)
                  0001f160    00000020     RTOS_config_pem4f.oem4f (.text:ti_sysbios_knl_Semaphore_Object__destruct__S)
                  0001f180    00000020     RTOS_config_pem4f.oem4f (.text:ti_uia_loggers_LoggerStopMode_Object__delete__S)
                  0001f1a0    00000020     ti.targets.arm.rtsarm.aem4f : Registry.oem4f (.text:xdc_runtime_Registry_findById__E)
                  0001f1c0    00000020                                 : SysMin.oem4f (.text:xdc_runtime_SysMin_Module_startup__E)
                  0001f1e0    0000001e     RTOS_config_pem4f.oem4f (.text:ti_sysbios_BIOS_errorRaiseHook__I)
                  0001f1fe    0000001e     sysbios.aem4f : m3_Hwi_asm_switch.obj (.text:ti_sysbios_family_xxx_Hwi_switchAndRunFunc)
                  0001f21c    0000001c     driverlib.lib : sysctl.obj (.text:_SysCtlMemTimingGet)
                  0001f238    0000001c     drivers_tivaware.aem4f : GPIOTiva.oem4f (.text:getGpioIntIndex)
                  0001f254    00000004     --HOLE-- [fill = 0]
                  0001f258    0000001c     sysbios.aem4f : BIOS.obj (.text:ti_sysbios_gates_GateMutex_Instance_init__E)
                  0001f274    0000001c     RTOS_config_pem4f.oem4f (.text:ti_sysbios_knl_Queue_Object__destruct__S)
                  0001f290    0000001c     sysbios.aem4f : BIOS.obj (.text:ti_sysbios_knl_Task_enter__I)
                  0001f2ac    0000001c     ti.uia.loggers.aem4f : LoggerStopMode.oem4f (.text:ti_uia_loggers_LoggerStopMode_Instance_init__E)
                  0001f2c8    0000001c     ti.targets.arm.rtsarm.aem4f : Error.oem4f (.text:xdc_runtime_Error_raiseX__E)
                  0001f2e4    0000001c                                 : Memory.oem4f (.text:xdc_runtime_Memory_valloc__E)
                  0001f300    0000001c                                 : SysMin.oem4f (.text:xdc_runtime_SysMin_exit__E)
                  0001f31c    0000001c                                 : System.oem4f (.text:xdc_runtime_System_abort__E)
                  0001f338    0000001a     main.obj (.text:main)
                  0001f352    0000001a     RTOS_config_pem4f.oem4f (.text:ti_sysbios_family_arm_m3_Hwi_Handle__label__S)
                  0001f36c    0000001a     RTOS_config_pem4f.oem4f (.text:ti_sysbios_gates_GateHwi_Handle__label__S)
                  0001f386    0000001a     RTOS_config_pem4f.oem4f (.text:ti_sysbios_gates_GateMutex_Handle__label__S)
                  0001f3a0    0000001a     RTOS_config_pem4f.oem4f (.text:ti_sysbios_heaps_HeapMem_Handle__label__S)
                  0001f3ba    0000001a     RTOS_config_pem4f.oem4f (.text:ti_sysbios_knl_Swi_Handle__label__S)
                  0001f3d4    0000001a     RTOS_config_pem4f.oem4f (.text:ti_sysbios_knl_Task_Handle__label__S)
                  0001f3ee    0000001a     RTOS_config_pem4f.oem4f (.text:ti_uia_loggers_LoggerStopMode_Handle__label__S)
                  0001f408    0000001a     RTOS_config_pem4f.oem4f (.text:xdc_runtime_System_aprintf__E)
                  0001f422    0000001a     RTOS_config_pem4f.oem4f (.text:xdc_runtime_System_printf__E)
                  0001f43c    00000018     rtsv7M4_T_le_v4SPD16_eabi.lib : args_main.obj (.text)
                  0001f454    00000018     RTOS_config_pem4f.oem4f (.text:ti_sysbios_BIOS_rtsUnlock__I)
                  0001f46c    00000018     RTOS_config_pem4f.oem4f (.text:ti_sysbios_family_arm_lm4_Timer_Module__startupDone__F)
                  0001f484    00000018     RTOS_config_pem4f.oem4f (.text:ti_sysbios_family_arm_m3_Hwi_Module__startupDone__F)
                  0001f49c    00000018     sysbios.aem4f : m3_TaskSupport_asm.obj (.text:ti_sysbios_family_arm_m3_TaskSupport_swap__E)
                  0001f4b4    00000004     --HOLE-- [fill = 0]
                  0001f4b8    00000018                   : BIOS.obj (.text:ti_sysbios_gates_GateMutex_leave__E)
                  0001f4d0    00000018     driverlib.lib : udma.obj (.text:uDMAChannelEnable)
                  0001f4e8    00000018     ti.targets.arm.rtsarm.aem4f : Error.oem4f (.text:xdc_runtime_Error_check__E)
                  0001f500    00000018                                 : System.oem4f (.text:xdc_runtime_System_exit__E)
                  0001f518    00000018                                 : Text.oem4f (.text:xdc_runtime_Text_ropeText__E)
                  0001f530    00000016     RTOS_config_pem4f.oem4f (.text:ti_sysbios_BIOS_exitFunc__I)
                  0001f546    00000016     ti.uia.loggers.aem4f : LoggerStopMode.oem4f (.text:ti_uia_loggers_LoggerStopMode_disable__E)
                  0001f55c    00000016                          : LoggerStopMode.oem4f (.text:ti_uia_loggers_LoggerStopMode_enable__E)
                  0001f572    00000002     --HOLE-- [fill = 0]
                  0001f574    00000014     main.obj (.text:HeartBeat_Idle)
                  0001f588    00000014     rtsv7M4_T_le_v4SPD16_eabi.lib : _lock.obj (.text)
                  0001f59c    00000014                                   : strcpy.obj (.text)
                  0001f5b0    00000014                                   : strlen.obj (.text)
                  0001f5c4    00000014     RTOS_config_pem4f.oem4f (.text:ti_sysbios_family_arm_m3_Hwi_Object__get__S)
                  0001f5d8    00000014     sysbios.aem4f : BIOS.obj (.text:ti_sysbios_family_arm_m3_Hwi_switchFromBootStack__E)
                  0001f5ec    00000014     RTOS_config_pem4f.oem4f (.text:ti_sysbios_heaps_HeapMem_Object__get__S)
                  0001f600    00000014     RTOS_config_pem4f.oem4f (.text:ti_sysbios_knl_Swi_Object__get__S)
                  0001f614    00000014     RTOS_config_pem4f.oem4f (.text:ti_sysbios_knl_Task_Object__get__S)
                  0001f628    00000012     driverlib.lib : adc.obj (.text:ADCHardwareOversampleConfigure)
                  0001f63a    00000012                   : gpio.obj (.text:GPIOPinTypeADC)
                  0001f64c    00000012                   : timer.obj (.text:TimerLoadSet)
                  0001f65e    00000002     --HOLE-- [fill = 0]
                  0001f660    00000012     sysbios.aem4f : BIOS.obj (.text:ti_sysbios_hal_Hwi_Module_startup__E)
                  0001f672    00000012     RTOS_config_pem4f.oem4f (.text:xdc_runtime_Startup_exec__I)
                  0001f684    00000010     RTOS_config_pem4f.oem4f (.text:.bootCodeSection:ti_catalog_arm_cortexm4_tiva_ce_Boot_init__I)
                  0001f694    00000010     driverlib.lib : adc.obj (.text:ADCSequenceDMAEnable)
                  0001f6a4    00000010     main.obj (.text:InitSamples)
                  0001f6b4    00000004     --HOLE-- [fill = 0]
                  0001f6b8    00000010     sysbios.aem4f : BIOS.obj (.text:ti_sysbios_BIOS_getCpuFreq__E)
                  0001f6c8    00000010                   : BIOS.obj (.text:ti_sysbios_BIOS_setThreadType__E)
                  0001f6d8    00000010                   : BIOS.obj (.text:ti_sysbios_BIOS_start__E)
                  0001f6e8    00000010                   : BIOS.obj (.text:ti_sysbios_family_arm_lm4_TimestampProvider_rolloverFunc__E)
                  0001f6f8    00000010                   : m3_TaskSupport_asm.obj (.text:ti_sysbios_family_arm_m3_TaskSupport_glue)
                  0001f708    00000010                   : BIOS.obj (.text:ti_sysbios_gates_GateMutex_Instance_finalize__E)
                  0001f718    00000010                   : BIOS.obj (.text:ti_sysbios_knl_Semaphore_Instance_finalize__E)
                  0001f728    00000010                   : BIOS.obj (.text:ti_sysbios_knl_Swi_disable__E)
                  0001f738    00000010                   : BIOS.obj (.text:ti_sysbios_knl_Task_disable__E)
                  0001f748    00000010     RTOS_config_pem4f.oem4f (.text:ti_uia_loggers_LoggerStopMode_Object__get__S)
                  0001f758    00000010     ti.uia.loggers.aem4f : LoggerStopMode.oem4f (.text:ti_uia_loggers_LoggerStopMode_isEmpty__E)
                  0001f768    00000010     driverlib.lib : udma.obj (.text:uDMAEnable)
                  0001f778    00000010     ti.targets.arm.rtsarm.aem4f : Gate.oem4f (.text:xdc_runtime_Gate_leaveSystem__E)
                  0001f788    00000010                                 : Memory.oem4f (.text:xdc_runtime_Memory_free__E)
                  0001f798    00000010                                 : SysMin.oem4f (.text:xdc_runtime_SysMin_ready__E)
                  0001f7a8    00000010                                 : System.oem4f (.text:xdc_runtime_System_vsnprintf__E)
                  0001f7b8    00000010     RTOS_config_pem4f.oem4f (.text:xdc_runtime_Text_visitRope__I)
                  0001f7c8    0000000e     driverlib.lib : adc.obj (.text:ADCSequenceDisable)
                  0001f7d6    0000000e                   : adc.obj (.text:ADCSequenceEnable)
                  0001f7e4    0000000e                   : gpio.obj (.text:GPIOIntStatus)
                  0001f7f2    0000000e                   : timer.obj (.text:TimerEnable)
                  0001f800    0000000e     rtsv7M4_T_le_v4SPD16_eabi.lib : copy_decompress_none.obj (.text:decompress:none)
                  0001f80e    00000002     --HOLE-- [fill = 0]
                  0001f810    0000000e     sysbios.aem4f : BIOS.obj (.text:ti_sysbios_knl_Idle_loop__E)
                  0001f81e    00000002     --HOLE-- [fill = 0]
                  0001f820    0000000e                   : BIOS.obj (.text:ti_sysbios_knl_Queue_empty__E)
                  0001f82e    0000000c     driverlib.lib : adc.obj (.text:ADCReferenceSet)
                  0001f83a    00000006                   : gpio.obj (.text:GPIOPinRead)
                  0001f840    0000000c     sysbios.aem4f : BIOS.obj (.text:ti_sysbios_family_arm_lm4_Timer_getMaxTicks__E)
                  0001f84c    00000004     --HOLE-- [fill = 0]
                  0001f850    0000000c                   : BIOS.obj (.text:ti_sysbios_family_arm_lm4_TimestampProvider_startTimer__E)
                  0001f85c    0000000c     RTOS_config_pem4f.oem4f (.text:ti_sysbios_family_arm_m3_Hwi_Params__init__S)
                  0001f868    0000000c     sysbios.aem4f : BIOS.obj (.text:ti_sysbios_family_arm_m3_Hwi_disableFxn__E)
                  0001f874    00000004     --HOLE-- [fill = 0]
                  0001f878    0000000c                   : BIOS.obj (.text:ti_sysbios_family_arm_m3_TaskSupport_checkStack__E)
                  0001f884    00000004     --HOLE-- [fill = 0]
                  0001f888    0000000c                   : BIOS.obj (.text:ti_sysbios_gates_GateHwi_enter__E)
                  0001f894    0000000c     RTOS_config_pem4f.oem4f (.text:ti_sysbios_knl_Queue_Object__get__S)
                  0001f8a0    0000000c     sysbios.aem4f : BIOS.obj (.text:ti_sysbios_utils_Load_taskRegHook__E)
                  0001f8ac    0000000c     driverlib.lib : udma.obj (.text:uDMAControlBaseSet)
                  0001f8b8    0000000c     ti.targets.arm.rtsarm.aem4f : Error.oem4f (.text:xdc_runtime_Error_init__E)
                  0001f8c4    0000000c                                 : Gate.oem4f (.text:xdc_runtime_Gate_enterSystem__E)
                  0001f8d0    0000000c                                 : Memory.oem4f (.text:xdc_runtime_Memory_calloc__E)
                  0001f8dc    0000000c                                 : Memory.oem4f (.text:xdc_runtime_Memory_getMaxDefaultTypeAlign__E)
                  0001f8e8    0000000a     RTOS_config_pem4f.oem4f (.text:xdc_runtime_IHeap_alloc)
                  0001f8f2    0000000a     RTOS_config_pem4f.oem4f (.text:xdc_runtime_IHeap_free)
                  0001f8fc    00000008     driverlib.lib : adc.obj (.text:ADCIntEnableEx)
                  0001f904    00000008     EK_TM4C1294XL.obj (.text:EK_TM4C1294XL_initGPIO)
                  0001f90c    00000008     sysbios.aem4f : BIOS.obj (.text:ti_sysbios_family_arm_lm4_Timer_masterDisable__I)
                  0001f914    00000004     --HOLE-- [fill = 0]
                  0001f918    00000008                   : BIOS.obj (.text:ti_sysbios_family_arm_m3_Hwi_doSwiRestore__I)
                  0001f920    00000008                   : BIOS.obj (.text:ti_sysbios_family_arm_m3_Hwi_startup__E)
                  0001f928    00000008                   : BIOS.obj (.text:ti_sysbios_knl_Task_getHookContext__E)
                  0001f930    00000006     driverlib.lib : gpio.obj (.text:GPIOPinWrite)
                  0001f936    00000006                   : sysctl.obj (.text:SysCtlDelay)
                  0001f93c    00000006     rtsv7M4_T_le_v4SPD16_eabi.lib : copy_decompress_rle.obj (.text:decompress:rle24)
                  0001f942    00000006     ti.targets.arm.rtsarm.aem4f : System.oem4f (.text:xdc_runtime_System_Module_startup__E)
                  0001f948    00000006     sysbios.aem4f : BIOS.obj (.text:ti_sysbios_family_arm_lm4_TimestampProvider_Module_startup__E)
                  0001f94e    00000002     --HOLE-- [fill = 0]
                  0001f950    00000006                   : BIOS.obj (.text:ti_sysbios_family_arm_m3_Hwi_restoreFxn__E)
                  0001f956    00000002     --HOLE-- [fill = 0]
                  0001f958    00000006                   : BIOS.obj (.text:ti_sysbios_gates_GateHwi_leave__E)
                  0001f95e    00000002     --HOLE-- [fill = 0]
                  0001f960    00000006                   : BIOS.obj (.text:ti_sysbios_heaps_HeapMem_isBlocking__E)
                  0001f966    00000002     --HOLE-- [fill = 0]
                  0001f968    00000006                   : BIOS.obj (.text:ti_sysbios_knl_Queue_Instance_init__E)
                  0001f96e    00000002     --HOLE-- [fill = 0]
                  0001f970    00000004                   : BIOS.obj (.text:ti_sysbios_family_arm_lm4_Timer_getPeriod__E)
                  0001f974    00000004     --HOLE-- [fill = 0]
                  0001f978    00000004                   : BIOS.obj (.text:ti_sysbios_gates_GateHwi_query__E)
                  0001f97c    00000004     --HOLE-- [fill = 0]
                  0001f980    00000004                   : BIOS.obj (.text:ti_sysbios_gates_GateMutex_query__E)
                  0001f984    00000004     --HOLE-- [fill = 0]
                  0001f988    00000004                   : BIOS.obj (.text:ti_sysbios_knl_Task_startup__E)
                  0001f98c    00000004     --HOLE-- [fill = 0]
                  0001f990    00000002                   : BIOS.obj (.text:ti_sysbios_gates_GateHwi_Instance_init__E)

.cinit     0    0001f998    00000534     
                  0001f998    000004f7     (.cinit..data.load) [load image, compression = rle]
                  0001fe8f    00000001     --HOLE-- [fill = 0]
                  0001fe90    0000000b     (.cinit..bss.load) [load image, compression = rle]
                  0001fe9b    00000005     --HOLE-- [fill = 0]
                  0001fea0    0000000b     (.cinit..vecs.load) [load image, compression = rle]
                  0001feab    00000001     --HOLE-- [fill = 0]
                  0001feac    00000008     (__TI_handler_table)
                  0001feb4    00000018     (__TI_cinit_table)

.init_array 
*          0    00000000    00000000     UNINITIALIZED

.resetVecs 
*          0    00000000    0000003c     
                  00000000    0000003c     RTOS_config_pem4f.oem4f (.resetVecs)

.vecs      0    20000000    00000360     UNINITIALIZED
                  20000000    00000360     RTOS_config_pem4f.oem4f (.vecs)

.bss       0    20000400    00006530     UNINITIALIZED
                  20000400    00000800     RTOS_config_pem4f.oem4f (.bss:taskStackSection)
                  20000c00    00000800     (.common:data_array1)
                  20001400    00000800     (.common:data_array2)
                  20001c00    00000400     (.common:data_proc0)
                  20002000    00000400     (.common:data_proc1)
                  20002400    00000400     (.common:data_proc2)
                  20002800    00000400     (.common:data_proc3)
                  20002c00    00000400     (.common:data_proc4)
                  20003000    00000400     (.common:data_proc5)
                  20003400    00000400     (.common:data_proc6)
                  20003800    00000400     (.common:data_proc7)
                  20003c00    00000400     (.common:ti_sysbios_heaps_HeapMem_Instance_State_0_buf__A)
                  20004000    00000400     (.common:ti_uia_loggers_LoggerStopMode_Instance_State_1_packetArray__A)
                  20004400    00000400     (.common:ti_uia_loggers_LoggerStopMode_Instance_State_2_packetArray__A)
                  20004800    00000400     (.common:udmaCtrlTable)
                  20004c00    00000400     (.common:wave)
                  20005000    00000360     (.common:ti_sysbios_family_arm_m3_Hwi_dispatchTable)
                  20005360    00000200     (.common:data_proc0_mag)
                  20005560    00000200     (.common:data_proc1_mag)
                  20005760    00000200     (.common:data_proc2_mag)
                  20005960    00000200     (.common:data_proc3_mag)
                  20005b60    00000200     (.common:data_proc4_mag)
                  20005d60    00000200     (.common:data_proc5_mag)
                  20005f60    00000200     (.common:data_proc6_mag)
                  20006160    00000200     (.common:data_proc7_mag)
                  20006360    00000008     rtsv7M4_T_le_v4SPD16_eabi.lib : trgdrv.obj (.bss:parmbuf)
                  20006368    00000004     (.common:gpioInterruptVectors)
                  2000636c    00000004     (.common:ti_sysbios_family_arm_m3_Hwi_Instance_State_0_hookEnv__A)
                  20006370    00000004     (.common:ti_sysbios_family_arm_m3_Hwi_Instance_State_1_hookEnv__A)
                  20006374    00000004     (.common:ti_sysbios_family_arm_m3_Hwi_Instance_State_2_hookEnv__A)
                  20006378    00000004     (.common:ti_sysbios_knl_Swi_Instance_State_0_hookEnv__A)
                  2000637c    00000004     (.common:ti_sysbios_knl_Task_Instance_State_0_hookEnv__A)
                  20006380    00000200     (.common:ti_uia_loggers_LoggerStopMode_Instance_State_0_packetArray__A)
                  20006580    00000120                                   : trgmsg.obj (.bss:_CIOBUF_)
                  200066a0    00000090     drivers_tivaware.aem4f : GPIOTiva.oem4f (.bss:gpioCallbackInfo)
                  20006730    00000080     (.common:xdc_runtime_SysMin_Module_State_0_outbuf__A)
                  200067b0    00000004     (.common:ti_sysbios_knl_Task_Instance_State_1_hookEnv__A)
                  200067b4    00000004     (.common:ti_sysbios_knl_Task_Instance_State_2_hookEnv__A)
                  200067b8    00000004     (.common:ti_sysbios_knl_Task_Instance_State_3_hookEnv__A)
                  200067bc    00000044     --HOLE--
                  20006800    00000030     (.common:ti_uia_loggers_LoggerStopMode_Instance_State_0_hdr__A)
                  20006830    00000050     --HOLE--
                  20006880    00000030     (.common:ti_uia_loggers_LoggerStopMode_Instance_State_1_hdr__A)
                  200068b0    00000050     --HOLE--
[...]
0001f3a1  ti_sysbios_heaps_HeapMem_Handle__label__S                            
0001f3a1  xdc_runtime_Memory_HeapProxy_Handle__label__S                        
0001f3bb  ti_sysbios_knl_Swi_Handle__label__S                                  
0001f3d5  ti_sysbios_knl_Task_Handle__label__S                                 
0001f3ef  ti_uia_loggers_LoggerStopMode_Handle__label__S                       
0001f409  xdc_runtime_System_aprintf__E                                        
0001f423  xdc_runtime_System_printf__E                                         
0001f43d  _args_main                                                           
0001f455  ti_sysbios_BIOS_rtsUnlock__I                                         
0001f46d  ti_sysbios_family_arm_lm4_Timer_Module__startupDone__F               
0001f46d  ti_sysbios_family_arm_lm4_Timer_Module__startupDone__S               
0001f46d  ti_sysbios_knl_Clock_TimerProxy_Module__startupDone__S               
0001f485  ti_sysbios_family_arm_m3_Hwi_Module__startupDone__F                  
0001f485  ti_sysbios_family_arm_m3_Hwi_Module__startupDone__S                  
0001f485  ti_sysbios_hal_Hwi_HwiProxy_Module__startupDone__S                   
0001f49d  ti_sysbios_family_arm_m3_TaskSupport_swap__E                         
0001f49d  ti_sysbios_knl_Task_SupportProxy_swap__E                             
0001f4a9  ti_sysbios_knl_Task_swapReturn                                       
0001f4b9  ti_sysbios_gates_GateMutex_leave__E                                  
0001f4d1  uDMAChannelEnable                                                    
0001f4e9  xdc_runtime_Error_check__E                                           
0001f501  xdc_runtime_System_exit__E                                           
0001f519  xdc_runtime_Text_ropeText__E                                         
0001f531  ti_sysbios_BIOS_exitFunc__I                                          
0001f547  ti_uia_loggers_LoggerStopMode_disable__E                             
0001f55d  ti_uia_loggers_LoggerStopMode_enable__E                              
0001f575  HeartBeat_Idle                                                       
0001f589  _register_unlock                                                     
0001f58f  _register_lock                                                       
0001f597  _nop                                                                 
0001f59d  strcpy                                                               
0001f5b1  strlen                                                               
0001f5c5  ti_sysbios_family_arm_m3_Hwi_Object__get__S                          
0001f5d9  ti_sysbios_family_arm_m3_Hwi_switchFromBootStack__E                  
0001f5d9  ti_sysbios_hal_Hwi_HwiProxy_switchFromBootStack__E                   
0001f5ed  ti_sysbios_heaps_HeapMem_Object__get__S                              
0001f601  ti_sysbios_knl_Swi_Object__get__S                                    
0001f615  ti_sysbios_knl_Task_Object__get__S                                   
0001f629  ADCHardwareOversampleConfigure                                       
0001f63b  GPIOPinTypeADC                                                       
0001f64d  TimerLoadSet                                                         
0001f661  ti_sysbios_hal_Hwi_Module_startup__E                                 
0001f673  xdc_runtime_Startup_exec__I                                          
0001f685  ti_catalog_arm_cortexm4_tiva_ce_Boot_init__I                         
0001f695  ADCSequenceDMAEnable                                                 
0001f6a5  InitSamples                                                          
0001f6b9  ti_sysbios_BIOS_getCpuFreq__E                                        
0001f6b9  ti_sysbios_family_arm_lm4_TimestampProvider_getFreq__E               
0001f6b9  xdc_runtime_Timestamp_SupportProxy_getFreq__E                        
0001f6c9  ti_sysbios_BIOS_setThreadType__E                                     
0001f6d9  osi_start                                                            
0001f6d9  ti_sysbios_BIOS_start__E                                             
0001f6e9  ti_sysbios_family_arm_lm4_TimestampProvider_rolloverFunc__E          
0001f6f9  ti_sysbios_family_arm_m3_TaskSupport_glue                            
0001f709  ti_sysbios_gates_GateMutex_Instance_finalize__E                      
0001f719  ti_sysbios_knl_Semaphore_Instance_finalize__E                        
0001f729  ti_sysbios_knl_Swi_disable__E                                        
0001f739  osi_TaskDisable                                                      
0001f739  ti_sysbios_knl_Task_disable__E                                       
0001f749  ti_uia_loggers_LoggerStopMode_Object__get__S                         
0001f759  ti_uia_loggers_LoggerStopMode_isEmpty__E                             
0001f769  uDMAEnable                                                           
0001f779  xdc_runtime_Gate_leaveSystem__E                                      
0001f789  xdc_runtime_Memory_free__E                                           
0001f799  xdc_runtime_SysMin_ready__E                                          
0001f799  xdc_runtime_System_SupportProxy_ready__E                             
0001f7a9  xdc_runtime_System_vsnprintf__E                                      
0001f7b9  xdc_runtime_Text_visitRope__I                                        
0001f7c9  ADCSequenceDisable                                                   
0001f7d7  ADCSequenceEnable                                                    
0001f7e5  GPIOIntStatus                                                        
0001f7f3  TimerEnable                                                          
0001f801  __TI_decompress_none                                                 
0001f811  ti_sysbios_knl_Idle_loop__E                                          
0001f821  ti_sysbios_knl_Queue_empty__E                                        
0001f82f  ADCReferenceSet                                                      
0001f83b  GPIOPinRead                                                          
0001f841  ti_sysbios_family_arm_lm4_Timer_getMaxTicks__E                       
0001f851  ti_sysbios_family_arm_lm4_TimestampProvider_startTimer__E            
0001f85d  ti_sysbios_family_arm_m3_Hwi_Params__init__S                         
0001f85d  ti_sysbios_hal_Hwi_HwiProxy_Params__init__S                          
0001f869  ti_sysbios_family_arm_m3_Hwi_disableFxn__E                           
0001f869  ti_sysbios_hal_Hwi_HwiProxy_disable__E                               
0001f879  ti_sysbios_family_arm_m3_TaskSupport_checkStack__E                   
0001f879  ti_sysbios_knl_Task_SupportProxy_checkStack__E                       
0001f889  ti_sysbios_gates_GateHwi_enter__E                                    
0001f895  ti_sysbios_knl_Queue_Object__get__S                                  
0001f8a1  ti_sysbios_utils_Load_taskRegHook__E                                 
0001f8ad  uDMAControlBaseSet                                                   
0001f8b9  xdc_runtime_Error_init__E                                            
0001f8c5  xdc_runtime_Gate_enterSystem__E                                      
0001f8d1  xdc_runtime_Memory_calloc__E                                         
0001f8dd  xdc_runtime_Memory_getMaxDefaultTypeAlign__E                         
0001f8e9  xdc_runtime_Memory_HeapProxy_alloc__E                                
0001f8f3  xdc_runtime_Memory_HeapProxy_free__E                                 
0001f8fd  ADCIntEnableEx                                                       
0001f905  EK_TM4C1294XL_initGPIO                                               
0001f90d  ti_sysbios_family_arm_lm4_Timer_masterDisable__I                     
0001f919  ti_sysbios_family_arm_m3_Hwi_doSwiRestore__I                         
0001f921  ti_sysbios_family_arm_m3_Hwi_startup__E                              
0001f921  ti_sysbios_hal_Hwi_HwiProxy_startup__E                               
0001f929  ti_sysbios_knl_Task_getHookContext__E                                
0001f931  GPIOPinWrite                                                         
0001f937  SysCtlDelay                                                          
0001f93d  __TI_decompress_rle24                                                
0001f943  xdc_runtime_System_Module_startup__E                                 
0001f949  ti_sysbios_family_arm_lm4_TimestampProvider_Module_startup__E        
0001f951  ti_sysbios_family_arm_m3_Hwi_restoreFxn__E                           
0001f951  ti_sysbios_hal_Hwi_HwiProxy_restore__E                               
0001f959  ti_sysbios_gates_GateHwi_leave__E                                    
0001f961  ti_sysbios_heaps_HeapMem_isBlocking__E                               
0001f969  ti_sysbios_knl_Queue_Instance_init__E                                
0001f971  ti_sysbios_family_arm_lm4_Timer_getPeriod__E                         
0001f979  ti_sysbios_gates_GateHwi_query__E                                    
0001f979  xdc_runtime_Main_Module_GateProxy_query__E                           
0001f979  xdc_runtime_System_Module_GateProxy_query__E                         
0001f981  ti_sysbios_BIOS_RtsGateProxy_query__E                                
0001f981  ti_sysbios_gates_GateMutex_query__E                                  
0001f981  ti_sysbios_heaps_HeapMem_Module_GateProxy_query__E                   
0001f989  ti_sysbios_knl_Task_startup__E                                       
0001f991  ti_sysbios_gates_GateHwi_Instance_init__E                            
0001f998  __TI_static_base__                                                   
0001feac  __TI_Handler_Table_Base                                              
0001feb4  __TI_CINIT_Base                                                      
0001feb4  __TI_Handler_Table_Limit                                             
0001fecc  __TI_CINIT_Limit                                                     
20000000  ti_sysbios_family_arm_m3_Hwi_ramVectors                              
20000400  ti_sysbios_knl_Task_Instance_State_0_stack__A                        
20000600  ti_sysbios_knl_Task_Instance_State_1_stack__A                        
20000800  ti_sysbios_knl_Task_Instance_State_2_stack__A                        
20000a00  ti_sysbios_knl_Task_Instance_State_3_stack__A                        
20000c00  data_array1                                                          
20001400  data_array2                                                          
20001c00  data_proc0                                                           
20002000  data_proc1                                                           
20002400  data_proc2                                                           
20002800  data_proc3                                                           
20002c00  data_proc4                                                           
20003000  data_proc5                                                           
20003400  data_proc6                                                           
20003800  data_proc7                                                           
20003c00  ti_sysbios_heaps_HeapMem_Instance_State_0_buf__A                     
20004000  ti_uia_loggers_LoggerStopMode_Instance_State_1_packetArray__A        
20004400  ti_uia_loggers_LoggerStopMode_Instance_State_2_packetArray__A        
20004800  udmaCtrlTable                                                        
20004c00  wave                                                                 
20005000  ti_sysbios_family_arm_m3_Hwi_dispatchTable                           
20005360  data_proc0_mag                                                       
20005560  data_proc1_mag                                                       
20005760  data_proc2_mag                                                       
20005960  data_proc3_mag                                                       
20005b60  data_proc4_mag                                                       
20005d60  data_proc5_mag                                                       
20005f60  data_proc6_mag                                                       
20006160  data_proc7_mag                                                       
2000636c  ti_sysbios_family_arm_m3_Hwi_Instance_State_0_hookEnv__A             
20006370  ti_sysbios_family_arm_m3_Hwi_Instance_State_1_hookEnv__A             
20006374  ti_sysbios_family_arm_m3_Hwi_Instance_State_2_hookEnv__A             
20006378  ti_sysbios_knl_Swi_Instance_State_0_hookEnv__A                       
2000637c  ti_sysbios_knl_Task_Instance_State_0_hookEnv__A                      
20006380  ti_uia_loggers_LoggerStopMode_Instance_State_0_packetArray__A        
20006580  __CIOBUF_                                                            
20006730  xdc_runtime_SysMin_Module_State_0_outbuf__A                          
200067b0  ti_sysbios_knl_Task_Instance_State_1_hookEnv__A                      
200067b4  ti_sysbios_knl_Task_Instance_State_2_hookEnv__A                      
200067b8  ti_sysbios_knl_Task_Instance_State_3_hookEnv__A                      
20006800  ti_uia_loggers_LoggerStopMode_Instance_State_0_hdr__A                
20006880  ti_uia_loggers_LoggerStopMode_Instance_State_1_hdr__A                
20006900  ti_uia_loggers_LoggerStopMode_Instance_State_2_hdr__A                
20006930  ti_sysbios_knl_Task_Object__table__V                                 
20006a70  ti_uia_loggers_LoggerStopMode_Object__table__V                       
20006b0c  ti_sysbios_utils_Load_Module__state__V                               
20006ba4  ti_sysbios_family_arm_lm4_Timer_Object__table__V                     
20006c24  ti_sysbios_knl_Swi_Module_State_0_readyQ__A                          
20006ca4  ti_sysbios_knl_Task_Module_State_0_readyQ__A                         
20006d24  ti_sysbios_utils_Load_Module_State_0_taskEnv__A                      
20006d94  ti_sysbios_family_arm_m3_Hwi_Object__table__V                        
20006ddc  ti_sysbios_knl_Task_Module__state__V                                 
20006e20  ti_sysbios_family_arm_lm4_Timer_Module_State_0_device__A             
20006e60  ti_sysbios_knl_Semaphore_Object__table__V                            
20006e9c  ti_sysbios_gates_GateMutex_Object__table__V                          
20006ed4  ti_sysbios_family_arm_m3_Hwi_Module__state__V                        
20006f08  ti_sysbios_knl_Swi_Object__table__V                                  
20006f38  ti_sysbios_knl_Clock_Module__state__V                                
20006f64  rms0                                                                 
20006f68  rms1                                                                 
20006f6c  rms2                                                                 
20006f70  rms3                                                                 
20006f74  rms4                                                                 
20006f78  rms5                                                                 
20006f7c  rms6                                                                 
20006f80  rms7                                                                 
20006f84  buffer                                                               
20006f88  uDMATransferCount                                                    
20006f8c  ti_sysbios_BIOS_Module__state__V                                     
20006fb0  ti_sysbios_family_arm_lm4_Timer_Module_State_0_handles__A            
20006fd0  ti_sysbios_knl_Swi_Module__state__V                                  
20006fec  gpioPinConfigs                                                       
20007004  ti_sysbios_heaps_HeapMem_Object__table__V                            
2000701c  __TI_cleanup_ptr                                                     
20007020  __TI_dtors_ptr                                                       
20007024  __TI_enable_exit_profile_output                                      
20007028  ti_sysbios_family_arm_lm4_Timer_Module__state__V                     
20007034  ti_sysbios_knl_Task_Module__root__V                                  
20007040  ti_uia_runtime_QueueDescriptor_Module__state__V                      
2000704c  xdc_runtime_SysMin_Module__state__V                                  
20007058  _lock                                                                
2000705c  _unlock                                                              
20007060  gpioCallbackFunctions                                                
20007068  ti_uia_runtime_QueueDescriptor_gPtrToFirstDescriptor                 
2000706c  ti_uia_runtime_QueueDescriptor_gUpdateCount                          
20007070  ti_sysbios_family_arm_lm4_TimestampProvider_Module__state__V         
20007078  ti_sysbios_family_arm_m3_Hwi_Module__root__V                         
20007080  ti_sysbios_gates_GateHwi_Module__root__V                             
20007088  ti_sysbios_gates_GateMutex_Module__root__V                           
20007090  ti_sysbios_heaps_HeapMem_Module__root__V                             
20007098  ti_sysbios_knl_Queue_Module__root__V                                 
200070a0  ti_sysbios_knl_Semaphore_Module__root__V                             
200070a8  ti_uia_loggers_LoggerStopMode_Module__root__V                        
200070b0  xdc_runtime_Registry_Module__state__V                                
200070b8  xdc_runtime_Startup_Module__state__V                                 
200070c0  xdc_runtime_System_Module_State_0_atexitHandlers__A                  
200070c8  xdc_runtime_System_Module__state__V                                  
200070d6  ti_sysbios_family_arm_m3_Hwi_Module_State_0_excActive__A             
200070d8  errno                                                                
200070dc  main_func_sp                                                         
200070e0  ti_sysbios_family_arm_m3_Hwi_Module_State_0_excContext__A            
200070e4  ti_sysbios_family_arm_m3_Hwi_Module_State_0_excStack__A              
200070e8  ti_sysbios_gates_GateHwi_Object__table__V                            
200070ec  ti_sysbios_knl_Task_Module_State_0_idleTask__A                       
200070f0  ti_sysbios_utils_Load_Module_State_0_runningTask__A                  
200070f4  ti_sysbios_utils_Load_Module_State_0_taskStartTime__A                
200070f8  xdc_runtime_Memory_Module__state__V                                  
200070fc  xdc_runtime_Error_Module__state__V                                   
200070fe  xdc_runtime_Main_Module__root__V                                     
20007100  __stack                                                              
20007400  __STACK_END                                                          
e000e000  ti_sysbios_family_arm_m3_Hwi_nvic                                    
ffffffff  __TI_pprof_out_hndl                                                  
ffffffff  __TI_prof_data_size                                                  
ffffffff  __TI_prof_data_start                                                 
ffffffff  __binit__                                                            
ffffffff  __c_args__                                                           
ffffffff  binit                                                                
UNDEFED   SHT$$INIT_ARRAY$$Base                                                
UNDEFED   SHT$$INIT_ARRAY$$Limit                                               

[819 symbols]
