******************************************************************************
                  TI ARM Linker Unix v16.9.0                   
******************************************************************************
>> Linked Fri Dec 23 17:41:05 2016

OUTPUT FILE NAME:   <Protegemed.out>
ENTRY POINT SYMBOL: "_c_int00"  address: 00012419


MEMORY CONFIGURATION

         name            origin    length      used     unused   attr    fill
----------------------  --------  ---------  --------  --------  ----  --------
  FLASH                 00000000   00100000  0002d36c  000d2c94  R  X
  SRAM                  20000000   00040000  0001bfd0  00024030  RW X


SEGMENT ALLOCATION MAP

run origin  load origin   length   init length attrs members
----------  ----------- ---------- ----------- ----- -------
00000000    00000000    0002d378   0002d378    r-x
  00000000    00000000    0000003c   0000003c    r-- .resetVecs
  00000040    00000040    00016872   00016872    r-x .text
  000168b4    000168b4    000165b6   000165b6    r-- .const
  0002ce70    0002ce70    00000508   00000508    r-- .cinit
20000000    20000000    00000360   00000000    rw-
  20000000    20000000    00000360   00000000    rw- .vecs
20000400    20000400    0001bc70   00000000    rw-
  20000400    20000400    0001acec   00000000    rw- .bss
  2001b0ec    2001b0ec    00000c84   00000000    rw- .data
  2001bd70    2001bd70    00000300   00000000    rw- .stack


SECTION ALLOCATION MAP

 output                                  attributes/
section   page    origin      length       input sections
--------  ----  ----------  ----------   ----------------
.text      0    00000040    00016872     
                  00000040    00000c68     stk.aem4f : tcpin.oem4f (.text:TcpInput)
                  00000ca8    000008b8               : tcpout.oem4f (.text:TcpOutput)
                  00001560    00000764     main_protegemed.obj (.text:RMSCalc_Task)
                  00001cc4    0000070a     dsplib-cm4f.lib : arm_cfft_radix8_f32.obj (.text:arm_radix8_butterfly_f32)
                  000023ce    0000045e                     : arm_cfft_f32.obj (.text:arm_cfft_radix8by4_f32)
                  0000282c    00000004     driverlib.lib : adc.obj (.text:ADCIntClearEx)
                  00002830    00000430     sysbios.aem4f : BIOS.obj (.text:ti_sysbios_family_arm_m3_Hwi_excDumpRegs__I)
                  00002c60    00000408     stk.aem4f : ipout.oem4f (.text:IPTxPacket)
                  00003068    00000384               : ipin.oem4f (.text:IPRxPacket)
                  000033ec    0000034c     ti.targets.arm.rtsarm.aem4f : System.oem4f (.text:xdc_runtime_System_doPrint__I)
                  00003738    00000324     rtsv7M4_T_le_v4SPD16_eabi.lib : trgdrv.obj (.text)
                  00003a5c    00000304     main_protegemed.obj (.text:FFTCalc_Task)
                  00003d60    000002ec     sysbios.aem4f : BIOS.obj (.text:ti_sysbios_knl_Semaphore_pend__E)
                  0000404c    00000004     stk.aem4f : bind.oem4f (.text:BindGetIF)
                  00004050    000002c0     sysbios.aem4f : BIOS.obj (.text:ti_sysbios_knl_Task_Instance_finalize__E)
                  00004310    00000284     stk.aem4f : sock.oem4f (.text:SockSet)
                  00004594    00000004               : bind.oem4f (.text:BindGetNext)
                  00004598    00000258     sysbios.aem4f : BIOS.obj (.text:ti_sysbios_heaps_HeapMem_free__E)
                  000047f0    0000024c     stk.aem4f : ipfrag.oem4f (.text:IPReasm)
                  00004a3c    00000004     os.aem4f : ossys.oem4f (.text:NDK_vsprintf)
                  00004a40    00000248     sysbios.aem4f : BIOS.obj (.text:ti_sysbios_heaps_HeapMem_alloc__E)
                  00004c88    0000023c     stk.aem4f : icmpin.oem4f (.text:ICMPInput)
                  00004ec4    00000238               : udp.oem4f (.text:UdpInput)
                  000050fc    00000204     driverlib.lib : sysctl.obj (.text:SysCtlClockFreqSet)
                  00005300    00000204     Boot.aem4f : Boot_sysctl.oem4f (.text:ti_catalog_arm_cortexm4_tiva_ce_Boot_sysCtlClockFreqSetI__I)
                  00005504    00000004     stk.aem4f : node.oem4f (.text:NodeSetRt)
                  00005508    00000200     sysbios.aem4f : BIOS.obj (.text:ti_sysbios_knl_Task_sleep__E)
                  00005708    000001fc                   : BIOS.obj (.text:ti_sysbios_family_arm_lm4_Timer_start__E)
                  00005904    00000004     stk.aem4f : rawethsock_prot.oem4f (.text:RawEthSockPrAttach)
                  00005908    000001fc     sysbios.aem4f : BIOS.obj (.text:ti_sysbios_family_arm_m3_Hwi_excHandlerMax__I)
                  00005b04    000001f4     stk.aem4f : sock.oem4f (.text:SockRecv)
                  00005cf8    000001f4     sysbios.aem4f : BIOS.obj (.text:ti_sysbios_knl_Task_Instance_init__E)
                  00005eec    000001d8     Network_config.obj (.text:tcpHandler)
                  000060c4    000001b8     drivers_tivaware.aem4f : EMACSnow.oem4f (.text:EMACSnow_NIMUInit)
                  0000627c    000001b0     stk.aem4f : lliout.oem4f (.text:LLITxIpPacket)
                  0000642c    000001ac               : lliin.oem4f (.text:LLIRxPacket)
                  000065d8    000001a0     Samples_config.obj (.text:ADC_init)
                  00006778    0000019c     os.aem4f : mem.oem4f (.text:mmAlloc)
                  00006914    00000198     stk.aem4f : igmp.oem4f (.text:IGMPInput)
                  00006aac    00000004               : rawethsock_prot.oem4f (.text:RawEthSockPrDetach)
                  00006ab0    00000198     sysbios.aem4f : BIOS.obj (.text:ti_sysbios_family_arm_m3_Hwi_dispatchC__I)
                  00006c48    00000190     stk.aem4f : sock.oem4f (.text:SockNew)
                  00006dd8    00000188     sysbios.aem4f : BIOS.obj (.text:ti_sysbios_knl_Task_setPri__E)
                  00006f60    00000186     dsplib-cm4f.lib : arm_cfft_f32.obj (.text:arm_cfft_radix8by2_f32)
                  000070e6    00000002     hal_userled_stub.aem4f : llled.oem4f (.text:LED_TOGGLE)
                  000070e8    0000017c     sysbios.aem4f : BIOS.obj (.text:ti_sysbios_family_arm_lm4_TimestampProvider_get64__E)
                  00007264    00000004     os.aem4f : semaphore.oem4f (.text:SemPend)
                  00007268    00000178     sysbios.aem4f : BIOS.obj (.text:ti_sysbios_knl_Swi_run__I)
                  000073e0    00000174     netctrl_min_ipv4.aem4f : netctrl.oem4f (.text:NC_NetStart)
                  00007554    00000004     os.aem4f : semaphore.oem4f (.text:SemPost)
                  00007558    00000174     sysbios.aem4f : BIOS.obj (.text:ti_sysbios_family_arm_m3_Hwi_excBusFault__I)
                  000076cc    00000170     stk.aem4f : rtc.oem4f (.text:RTCReport)
                  0000783c    0000016a               : sb.oem4f (.text:SBRead)
                  000079a6    00000002               : nat.oem4f (.text:NatMsg)
                  000079a8    00000164     sysbios.aem4f : BIOS.obj (.text:ti_sysbios_family_arm_m3_Hwi_excUsageFault__I)
                  00007b0c    00000160     stk.aem4f : sock.oem4f (.text:SockConnect)
                  00007c6c    00000004     os.aem4f : semaphore.oem4f (.text:SemReset)
                  00007c70    00000160     sysbios.aem4f : BIOS.obj (.text:ti_sysbios_utils_Load_logLoads__I)
                  00007dd0    00000158     nettool_ipv4.aem4f : dhcpmain.oem4f (.text:DHCPOpen)
                  00007f28    00000150     drivers_tivaware.aem4f : GPIOTiva.oem4f (.text:GPIO_setConfig)
                  00008078    00000148     sysbios.aem4f : BIOS.obj (.text:ti_sysbios_family_arm_m3_Hwi_excMemFault__I)
                  000081c0    00000144     stk.aem4f : bind.oem4f (.text:BindNew)
                  00008304    00000140               : tcp.oem4f (.text:TcpTimeoutCheck)
                  00008444    00000004     os.aem4f : task.oem4f (.text:TaskSelf)
                  00008448    00000140     sysbios.aem4f : BIOS.obj (.text:ti_sysbios_knl_Semaphore_post__E)
                  00008588    0000013c     nettool_ipv4.aem4f : config.oem4f (.text:CfgAddEntry)
                  000086c4    0000013c     stk.aem4f : sockint.oem4f (.text:SockNotify)
                  00008800    0000013c               : sock.oem4f (.text:SockSend)
                  0000893c    00000004     os.aem4f : task.oem4f (.text:TaskSetPri)
                  00008940    0000013c     sysbios.aem4f : BIOS.obj (.text:ti_sysbios_heaps_HeapMem_Instance_init__E)
                  00008a7c    00000004     driverlib.lib : timer.obj (.text:TimerADCEventSet)
                  00008a80    0000013c     sysbios.aem4f : BIOS.obj (.text:ti_sysbios_knl_Clock_workFunc__E)
                  00008bbc    00000138     dsplib-cm4f.lib : arm_cmplx_mag_f32.obj (.text:arm_cmplx_mag_f32)
                  00008cf4    00000138     RTOS_protegemed_pem4f.oem4f (.text:ti_uia_loggers_LoggerStopMode_writeMemoryRange__E)
                  00008e2c    00000134     stk.aem4f : icmp.oem4f (.text:ICMPGenPacket)
                  00008f60    00000130     driverlib.lib : gpio.obj (.text:GPIOPadConfigSet)
                  00009090    00000124     stk.aem4f : sockpcb.oem4f (.text:SockPcbResolve)
                  000091b4    00000124               : udp.oem4f (.text:UdpOutput)
                  000092d8    00000124     RTOS_protegemed_pem4f.oem4f (.text:ti_ndk_config_Global_stackThread)
                  000093fc    00000004     hal_ser_stub.aem4f : llserstb.oem4f (.text:_llSerialInit)
                  00009400    0000011c     sysbios.aem4f : BIOS.obj (.text:ti_sysbios_knl_Clock_Instance_init__E)
                  0000951c    00000118     stk.aem4f : tcpout.oem4f (.text:TcpGenPacket)
                  00009634    00000118     ti.targets.arm.rtsarm.aem4f : Error.oem4f (.text:xdc_runtime_Error_policyDefault__E)
                  0000974c    00000114     stk.aem4f : nimu.oem4f (.text:NIMUIoctl)
                  00009860    00000114     sysbios.aem4f : BIOS.obj (.text:ti_sysbios_utils_Load_updateThreadContexts__E)
                  00009974    00000114     RTOS_protegemed_pem4f.oem4f (.text:ti_uia_loggers_LoggerStopMode_write8__E)
                  00009a88    00000110     stk.aem4f : node.oem4f (.text:NodeTreeFree)
                  00009b98    00000110               : raw.oem4f (.text:RawInput)
                  00009ca8    00000110     sysbios.aem4f : BIOS.obj (.text:ti_sysbios_knl_Task_schedule__I)
                  00009db8    0000010c     stk.aem4f : rtable.oem4f (.text:RtFind)
                  00009ec4    0000010a               : route.oem4f (.text:RtCreate)
                  00009fce    00000002     os.aem4f : task.oem4f (.text:_TaskInit)
                  00009fd0    00000108     drivers_tivaware.aem4f : EMACSnow.oem4f (.text:EMACSnow_emacStart)
                  0000a0d8    00000108     sysbios.aem4f : BIOS.obj (.text:ti_sysbios_knl_Task_exit__E)
                  0000a1e0    00000104     os.aem4f : task.oem4f (.text:llEnter)
                  0000a2e4    00000004     stk.aem4f : listlib.oem4f (.text:list_get_head)
                  0000a2e8    00000104     sysbios.aem4f : BIOS.obj (.text:ti_sysbios_knl_Swi_Instance_init__E)
                  0000a3ec    00000004     stk.aem4f : listlib.oem4f (.text:list_get_next)
                  0000a3f0    00000104     sysbios.aem4f : BIOS.obj (.text:ti_sysbios_knl_Swi_Module_startup__E)
                  0000a4f4    00000102     nettool_ipv4.aem4f : dhcppkt.oem4f (.text:dhcpPacketProcess)
                  0000a5f6    00000102                        : inetaddr.oem4f (.text:inet_aton)
                  0000a6f8    00000100     stk.aem4f : igmp.oem4f (.text:IGMPSendReply)
                  0000a7f8    00000100     ti.targets.arm.rtsarm.aem4f : Core-mem.oem4f (.text:xdc_runtime_Core_createObject__I)
                  0000a8f8    000000fc     EK_TM4C1294XL.obj (.text:EK_TM4C1294XL_initEMAC)
                  0000a9f4    000000fc     netctrl_min_ipv4.aem4f : netctrl.oem4f (.text:NetScheduler)
                  0000aaf0    000000fc     ADC_pinout.obj (.text:PinoutSetADC)
                  0000abec    000000fc     dsplib-cm4f.lib : arm_rfft_fast_init_f32.obj (.text:arm_rfft_fast_init_f32)
                  0000ace8    000000fc     sysbios.aem4f : BIOS.obj (.text:ti_sysbios_knl_Task_postInit__I)
                  0000ade4    00000004     RTOS_protegemed_pem4f.oem4f (.text:ti_ndk_config_Global_NetworkOpen)
                  0000ade8    000000fc     sysbios.aem4f : BIOS.obj (.text:ti_sysbios_knl_Task_startCore__E)
                  0000aee4    000000fc     RTOS_protegemed_pem4f.oem4f (.text:ti_uia_loggers_LoggerStopMode_write4__E)
                  0000afe0    000000f8     stk.aem4f : pipe.oem4f (.text:PipeRecv)
                  0000b0d8    000000f8     ti.targets.arm.rtsarm.aem4f : Startup.oem4f (.text:xdc_runtime_Startup_startMods__I)
                  0000b1d0    000000f8     RTOS_protegemed_pem4f.oem4f (.text:xdc_runtime_System_printfExtend__I)
                  0000b2c8    000000f4     os.aem4f : task.oem4f (.text:TaskGetEnv)
                  0000b3bc    000000f4     sysbios.aem4f : m3_Hwi_asm.obj (.text:ti_sysbios_family_arm_m3_Hwi_dispatch__I)
                  0000b4b0    000000f0     stk.aem4f : lliout.oem4f (.text:LLIGenArpPacket)
                  0000b5a0    000000f0               : sock.oem4f (.text:SockClose)
                  0000b690    000000f0     RTOS_protegemed_pem4f.oem4f (.text:ti_uia_loggers_LoggerStopMode_write2__E)
                  0000b780    000000ec     RTOS_protegemed_pem4f.oem4f (.text:ti_uia_loggers_LoggerStopMode_write1__E)
                  0000b86c    000000e8     os.aem4f : task.oem4f (.text:TaskSetEnv)
                  0000b954    000000e4     Samples_config.obj (.text:DMA_init)
                  0000ba38    000000e0     stk.aem4f : tcptime.oem4f (.text:TcpTimeoutRexmt)
                  0000bb18    000000dc               : sb.oem4f (.text:SBWrite)
                  0000bbf4    000000dc     nettool_ipv4.aem4f : dhcpsock.oem4f (.text:dhcpSocketOpen)
                  0000bcd0    000000dc                        : dhcpsm.oem4f (.text:dhcpState)
                  0000bdac    000000dc     RTOS_protegemed_pem4f.oem4f (.text:ti_uia_loggers_LoggerStopMode_write0__E)
                  0000be88    000000d8     stk.aem4f : node.oem4f (.text:NodeAdd)
                  0000bf60    000000d8               : tcpprot.oem4f (.text:TcpPrSetOption)
                  0000c038    000000d8     sysbios.aem4f : BIOS.obj (.text:ti_sysbios_family_arm_lm4_TimestampProvider_get32__E)
                  0000c110    000000d8                   : BIOS.obj (.text:ti_sysbios_family_arm_m3_Hwi_postInit__I)
                  0000c1e8    000000d8                   : BIOS.obj (.text:ti_sysbios_knl_Swi_post__E)
                  0000c2c0    000000d6     dsplib-cm4f.lib : arm_cfft_f32.obj (.text:arm_cfft_f32)
                  0000c396    00000002     os.aem4f : task.oem4f (.text:_TaskShutdown)
                  0000c398    000000d4     drivers_tivaware.aem4f : EMACSnow.oem4f (.text:EMACSnow_handleRx)
                  0000c46c    000000d4     stk.aem4f : sockpcb.oem4f (.text:SockPcbBind)
                  0000c540    000000d1               : nimu.oem4f (.text:NIMUReceivePacket)
                  0000c611    00000001     --HOLE-- [fill = 0]
                  0000c612    00000002     hal_ser_stub.aem4f : llserstb.oem4f (.text:_llSerialServiceCheck)
                  0000c614    000000cc     stk.aem4f : icmp.oem4f (.text:ICMPSendRtAdv)
                  0000c6e0    000000cc     nettool_ipv4.aem4f : dhcpbild.oem4f (.text:dhcpBuildHeader)
                  0000c7ac    000000cc                        : dhcpsm.oem4f (.text:dhcpIPAdd)
                  0000c878    000000cc                        : dhcppkt.oem4f (.text:dhcpVerifyMessage)
                  0000c944    00000004     RTOS_protegemed_pem4f.oem4f (.text:ti_sysbios_BIOS_RtsGateProxy_enter__E)
                  0000c948    000000cc     sysbios.aem4f : BIOS.obj (.text:ti_sysbios_family_arm_m3_Hwi_Instance_init__E)
                  0000ca14    000000cc     ti.targets.arm.rtsarm.aem4f : Core-smem.oem4f (.text:xdc_runtime_Core_constructObject__I)
                  0000cae0    000000c8     stk.aem4f : rawethsock.oem4f (.text:RawEthSockNew)
                  0000cba8    000000c8     netctrl_min_ipv4.aem4f : netsrv.oem4f (.text:SPIpNet)
                  0000cc70    000000c4     drivers_tivaware.aem4f : EMACSnow.oem4f (.text:EMACSnow_InitDMADescriptors)
                  0000cd34    000000c4     stk.aem4f : igmp.oem4f (.text:IGMPJoinHostGroup)
                  0000cdf8    000000c4     nettool_ipv4.aem4f : dhcpsm.oem4f (.text:StateBound)
                  0000cebc    000000c0     dsplib-cm4f.lib : arm_bitreversal2.obj (.text)
                  0000cf7c    000000bc     stk.aem4f : sockpcb.oem4f (.text:SockPcbFind)
                  0000d038    000000bc               : vlan.oem4f (.text:VLANDeinit)
                  0000d0f4    00000004     RTOS_protegemed_pem4f.oem4f (.text:ti_sysbios_BIOS_RtsGateProxy_leave__E)
                  0000d0f8    000000bc     sysbios.aem4f : BIOS.obj (.text:ti_sysbios_family_arm_m3_Hwi_excDebugMon__I)
                  0000d1b4    00000004                   : BIOS.obj (.text:ti_sysbios_family_arm_lm4_Timer_masterEnable__I)
                  0000d1b8    000000bc                   : BIOS.obj (.text:ti_sysbios_family_arm_m3_Hwi_excHardFault__I)
                  0000d274    000000b8     stk.aem4f : icmpin.oem4f (.text:ICMPRevSrcRoute)
                  0000d32c    000000b8               : lli.oem4f (.text:_LLITimeoutCheck)
                  0000d3e4    00000004     RTOS_protegemed_pem4f.oem4f (.text:ti_sysbios_family_arm_m3_Hwi_delete)
                  0000d3e8    000000b8     sysbios.aem4f : BIOS.obj (.text:ti_sysbios_knl_Task_unblockI__E)
                  0000d4a0    000000b4     stk.aem4f : tcptime.oem4f (.text:TcpTimeoutKeep)
                  0000d554    00000004     RTOS_protegemed_pem4f.oem4f (.text:ti_sysbios_family_arm_m3_TaskSupport_Module__startupDone__S)
                  0000d558    000000b4     sysbios.aem4f : BIOS.obj (.text:ti_sysbios_gates_GateMutex_enter__E)
                  0000d60c    00000004     RTOS_protegemed_pem4f.oem4f (.text:ti_sysbios_heaps_HeapMem_Module_GateProxy_enter__E)
                  0000d610    000000b4     sysbios.aem4f : BIOS.obj (.text:ti_sysbios_knl_Task_checkStacks__E)
                  0000d6c4    000000b0     stk.aem4f : rawethsock.oem4f (.text:RawEthSockSet)
                  0000d774    000000b0     Network_config.obj (.text:tcpWorker)
                  0000d824    00000004     RTOS_protegemed_pem4f.oem4f (.text:ti_sysbios_heaps_HeapMem_Module_GateProxy_leave__E)
                  0000d828    000000b0     sysbios.aem4f : BIOS.obj (.text:ti_sysbios_utils_Load_idleFxn__E)
                  0000d8d8    000000b0                   : BIOS.obj (.text:ti_sysbios_utils_Load_updateLoads__E)
                  0000d988    000000ac     stk.aem4f : rtable.oem4f (.text:RtTimeoutCheck)
                  0000da34    000000ac     RTOS_protegemed_pem4f.oem4f (.text:ti_ndk_config_ip_init)
                  0000dae0    000000ac     sysbios.aem4f : BIOS.obj (.text:ti_sysbios_family_arm_lm4_Timer_enableTiva__I)
                  0000db8c    000000a8     stk.aem4f : sockint.oem4f (.text:SockCreatePacket)
                  0000dc34    00000004     RTOS_protegemed_pem4f.oem4f (.text:ti_sysbios_knl_Clock_TimerProxy_getMaxTicks__E)
                  0000dc38    000000a8     sysbios.aem4f : BIOS.obj (.text:ti_sysbios_family_arm_lm4_Timer_enableTimers__I)
                  0000dce0    000000a8                   : BIOS.obj (.text:ti_sysbios_knl_Task_blockI__E)
                  0000dd88    000000a4     Samples_config.obj (.text:ADC_Seq1_ISR)
                  0000de2c    000000a4     dsplib-cm4f.lib : arm_rfft_fast_f32.obj (.text:stage_rfft_f32)
                  0000ded0    000000a0     Samples_config.obj (.text:ADC_Seq0_ISR)
                  0000df70    000000a0     stk.aem4f : ip.oem4f (.text:IPGetRoute)
                  0000e010    000000a0     auto_init.aem4f : auto_init.oem4f (.text)
                  0000e0b0    000000a0     sysbios.aem4f : BIOS.obj (.text:ti_sysbios_knl_Swi_Instance_finalize__E)
                  0000e150    000000a0     ti.targets.arm.rtsarm.aem4f : Text.oem4f (.text:xdc_runtime_Text_putMod__E)
                  0000e1f0    0000009e     stk.aem4f : nimu.oem4f (.text:NIMUAddEthernetHeader)
                  0000e28e    0000009e     nettool_ipv4.aem4f : dhcpbild.oem4f (.text:dhcpBuildRequest)
                  0000e32c    0000009c     stk.aem4f : exec.oem4f (.text:ExecOpen)
                  0000e3c8    0000009c     rtsv7M4_T_le_v4SPD16_eabi.lib : memcpy_t2.obj (.text)
                  0000e464    00000004     RTOS_protegemed_pem4f.oem4f (.text:ti_sysbios_knl_Clock_TimerProxy_getPeriod__E)
                  0000e468    0000009c     sysbios.aem4f : BIOS.obj (.text:ti_sysbios_knl_Semaphore_Instance_init__E)
                  0000e504    0000009a     dsplib-cm4f.lib : arm_rfft_fast_f32.obj (.text:merge_rfft_f32)
                  0000e59e    00000002     hal_ser_stub.aem4f : llserstb.oem4f (.text:_llSerialShutdown)
                  0000e5a0    0000009a     ti.targets.arm.rtsarm.aem4f : Text.oem4f (.text:xdc_runtime_Text_putSite__E)
                  0000e63a    00000002     hal_userled_stub.aem4f : llled.oem4f (.text:_llUserLedInit)
                  0000e63c    00000098     EK_TM4C1294XL.obj (.text:EK_TM4C1294XL_initGeneral)
                  0000e6d4    00000098     netctrl_min_ipv4.aem4f : netctrl.oem4f (.text:NC_SystemOpen)
                  0000e76c    00000098                            : netsrv.oem4f (.text:ServiceScan)
                  0000e804    00000098     Boot.aem4f : Boot.oem4f (.text:ti_catalog_arm_cortexm4_tiva_ce_Boot_sysCtlClockFreqSet__E)
                  0000e89c    00000094     nettool_ipv4.aem4f : config.oem4f (.text:CfgRemoveEntry)
                  0000e930    00000094     sysbios.aem4f : BIOS.obj (.text:ti_sysbios_family_arm_m3_Hwi_initNVIC__E)
                  0000e9c4    00000090     nettool_ipv4.aem4f : config.oem4f (.text:CfgExecute)
                  0000ea54    00000090     stk.aem4f : igmp.oem4f (.text:IGMPMsg)
                  0000eae4    00000090     os.aem4f : mem.oem4f (.text:mmBulkAlloc)
                  0000eb74    00000004     RTOS_protegemed_pem4f.oem4f (.text:ti_sysbios_knl_Queue_destruct)
                  0000eb78    00000090     sysbios.aem4f : BIOS.obj (.text:ti_sysbios_knl_Task_Module_startup__E)
                  0000ec08    00000090                   : BIOS.obj (.text:ti_sysbios_utils_Load_startup__E)
                  0000ec98    00000090     ti.uia.loggers.aem4f : LoggerStopMode.oem4f (.text:ti_uia_loggers_LoggerStopMode_initQueueDescriptor__E)
                  0000ed28    0000008c     drivers_tivaware.aem4f : GPIOTiva.oem4f (.text:GPIO_init)
                  0000edb4    0000008c     stk.aem4f : ip.oem4f (.text:IPMsg)
                  0000ee40    0000008c     os.aem4f : mem.oem4f (.text:_mmInit)
                  0000eecc    0000008c              : mem.oem4f (.text:mmInitPage)
                  0000ef58    0000008c     sysbios.aem4f : m3_TaskSupport_asm.obj (.text:ti_sysbios_family_arm_m3_TaskSupport_buildTaskStack)
                  0000efe4    00000004     RTOS_protegemed_pem4f.oem4f (.text:ti_sysbios_knl_Semaphore_delete)
                  0000efe8    0000008c     sysbios.aem4f : BIOS.obj (.text:ti_sysbios_utils_Load_updateCurrentThreadTime__E)
                  0000f074    0000008a     netctrl_min_ipv4.aem4f : netsrv.oem4f (.text:SPRoute)
                  0000f0fe    00000002     hal_userled_stub.aem4f : llled.oem4f (.text:_llUserLedShutdown)
                  0000f100    00000088     netctrl_min_ipv4.aem4f : netsrv.oem4f (.text:ServiceSpawn)
                  0000f188    00000088     stk.aem4f : sockpcb.oem4f (.text:SockPcbCtlError)
                  0000f210    00000086     nettool_ipv4.aem4f : dhcpsm.oem4f (.text:StateRequesting)
                  0000f296    00000002     hal_ser_stub.aem4f : llserstb.oem4f (.text:llSerialService)
                  0000f298    00000084     nettool_ipv4.aem4f : config.oem4f (.text:CfgGetEntry)
                  0000f31c    00000084     drivers_tivaware.aem4f : EMACSnow.oem4f (.text:EMACSnow_processPhyInterrupt)
                  0000f3a0    00000084     stk.aem4f : tcpprot.oem4f (.text:TcpPrAttach)
                  0000f424    00000084     dsplib-cm4f.lib : arm_rms_f32.obj (.text:arm_rms_f32)
                  0000f4a8    00000084     os.aem4f : mem.oem4f (.text:mmBulkFree)
                  0000f52c    00000084              : mem.oem4f (.text:mmFree)
                  0000f5b0    00000084     driverlib.lib : udma.obj (.text:uDMAChannelTransferSet)
                  0000f634    00000082     nettool_ipv4.aem4f : dhcpsm.oem4f (.text:StateRenewRebind)
                  0000f6b6    00000002     rtsv7M4_T_le_v4SPD16_eabi.lib : i_div0.obj (.text)
                  0000f6b8    00000080     drivers_tivaware.aem4f : EMACSnow.oem4f (.text:EMACSnow_emacStop)
                  0000f738    00000080                            : EMACSnow.oem4f (.text:EMACSnow_processPendingTx)
                  0000f7b8    00000080     stk.aem4f : lli.oem4f (.text:LLINew)
                  0000f838    00000080     netctrl_min_ipv4.aem4f : netsrv.oem4f (.text:NS_BootTask)
                  0000f8b8    00000080     stk.aem4f : pbm.oem4f (.text:PBM_alloc)
                  0000f938    00000080               : raw.oem4f (.text:RawOutput)
                  0000f9b8    0000007f     RTOS_protegemed_pem4f.oem4f (.text:ti_ndk_config_Global_NetworkIPAddr)
                  0000fa37    00000001     --HOLE-- [fill = 0]
                  0000fa38    0000007e     stk.aem4f : fileuser.oem4f (.text:fdClose)
                  0000fab6    00000002     RTOS_protegemed_pem4f.oem4f (.text:ti_ndk_config_Global_NetworkClose)
                  0000fab8    0000007c     nettool_ipv4.aem4f : config.oem4f (.text:CfgGetNextEntry)
                  0000fb34    0000007c     drivers_tivaware.aem4f : EMACSnow.oem4f (.text:EMACSnow_hwiIntFxn)
                  0000fbb0    0000007c     stk.aem4f : igmp.oem4f (.text:IGMPDoMCast)
                  0000fc2c    0000007c               : igmp.oem4f (.text:IGMPJoin)
                  0000fca8    0000007c               : socket.oem4f (.text:NDK_setsockopt)
                  0000fd24    0000007c               : nimu.oem4f (.text:NIMURegister)
                  0000fda0    0000007c               : pbm.oem4f (.text:PBM_free)
                  0000fe1c    0000007a     driverlib.lib : adc.obj (.text:ADCSequenceStepConfigure)
                  0000fe96    0000007a     stk.aem4f : sock.oem4f (.text:SockAccept)
                  0000ff10    0000007a     rtsv7M4_T_le_v4SPD16_eabi.lib : memset_t2.obj (.text)
                  0000ff8a    00000002     RTOS_protegemed_pem4f.oem4f (.text:ti_sysbios_BIOS_nullFunc__I)
                  0000ff8c    00000078     driverlib.lib : emac.obj (.text:EMACInit)
                  00010004    00000078     stk.aem4f : socket.oem4f (.text:NDK_sendto)
                  0001007c    00000078               : tcptime.oem4f (.text:TcpXmitTimer)
                  000100f4    00000078               : fileuser.oem4f (.text:fdOpenSession)
                  0001016c    00000078     os.aem4f : task.oem4f (.text:llExit)
                  000101e4    00000078     Network_config.obj (.text:netOpenHook)
                  0001025c    00000004     RTOS_protegemed_pem4f.oem4f (.text:ti_sysbios_knl_Semaphore_destruct)
                  00010260    00000078     sysbios.aem4f : BIOS.obj (.text:ti_sysbios_family_arm_m3_Hwi_Instance_finalize__E)
                  000102d8    00000076     stk.aem4f : pipe.oem4f (.text:PipeSend)
                  0001034e    00000002     RTOS_protegemed_pem4f.oem4f (.text:ti_uia_loggers_LoggerStopMode_setFilterLevel__E)
                  00010350    00000075     stk.aem4f : tcptime.oem4f (.text:TcpTimeoutSackRexmt)
                  000103c5    00000001     --HOLE-- [fill = 0]
                  000103c6    00000002     ti.uia.loggers.aem4f : LoggerStopMode.oem4f (.text:ti_uia_loggers_LoggerStopMode_setPriority__E)
                  000103c8    00000074     stk.aem4f : igmp.oem4f (.text:IGMPLeaveHostGroup)
                  0001043c    00000074               : nimu.oem4f (.text:NIMUShutdown)
                  000104b0    00000074               : raweth.oem4f (.text:RawEthRxPacket)
                  00010524    00000074               : sockpcb.oem4f (.text:SockPcbConnect)
                  00010598    00000074     sysbios.aem4f : BIOS.obj (.text:ti_sysbios_family_arm_m3_Hwi_Module_startup__E)
                  0001060c    00000004     RTOS_protegemed_pem4f.oem4f (.text:ti_sysbios_knl_Swi_delete)
                  00010610    00000074     sysbios.aem4f : BIOS.obj (.text:ti_sysbios_knl_Clock_start__E)
                  00010684    00000074     ti.uia.runtime.aem4f : QueueDescriptor.oem4f (.text:ti_uia_runtime_QueueDescriptor_addToList__E)
                  000106f8    00000072     os.aem4f : semaphore.oem4f (.text:SemCreateBinary)
                  0001076a    00000070     stk.aem4f : socket.oem4f (.text:NDK_accept)
                  000107da    00000070               : socket.oem4f (.text:NDK_send)
                  0001084a    00000002     RTOS_protegemed_pem4f.oem4f (.text:xdc_runtime_Startup_reset__I)
                  0001084c    00000070     stk.aem4f : rtable.oem4f (.text:RtFlush)
                  000108bc    00000070     netctrl_min_ipv4.aem4f : netsrv.oem4f (.text:SPConfig)
                  0001092c    00000070     stk.aem4f : sock.oem4f (.text:SockShutdown)
                  0001099c    00000070     nettool_ipv4.aem4f : dhcptags.oem4f (.text:dhcpDecodeType)
                  00010a0c    0000006e     stk.aem4f : socket.oem4f (.text:NDK_recv)
                  00010a7a    00000002     --HOLE-- [fill = 0]
                  00010a7c    0000006e               : rtable.oem4f (.text:RtWalkNext)
                  00010aea    0000006e               : sockpcb.oem4f (.text:SockPcbFindRaw)
                  00010b58    0000006d               : node.oem4f (.text:NodeNew)
                  00010bc5    00000003     --HOLE-- [fill = 0]
                  00010bc8    0000006d     ti.targets.arm.rtsarm.aem4f : System.oem4f (.text:xdc_runtime_System_formatNum__I)
                  00010c35    00000003     --HOLE-- [fill = 0]
                  00010c38    0000006c     os.aem4f : ossys.oem4f (.text:DbgPrintf)
                  00010ca4    0000006c     stk.aem4f : node.oem4f (.text:NodeTreeNew)
                  00010d10    0000006c               : raweth.oem4f (.text:RawEthTxPacket)
                  00010d7c    0000006c     Samples_config.obj (.text:TIMER_init)
                  00010de8    0000006c     stk.aem4f : udp.oem4f (.text:UdpChecksum)
                  00010e54    0000006c     dsplib-cm4f.lib : arm_scale_f32.obj (.text:arm_scale_f32)
                  00010ec0    0000006c     sysbios.aem4f : BIOS.obj (.text:ti_sysbios_knl_Swi_restoreHwi__E)
                  00010f2c    00000004     RTOS_protegemed_pem4f.oem4f (.text:ti_sysbios_knl_Task_delete)
                  00010f30    0000006c     sysbios.aem4f : BIOS.obj (.text:ti_sysbios_utils_Load_taskCreateHook__E)
                  00010f9c    0000006c     ti.targets.arm.rtsarm.aem4f : Error.oem4f (.text:xdc_runtime_Error_print__E)
                  00011008    0000006c                                 : Memory.oem4f (.text:xdc_runtime_Memory_alloc__E)
                  00011074    0000006a     stk.aem4f : tcpprot.oem4f (.text:TcpPrInherit)
                  000110de    00000002     --HOLE-- [fill = 0]
                  000110e0    00000068     driverlib.lib : interrupt.obj (.text:IntEnable)
                  00011148    00000068     stk.aem4f : socket.oem4f (.text:NDK_socket)
                  000111b0    00000068               : pbm.oem4f (.text:PBM_open)
                  00011218    00000068               : sock.oem4f (.text:SockListen)
                  00011280    00000068               : rtable.oem4f (.text:_RtNodeInsert)
                  000112e8    00000068     rtsv7M4_T_le_v4SPD16_eabi.lib : copy_decompress_lzss.obj (.text:decompress:lzss)
                  00011350    00000068                                   : trgmsg.obj (.text)
                  000113b8    00000068     sysbios.aem4f : BIOS.obj (.text:ti_sysbios_utils_Load_addTask__E)
                  00011420    00000066     ti.uia.loggers.aem4f : LoggerStopMode.oem4f (.text:ti_uia_loggers_LoggerStopMode_flush__E)
                  00011486    00000066     ti.targets.arm.rtsarm.aem4f : Core-mem.oem4f (.text:xdc_runtime_Core_deleteObject__I)
                  000114ec    00000064     nettool_ipv4.aem4f : config.oem4f (.text:CfgFree)
                  00011550    00000064     drivers_tivaware.aem4f : GPIOTiva.oem4f (.text:GPIO_hwiIntFxn)
                  000115b4    00000064     stk.aem4f : pbm.oem4f (.text:PBMQ_enq)
                  00011618    00000064               : sockint.oem4f (.text:SockSpawnAbort)
                  0001167c    00000064     hal_timer_bios.aem4f : lltimer.oem4f (.text:llTimerTick)
                  000116e0    00000064     sysbios.aem4f : BIOS.obj (.text:ti_sysbios_family_arm_lm4_Timer_Module_startup__E)
                  00011744    00000064     RTOS_protegemed_pem4f.oem4f (.text:ti_sysbios_family_arm_m3_Hwi_create)
                  000117a8    00000064     stk.aem4f : lliin.oem4f (.text:updateRtTable)
                  0001180c    00000062               : ipin.oem4f (.text:IPRouteIP)
                  0001186e    00000002     --HOLE-- [fill = 0]
                  00011870    00000062               : sb.oem4f (.text:SBNew)
                  000118d2    00000002     --HOLE-- [fill = 0]
                  000118d4    00000060     nettool_ipv4.aem4f : config.oem4f (.text:CfgGetEntryCnt)
                  00011934    00000060     stk.aem4f : file.oem4f (.text:FdWaitEvent)
                  00011994    00000060               : nimu.oem4f (.text:NIMUUnregister)
                  000119f4    00000060               : node.oem4f (.text:NodeFind)
                  00011a54    00000060               : rtc.oem4f (.text:RTCMsg)
                  00011ab4    00000060               : tcp.oem4f (.text:TcpChecksum)
                  00011b14    00000060     driverlib.lib : timer.obj (.text:TimerConfigure)
                  00011b74    00000060     nettool_ipv4.aem4f : dhcptags.oem4f (.text:dhcpBuildOptions)
                  00011bd4    00000004     ti.uia.loggers.aem4f : LoggerStopMode.oem4f (.text:ti_uia_loggers_LoggerStopMode_getContents__E)
                  00011bd8    00000060     sysbios.aem4f : BIOS.obj (.text:ti_sysbios_family_arm_lm4_Timer_isrStub__E)
                  00011c38    00000060                   : BIOS.obj (.text:ti_sysbios_knl_Clock_logTick__E)
                  00011c98    00000060                   : BIOS.obj (.text:ti_sysbios_utils_Load_logCPULoad__I)
                  00011cf8    0000005e     stk.aem4f : route.oem4f (.text:RtRemove)
                  00011d56    0000005e     nettool_ipv4.aem4f : dhcpsm.oem4f (.text:StateSelecting)
                  00011db4    0000005e     stk.aem4f : vlan.oem4f (.text:VLANReceivePacket)
                  00011e12    00000002     --HOLE-- [fill = 0]
                  00011e14    0000005c     nettool_ipv4.aem4f : config.oem4f (.text:CfgSetExecuteOrder)
                  00011e70    0000005c     stk.aem4f : nimu.oem4f (.text:NIMUIoctlSpecialCmd)
                  00011ecc    0000005c     netctrl_min_ipv4.aem4f : netsrv.oem4f (.text:SPService)
                  00011f28    0000005c     RTOS_protegemed_pem4f.oem4f (.text:ti_sysbios_knl_Swi_create)
                  00011f84    00000004     RTOS_protegemed_pem4f.oem4f (.text:ti_uia_loggers_LoggerStopMode_getFilterLevel__E)
                  00011f88    0000005c     sysbios.aem4f : BIOS.obj (.text:ti_sysbios_knl_Swi_schedule__I)
                  00011fe4    0000005c     RTOS_protegemed_pem4f.oem4f (.text:ti_sysbios_knl_Task_create)
                  00012040    0000005b     ti.targets.arm.rtsarm.aem4f : Text.oem4f (.text:xdc_runtime_Text_putLab__E)
                  0001209b    00000001     --HOLE-- [fill = 0]
                  0001209c    0000005a     stk.aem4f : route.oem4f (.text:RtRedirect)
                  000120f6    0000005a               : tcpprot.oem4f (.text:TcpValidateMetrics)
                  00012150    0000005a     nettool_ipv4.aem4f : dhcpbild.oem4f (.text:dhcpBuildDecline)
                  000121aa    0000005a     os.aem4f : mem.oem4f (.text:mmCopy)
                  00012204    0000005a     RTOS_protegemed_pem4f.oem4f (.text:ti_ndk_config_tcp_init)
                  0001225e    00000002     --HOLE-- [fill = 0]
                  00012260    00000058     stk.aem4f : bind.oem4f (.text:BindFree)
                  000122b8    00000058     driverlib.lib : emac.obj (.text:EMACPHYConfigSet)
                  00012310    00000058     stk.aem4f : igmp.oem4f (.text:IGMPTimer)
                  00012368    00000058     os.aem4f : semaphore.oem4f (.text:SemCreate)
                  000123c0    00000058     driverlib.lib : timer.obj (.text:TimerControlTrigger)
                  00012418    00000058     boot.aem4f : boot.oem4f (.text)
                  00012470    00000058     sysbios.aem4f : m3_Hwi_asm_switch.obj (.text:ti_sysbios_family_arm_m3_Hwi_initStacks__E)
                  000124c8    00000058                   : BIOS.obj (.text:ti_sysbios_knl_Swi_postInit__I)
                  00012520    00000056     driverlib.lib : gpio.obj (.text:GPIOIntTypeSet)
                  00012576    00000002     --HOLE-- [fill = 0]
                  00012578    00000054     nettool_ipv4.aem4f : config.oem4f (.text:CfgEntryDeRef)
                  000125cc    00000054     stk.aem4f : igmp.oem4f (.text:IGMPLeave)
                  00012620    00000054               : rawethsock_pcb.oem4f (.text:RawEthSockPcbAttach)
                  00012674    00000054               : sockpcb.oem4f (.text:SockCleanPcb)
                  000126c8    00000054               : tcptime.oem4f (.text:TcpTimeoutPersist)
                  0001271c    00000054     rtsv7M4_T_le_v4SPD16_eabi.lib : exit.obj (.text)
                  00012770    00000054     RTOS_protegemed_pem4f.oem4f (.text:ti_sysbios_utils_Load_hwiBeginHook__E)
                  000127c4    00000004     ti.uia.loggers.aem4f : LoggerStopMode.oem4f (.text:ti_uia_loggers_LoggerStopMode_getInstanceId__E)
                  000127c8    00000054     sysbios.aem4f : BIOS.obj (.text:ti_sysbios_utils_Load_taskSwitchHook__E)
                  0001281c    00000054     ti.targets.arm.rtsarm.aem4f : Assert.oem4f (.text:xdc_runtime_Assert_raise__I)
                  00012870    00000052     stk.aem4f : tcpprot.oem4f (.text:TcpPrDetach)
                  000128c2    00000002     --HOLE-- [fill = 0]
                  000128c4    00000050     drivers_tivaware.aem4f : GPIOTiva.oem4f (.text:GPIO_setCallback)
                  00012914    00000050                            : GPIOTiva.oem4f (.text:GPIO_toggle)
                  00012964    00000050                            : GPIOTiva.oem4f (.text:GPIO_write)
                  000129b4    00000050     stk.aem4f : socket.oem4f (.text:NDK_bind)
                  00012a04    00000050               : route.oem4f (.text:RtNew)
                  00012a54    00000050     driverlib.lib : sysctl.obj (.text:SysCtlPeripheralReset)
                  00012aa4    00000050     Boot.aem4f : Boot_sysctl.oem4f (.text:_SysCtlFrequencyGet)
                  00012af4    00000050     ti.targets.arm.rtsarm.aem4f : Startup.oem4f (.text:xdc_runtime_Startup_exec__E)
                  00012b44    00000050                                 : Text.oem4f (.text:xdc_runtime_Text_visitRope2__I)
                  00012b94    0000004e     stk.aem4f : node.oem4f (.text:NodeDeRef)
                  00012be2    0000004e     nettool_ipv4.aem4f : config.oem4f (.text:_CfgEntryScan)
                  00012c30    0000004c                        : ipaddr.oem4f (.text:NtAddNetwork)
                  00012c7c    0000004c     stk.aem4f : sockint.oem4f (.text:SockValidateRoute)
                  00012cc8    0000004c     rtsv7M4_T_le_v4SPD16_eabi.lib : cpy_tbl.obj (.text)
                  00012d14    00000004     ti.uia.loggers.aem4f : LoggerStopMode.oem4f (.text:ti_uia_loggers_LoggerStopMode_getMaxLength__E)
                  00012d18    0000004c     sysbios.aem4f : BIOS.obj (.text:ti_sysbios_heaps_HeapMem_getStats__E)
                  00012d64    00000004     ti.uia.loggers.aem4f : LoggerStopMode.oem4f (.text:ti_uia_loggers_LoggerStopMode_getPriority__E)
                  00012d68    0000004c     sysbios.aem4f : BIOS.obj (.text:ti_sysbios_knl_Swi_runLoop__I)
                  00012db4    00000004     ti.uia.loggers.aem4f : LoggerStopMode.oem4f (.text:ti_uia_loggers_LoggerStopMode_getTransferType__E)
                  00012db8    0000004c     sysbios.aem4f : BIOS.obj (.text:ti_sysbios_knl_Task_allBlockedFunction__I)
                  00012e04    0000004c     ti.uia.loggers.aem4f : LoggerStopMode.oem4f (.text:ti_uia_loggers_LoggerStopMode_Module_startup__E)
                  00012e50    0000004a     netctrl_min_ipv4.aem4f : netsrv.oem4f (.text:ServiceKill)
                  00012e9a    0000004a     stk.aem4f : sock.oem4f (.text:SockDisconnect)
                  00012ee4    0000004a               : timer.oem4f (.text:TimerNew)
                  00012f2e    00000048     nettool_ipv4.aem4f : config.oem4f (.text:CfgNew)
                  00012f76    00000002     --HOLE-- [fill = 0]
                  00012f78    00000048     driverlib.lib : gpio.obj (.text:GPIOPinConfigure)
                  00012fc0    00000048     stk.aem4f : lli.oem4f (.text:LLIMsg)
                  00013008    00000048               : node.oem4f (.text:NodeWalk)
                  00013050    00000048               : rawethsock_pcb.oem4f (.text:RawEthSockPcbDetach)
                  00013098    00000048               : sockpcb.oem4f (.text:SockPcbResolveChain)
                  000130e0    00000048               : tcpprot.oem4f (.text:TcpDrop)
                  00013128    00000048               : lli.oem4f (.text:_LLIExpListInsert)
                  00013170    00000048               : rtable.oem4f (.text:_RtExpListInsert)
                  000131b8    00000048     driverlib.lib : sysctl.obj (.text:_SysCtlFrequencyGet)
                  00013200    00000048     stk.aem4f : file.oem4f (.text:fdint_lockfd)
                  00013248    00000048     sysbios.aem4f : BIOS.obj (.text:ti_sysbios_family_arm_m3_Hwi_disableInterrupt__E)
                  00013290    00000048                   : BIOS.obj (.text:ti_sysbios_family_arm_m3_Hwi_enableInterrupt__E)
                  000132d8    00000048                   : BIOS.obj (.text:ti_sysbios_family_arm_m3_Hwi_excReserved__I)
                  00013320    00000048                   : BIOS.obj (.text:ti_sysbios_knl_Task_deleteTerminatedTasksFunc__I)
                  00013368    00000048                   : BIOS.obj (.text:ti_sysbios_utils_Load_taskDeleteHook__E)
                  000133b0    00000048     driverlib.lib : udma.obj (.text:uDMAChannelAttributeDisable)
                  000133f8    00000048                   : udma.obj (.text:uDMAChannelAttributeEnable)
                  00013440    00000046     nettool_ipv4.aem4f : ipaddr.oem4f (.text:NtIfIdx2Ip)
                  00013486    00000046     stk.aem4f : rawethsock.oem4f (.text:RawEthSockSend)
                  000134cc    00000046               : tcpprot.oem4f (.text:TcpPrCtlError)
                  00013512    00000046     os.aem4f : mem.oem4f (.text:mmZeroInit)
                  00013558    00000046     ti.targets.arm.rtsarm.aem4f : Core-params.oem4f (.text:xdc_runtime_Core_assignParams__I)
                  0001359e    00000002     --HOLE-- [fill = 0]
                  000135a0    00000044     drivers_tivaware.aem4f : EMACSnow.oem4f (.text:EMACSnow_processTransmitted)
                  000135e4    00000044     stk.aem4f : icmp.oem4f (.text:ICMPChecksum)
                  00013628    00000044               : ipfrag.oem4f (.text:IPReasmFree)
                  0001366c    00000044               : lli.oem4f (.text:LLIGetValidTime)
                  000136b0    00000044               : rtable.oem4f (.text:RouteMsg)
                  000136f4    00000044               : rtable.oem4f (.text:RtWalkEnd)
                  00013738    00000044               : sockpcb.oem4f (.text:SockPcbDetach)
                  0001377c    00000044               : timer.oem4f (.text:TimerListInsert)
                  000137c0    00000044     hal_timer_bios.aem4f : lltimer.oem4f (.text:llTimerGetTime)
                  00013804    00000004     ti.targets.arm.rtsarm.aem4f : Error.oem4f (.text:xdc_runtime_Error_getMsg__E)
                  00013808    00000044     sysbios.aem4f : BIOS.obj (.text:ti_sysbios_family_arm_lm4_Timer_stop__E)
                  0001384c    00000004     ti.targets.arm.rtsarm.aem4f : Error.oem4f (.text:xdc_runtime_Error_getSite__E)
                  00013850    00000044     sysbios.aem4f : BIOS.obj (.text:ti_sysbios_family_arm_m3_Hwi_getStackInfo__E)
                  00013894    00000004     RTOS_protegemed_pem4f.oem4f (.text:xdc_runtime_System_Module_GateProxy_enter__E)
                  00013898    00000044     sysbios.aem4f : BIOS.obj (.text:ti_sysbios_utils_Load_removeTask__E)
                  000138dc    00000004     RTOS_protegemed_pem4f.oem4f (.text:xdc_runtime_System_Module_GateProxy_leave__E)
                  000138e0    00000044     sysbios.aem4f : BIOS.obj (.text:ti_sysbios_utils_Load_swiBeginHook__E)
                  00013924    00000044     ti.uia.loggers.aem4f : LoggerStopMode.oem4f (.text:ti_uia_loggers_LoggerStopMode_initBuffer__I)
                  00013968    00000044     ti.targets.arm.rtsarm.aem4f : Error.oem4f (.text:xdc_runtime_Error_setX__E)
                  000139ac    00000044                                 : SysMin.oem4f (.text:xdc_runtime_SysMin_flush__E)
                  000139f0    00000044                                 : Text.oem4f (.text:xdc_runtime_Text_xprintf__I)
                  00013a34    00000042     stk.aem4f : socket.oem4f (.text:NDK_listen)
                  00013a76    00000042               : tcpprot.oem4f (.text:TcpPrSendOOB)
                  00013ab8    00000042               : fileuser.oem4f (.text:fdCloseSession)
                  00013afa    00000002     --HOLE-- [fill = 0]
                  00013afc    00000040               : lliin.oem4f (.text:LLIValidateRoute)
                  00013b3c    00000040               : pbm.oem4f (.text:PBM_copy)
                  00013b7c    00000040               : sockpcb.oem4f (.text:SockPcbRtChange)
                  00013bbc    00000040               : tcpprot.oem4f (.text:TcpPrSend)
                  00013bfc    00000040     rtsv7M4_T_le_v4SPD16_eabi.lib : u_divt2.obj (.text)
                  00013c3c    00000004     ti.targets.arm.rtsarm.aem4f : System.oem4f (.text:xdc_runtime_System_aprintf_va__F)
                  00013c40    00000040     sysbios.aem4f : BIOS.obj (.text:ti_sysbios_family_arm_lm4_Timer_startup__E)
                  00013c80    0000003e     driverlib.lib : adc.obj (.text:ADCSequenceConfigure)
                  00013cbe    0000003e     nettool_ipv4.aem4f : dhcpmain.oem4f (.text:DHCPClose)
                  00013cfc    0000003e     stk.aem4f : nimu.oem4f (.text:NIMUAllocateName)
                  00013d3a    0000003e     os.aem4f : task.oem4f (.text:TaskCreate)
                  00013d78    0000003e     stk.aem4f : tcpprot.oem4f (.text:TcpPrDisconnect)
                  00013db6    0000003e     dsplib-cm4f.lib : arm_rfft_fast_f32.obj (.text:arm_rfft_fast_f32)
                  00013df4    0000003e     stk.aem4f : file.oem4f (.text:fdint_unlockfd)
                  00013e32    0000003c     nettool_ipv4.aem4f : config.oem4f (.text:CfgEntryGetData)
                  00013e6e    0000003c     driverlib.lib : emac.obj (.text:EMACIntDisable)
                  00013eaa    0000003c     stk.aem4f : node.oem4f (.text:NodeUpdatePL)
                  00013ee6    00000002     --HOLE-- [fill = 0]
                  00013ee8    0000003c               : rtable.oem4f (.text:RtWalkBegin)
                  00013f24    0000003c               : tcpprot.oem4f (.text:TcpPrConnect)
                  00013f60    0000003c               : tcptime.oem4f (.text:TcpSetPersist)
                  00013f9c    0000003c               : rtc.oem4f (.text:_RTCSendRtAdv)
                  00013fd8    0000003c               : rtable.oem4f (.text:_RtNodeRemove)
                  00014014    0000003c     hal_timer_bios.aem4f : lltimer.oem4f (.text:_llTimerInit)
                  00014050    0000003c     sysbios.aem4f : BIOS.obj (.text:ti_sysbios_family_arm_m3_Hwi_excSvCall__I)
                  0001408c    00000004     ti.targets.arm.rtsarm.aem4f : System.oem4f (.text:xdc_runtime_System_printf_va__F)
                  00014090    0000003c     sysbios.aem4f : BIOS.obj (.text:ti_sysbios_heaps_HeapMem_init__I)
                  000140cc    00000004     --HOLE-- [fill = 0]
                  000140d0    0000003c                   : BIOS.obj (.text:ti_sysbios_knl_Swi_startup__E)
                  0001410c    00000004     --HOLE-- [fill = 0]
                  00014110    0000003c                   : BIOS.obj (.text:ti_sysbios_utils_Load_hwiEndHook__E)
                  0001414c    0000003a     driverlib.lib : emac.obj (.text:EMACIntEnable)
                  00014186    00000002     --HOLE-- [fill = 0]
                  00014188    00000038                   : emac.obj (.text:EMACConfigGet)
                  000141c0    00000038     stk.aem4f : ipfrag.oem4f (.text:IPReasmTimeout)
                  000141f8    00000038               : node.oem4f (.text:NodeGetRt)
                  00014230    00000038     driverlib.lib : sysctl.obj (.text:SysCtlPeripheralReady)
                  00014268    00000038     stk.aem4f : tcpprot.oem4f (.text:TcpClose)
                  000142a0    00000038               : timer.oem4f (.text:TimerHSTick)
                  000142d8    00000038     nettool_ipv4.aem4f : dhcpbild.oem4f (.text:dhcpBuildDiscover)
                  00014310    00000038                        : dhcptags.oem4f (.text:dhcpOptionsClear)
                  00014348    00000038     stk.aem4f : file.oem4f (.text:fdint_waitevent)
                  00014380    00000038     sysbios.aem4f : BIOS.obj (.text:ti_sysbios_family_arm_m3_Hwi_excNoIsr__I)
                  000143b8    00000038     RTOS_protegemed_pem4f.oem4f (.text:ti_sysbios_knl_Clock_create)
                  000143f0    00000038     sysbios.aem4f : BIOS.obj (.text:ti_sysbios_knl_Task_processVitalTaskFlag__I)
                  00014428    00000038     ti.targets.arm.rtsarm.aem4f : SysMin.oem4f (.text:xdc_runtime_SysMin_putch__E)
                  00014460    00000038                                 : System.oem4f (.text:xdc_runtime_System_atexit__E)
                  00014498    00000036     stk.aem4f : ip.oem4f (.text:IPChecksum)
                  000144ce    00000002     --HOLE-- [fill = 0]
                  000144d0    00000034     nettool_ipv4.aem4f : config.oem4f (.text:CfgSetService)
                  00014504    00000034     driverlib.lib : emac.obj (.text:EMACConfigSet)
                  00014538    00000034                   : emac.obj (.text:EMACIntClear)
                  0001456c    00000034     drivers_tivaware.aem4f : EMACSnow.oem4f (.text:EMACSnow_emacPoll)
                  000145a0    00000034                            : EMACSnow.oem4f (.text:EMACSnow_isLinkUp)
                  000145d4    00000034                            : EMAC.oem4f (.text:EMAC_init)
                  00014608    00000034     stk.aem4f : exec.oem4f (.text:ExecClose)
                  0001463c    00000034               : nimu.oem4f (.text:NIMUFindByName)
                  00014670    00000034               : nimu.oem4f (.text:NIMUInit)
                  000146a4    00000034               : rawethsock.oem4f (.text:RawEthSockNotify)
                  000146d8    00000034               : sockprot.oem4f (.text:SockPrCtlError)
                  0001470c    00000034     driverlib.lib : sysctl.obj (.text:SysCtlPeripheralEnable)
                  00014740    00000034     os.aem4f : mem.oem4f (.text:mmUnInitPage)
                  00014774    00000004     --HOLE-- [fill = 0]
                  00014778    00000034     sysbios.aem4f : BIOS.obj (.text:ti_sysbios_family_arm_m3_Hwi_excNmi__I)
                  000147ac    00000004     --HOLE-- [fill = 0]
                  000147b0    00000034                   : BIOS.obj (.text:ti_sysbios_hal_Hwi_checkStack)
                  000147e4    00000034     RTOS_protegemed_pem4f.oem4f (.text:ti_sysbios_knl_Semaphore_create)
                  00014818    00000034     sysbios.aem4f : BIOS.obj (.text:ti_sysbios_utils_Load_swiEndHook__E)
                  0001484c    00000034     ti.uia.loggers.aem4f : LoggerStopMode.oem4f (.text:ti_uia_loggers_LoggerStopMode_reset__E)
                  00014880    00000034     ti.targets.arm.rtsarm.aem4f : Core-label.oem4f (.text:xdc_runtime_Core_assignLabel__I)
                  000148b4    00000033                                 : Text.oem4f (.text:xdc_runtime_Text_printVisFxn__I)
                  000148e7    00000001     --HOLE-- [fill = 0]
                  000148e8    00000032     nettool_ipv4.aem4f : config.oem4f (.text:CfgGetImmediate)
                  0001491a    00000032     stk.aem4f : route.oem4f (.text:RtDeRef)
                  0001494c    00000032               : route.oem4f (.text:RtSetFailure)
                  0001497e    00000032               : sb.oem4f (.text:SBFlush)
                  000149b0    00000032               : sb.oem4f (.text:SBSetMax)
                  000149e2    00000032               : sock.oem4f (.text:SockIntAbort)
                  00014a14    00000032     nettool_ipv4.aem4f : config.oem4f (.text:_CfgAcquire)
                  00014a46    00000032                        : dhcpsm.oem4f (.text:dhcpIPRemove)
                  00014a78    00000032     sysbios.aem4f : BIOS.obj (.text:ti_sysbios_hal_Hwi_initStack)
                  00014aaa    00000006     driverlib.lib : emac.obj (.text:EMACRxDMADescriptorListSet)
                  00014ab0    00000032     sysbios.aem4f : BIOS.obj (.text:ti_sysbios_knl_Semaphore_pendTimeout__I)
                  00014ae2    00000030     driverlib.lib : emac.obj (.text:EMACAddrSet)
                  00014b12    00000002     --HOLE-- [fill = 0]
                  00014b14    00000030     drivers_tivaware.aem4f : EMACSnow.oem4f (.text:EMACSnow_handlePackets)
                  00014b44    00000030     netctrl_min_ipv4.aem4f : netsrv.oem4f (.text:NS_PreBoot)
                  00014b74    00000030     stk.aem4f : sock.oem4f (.text:SockBind)
                  00014ba4    00000030               : sock.oem4f (.text:SockGetName)
                  00014bd4    00000030     nettool_ipv4.aem4f : dhcpsock.oem4f (.text:dhcpPacketSend)
                  00014c04    00000030     stk.aem4f : listlib.oem4f (.text:list_remove_node)
                  00014c34    00000030     RTOS_protegemed_pem4f.oem4f (.text:ti_sysbios_BIOS_atExitFunc__I)
                  00014c64    00000004     --HOLE-- [fill = 0]
                  00014c68    00000030     sysbios.aem4f : BIOS.obj (.text:ti_sysbios_family_arm_m3_TaskSupport_start__E)
                  00014c98    00000030     RTOS_protegemed_pem4f.oem4f (.text:ti_sysbios_gates_GateHwi_Object__create__S)
                  00014cc8    00000030     RTOS_protegemed_pem4f.oem4f (.text:ti_sysbios_gates_GateMutex_Object__create__S)
                  00014cf8    00000030     RTOS_protegemed_pem4f.oem4f (.text:ti_sysbios_heaps_HeapMem_Object__create__S)
                  00014d28    00000030     RTOS_protegemed_pem4f.oem4f (.text:ti_sysbios_knl_Semaphore_construct)
                  00014d58    00000030     RTOS_protegemed_pem4f.oem4f (.text:ti_uia_loggers_LoggerStopMode_Object__create__S)
                  00014d88    00000030     ti.targets.arm.rtsarm.aem4f : SysMin.oem4f (.text:xdc_runtime_SysMin_abort__E)
                  00014db8    00000030                                 : System.oem4f (.text:xdc_runtime_System_processAtExit__E)
                  00014de8    0000002e     stk.aem4f : sb.oem4f (.text:SBFree)
                  00014e16    0000002c     driverlib.lib : emac.obj (.text:EMACIntStatus)
                  00014e42    0000002c     stk.aem4f : file.oem4f (.text:FdSignalEvent)
                  00014e6e    00000002     --HOLE-- [fill = 0]
                  00014e70    0000002c               : igmp.oem4f (.text:IGMPTestGroup)
                  00014e9c    0000002c     os.aem4f : task.oem4f (.text:NDK_hookCreate)
                  00014ec8    0000002c     stk.aem4f : nimu.oem4f (.text:NIMUAllocateIndex)
                  00014ef4    0000002c               : nimu.oem4f (.text:NIMUPacketServiceCheck)
                  00014f20    0000002c               : pipe.oem4f (.text:PipeClose)
                  00014f4c    0000002c               : sockpcb.oem4f (.text:SockPcbAttach)
                  00014f78    0000002c               : lli.oem4f (.text:_LLIExpListRemove)
                  00014fa4    0000002c               : lli.oem4f (.text:_LLITimeoutFlush)
                  00014fd0    0000002c               : rtable.oem4f (.text:_RtExpListRemove)
                  00014ffc    0000002c     RTOS_protegemed_pem4f.oem4f (.text:ti_sysbios_knl_Clock_doTick__I)
                  00015028    0000002c     RTOS_protegemed_pem4f.oem4f (.text:ti_sysbios_knl_Queue_construct)
                  00015054    00000004     --HOLE-- [fill = 0]
                  00015058    0000002c     sysbios.aem4f : BIOS.obj (.text:ti_sysbios_knl_Task_restore__E)
                  00015084    0000002c     driverlib.lib : udma.obj (.text:uDMAChannelAssign)
                  000150b0    0000002c     ti.targets.arm.rtsarm.aem4f : Text.oem4f (.text:xdc_runtime_Text_cordText__E)
                  000150dc    0000002a     driverlib.lib : gpio.obj (.text:GPIODirModeSet)
                  00015106    0000002a     stk.aem4f : pbm.oem4f (.text:PBMQ_deq)
                  00015130    0000002a     netctrl_min_ipv4.aem4f : netsrv.oem4f (.text:ServiceCallback)
                  0001515a    0000002a     nettool_ipv4.aem4f : config.oem4f (.text:_CfgRelease)
                  00015184    0000002a     ti.targets.arm.rtsarm.aem4f : System.oem4f (.text:xdc_runtime_System_putchar__I)
                  000151ae    00000002     --HOLE-- [fill = 0]
                  000151b0    00000028     stk.aem4f : bind.oem4f (.text:BindFindByNet)
                  000151d8    00000028               : lli.oem4f (.text:LLIFree)
                  00015200    00000028     netctrl_min_ipv4.aem4f : netctrl.oem4f (.text:NC_SystemClose)
                  00015228    00000028     stk.aem4f : nimu.oem4f (.text:NIMUCreatePacket)
                  00015250    00000028               : nimu.oem4f (.text:NIMUPacketService)
                  00015278    00000028               : tcpin.oem4f (.text:TcpEnterTimeWait)
                  000152a0    00000028               : timer.oem4f (.text:TimerListRemove)
                  000152c8    00000028               : vlan.oem4f (.text:VLANFindSourceInterface)
                  000152f0    00000028               : vlan.oem4f (.text:VLANInit)
                  00015318    00000028     nettool_ipv4.aem4f : dhcpsock.oem4f (.text:dhcpPacketReceive)
                  00015340    00000028     rtsv7M4_T_le_v4SPD16_eabi.lib : e_sqrtf.obj (.text)
                  00015368    00000028     drivers_tivaware.aem4f : EMACSnow.oem4f (.text:signalLinkChange)
                  00015390    00000028     RTOS_protegemed_pem4f.oem4f (.text:ti_sysbios_BIOS_startFunc__I)
                  000153b8    00000028     driverlib.lib : udma.obj (.text:uDMAChannelModeGet)
                  000153e0    00000026     nettool_ipv4.aem4f : config.oem4f (.text:CfgEntryInfo)
                  00015406    00000026     driverlib.lib : emac.obj (.text:EMACPHYRead)
                  0001542c    00000026                   : emac.obj (.text:EMACPHYWrite)
                  00015452    00000026     stk.aem4f : rawethsock.oem4f (.text:RawEthSockClose)
                  00015478    00000026     RTOS_protegemed_pem4f.oem4f (.text:ti_ndk_config_udp_init)
                  0001549e    00000026     sysbios.aem4f : m3_Hwi_asm.obj (.text:ti_sysbios_family_arm_m3_Hwi_pendSV__I)
                  000154c4    00000026     ti.targets.arm.rtsarm.aem4f : System.oem4f (.text:xdc_runtime_System_avprintf__E)
                  000154ea    00000002     --HOLE-- [fill = 0]
                  000154ec    00000024     stk.aem4f : bind.oem4f (.text:BindFindByHost)
                  00015510    00000024               : bind.oem4f (.text:BindGetIFByDBCast)
                  00015534    00000024     drivers_tivaware.aem4f : EMACSnow.oem4f (.text:EMACSnow_pkt_service)
                  00015558    00000024                            : EMACSnow.oem4f (.text:EMACSnow_primeRx)
                  0001557c    00000024     stk.aem4f : exec.oem4f (.text:ExecTimer)
                  000155a0    00000024               : nimu.oem4f (.text:NIMUFindByIndex)
                  000155c4    00000024               : rtc.oem4f (.text:RTCAddHook)
                  000155e8    00000024               : rawethsock_pcb.oem4f (.text:RawEthSockPcbFind)
                  0001560c    00000024               : route.oem4f (.text:RtFree)
                  00015630    00000024               : route.oem4f (.text:RtSetTimeout)
                  00015654    00000024               : sockpcb.oem4f (.text:SockPcbCleanup)
                  00015678    00000024               : tcpprot.oem4f (.text:TcpPrListen)
                  0001569c    00000024               : tcptime.oem4f (.text:TcpTimeoutWait2)
                  000156c0    00000024     nettool_ipv4.aem4f : config.oem4f (.text:_CfgEntryProcess)
                  000156e4    00000024     RTOS_protegemed_pem4f.oem4f (.text:ti_sysbios_BIOS_registerRTSLock__I)
                  00015708    00000024     RTOS_protegemed_pem4f.oem4f (.text:ti_sysbios_BIOS_removeRTSLock__I)
                  0001572c    00000004     --HOLE-- [fill = 0]
                  00015730    00000024     sysbios.aem4f : BIOS.obj (.text:ti_sysbios_family_arm_m3_Hwi_doTaskRestore__I)
                  00015754    00000024     RTOS_protegemed_pem4f.oem4f (.text:ti_sysbios_gates_GateMutex_Object__delete__S)
                  00015778    00000024     sysbios.aem4f : BIOS.obj (.text:ti_sysbios_knl_Clock_Module_startup__E)
                  0001579c    00000024     RTOS_protegemed_pem4f.oem4f (.text:ti_sysbios_knl_Semaphore_Object__delete__S)
                  000157c0    00000024     driverlib.lib : udma.obj (.text:uDMAChannelControlSet)
                  000157e4    00000024     ti.targets.arm.rtsarm.aem4f : System.oem4f (.text:xdc_runtime_System_vprintf__E)
                  00015808    00000022     nettool_ipv4.aem4f : config.oem4f (.text:CfgEntryRef)
                  0001582a    00000022     stk.aem4f : vlan.oem4f (.text:VLANFindNode)
                  0001584c    00000004     --HOLE-- [fill = 0]
                  00015850    00000022     sysbios.aem4f : BIOS.obj (.text:ti_sysbios_family_arm_lm4_Timer_write__I)
                  00015872    00000022     RTOS_protegemed_pem4f.oem4f (.text:xdc_runtime_SysMin_output__I)
                  00015894    00000020     netctrl_min_ipv4.aem4f : netctrl.oem4f (.text:NC_BootComplete)
                  000158b4    00000020     stk.aem4f : nimu.oem4f (.text:NIMUGetNumOfObject)
                  000158d4    00000020               : rtc.oem4f (.text:RTCRemoveHook)
                  000158f4    00000020               : tcp.oem4f (.text:TcpTimeoutRemove)
                  00015914    00000020     Boot.aem4f : Boot_sysctl.oem4f (.text:_SysCtlMemTimingGet)
                  00015934    00000020     RTOS_protegemed_pem4f.oem4f (.text:ti_sysbios_BIOS_rtsLock__I)
                  00015954    00000020     RTOS_protegemed_pem4f.oem4f (.text:ti_sysbios_family_arm_m3_Hwi_Object__delete__S)
                  00015974    00000020     sysbios.aem4f : m3_Hwi_asm.obj (.text:ti_sysbios_family_arm_m3_Hwi_excHandlerAsm__I)
                  00015994    00000004     --HOLE-- [fill = 0]
                  00015998    00000020                   : BIOS.obj (.text:ti_sysbios_family_arm_m3_Hwi_excHandler__I)
                  000159b8    00000020     RTOS_protegemed_pem4f.oem4f (.text:ti_sysbios_gates_GateHwi_Object__delete__S)
                  000159d8    00000020     RTOS_protegemed_pem4f.oem4f (.text:ti_sysbios_heaps_HeapMem_Object__delete__S)
                  000159f8    00000020     sysbios.aem4f : BIOS.obj (.text:ti_sysbios_knl_Idle_run__E)
                  00015a18    00000020     RTOS_protegemed_pem4f.oem4f (.text:ti_sysbios_knl_Semaphore_Object__destruct__S)
                  00015a38    00000020     RTOS_protegemed_pem4f.oem4f (.text:ti_sysbios_knl_Swi_Object__delete__S)
                  00015a58    00000020     RTOS_protegemed_pem4f.oem4f (.text:ti_sysbios_knl_Task_Object__delete__S)
                  00015a78    00000020     RTOS_protegemed_pem4f.oem4f (.text:ti_uia_loggers_LoggerStopMode_Object__delete__S)
                  00015a98    00000020     ti.targets.arm.rtsarm.aem4f : Registry.oem4f (.text:xdc_runtime_Registry_findById__E)
                  00015ab8    00000020                                 : SysMin.oem4f (.text:xdc_runtime_SysMin_Module_startup__E)
                  00015ad8    0000001e     stk.aem4f : listlib.oem4f (.text:list_remove)
                  00015af6    0000001e     RTOS_protegemed_pem4f.oem4f (.text:ti_sysbios_BIOS_errorRaiseHook__I)
                  00015b14    0000001e     sysbios.aem4f : m3_Hwi_asm_switch.obj (.text:ti_sysbios_family_xxx_Hwi_switchAndRunFunc)
                  00015b32    00000002     --HOLE-- [fill = 0]
                  00015b34    0000001c     stk.aem4f : bind.oem4f (.text:BindFindByIF)
                  00015b50    0000001c               : exec.oem4f (.text:ExecBroadcast)
                  00015b6c    0000001c     os.aem4f : ossys.oem4f (.text:NDK_sprintf)
                  00015b88    0000001c     stk.aem4f : nimu.oem4f (.text:NIMUAddHeader)
                  00015ba4    0000001c               : sockprot.oem4f (.text:SockPrDetach)
                  00015bc0    0000001c     os.aem4f : task.oem4f (.text:TaskDestroy)
                  00015bdc    0000001c     driverlib.lib : sysctl.obj (.text:_SysCtlMemTimingGet)
                  00015bf8    0000001c     drivers_tivaware.aem4f : GPIOTiva.oem4f (.text:getGpioIntIndex)
                  00015c14    0000001c     RTOS_protegemed_pem4f.oem4f (.text:ti_ndk_config_global_taskCreateHook)
                  00015c30    0000001c     sysbios.aem4f : BIOS.obj (.text:ti_sysbios_gates_GateMutex_Instance_init__E)
                  00015c4c    0000001c     RTOS_protegemed_pem4f.oem4f (.text:ti_sysbios_knl_Queue_Object__destruct__S)
                  00015c68    0000001c     sysbios.aem4f : BIOS.obj (.text:ti_sysbios_knl_Task_enter__I)
                  00015c84    0000001c     ti.uia.loggers.aem4f : LoggerStopMode.oem4f (.text:ti_uia_loggers_LoggerStopMode_Instance_init__E)
                  00015ca0    0000001c     ti.targets.arm.rtsarm.aem4f : Error.oem4f (.text:xdc_runtime_Error_raiseX__E)
                  00015cbc    0000001c                                 : Memory.oem4f (.text:xdc_runtime_Memory_valloc__E)
                  00015cd8    0000001c                                 : SysMin.oem4f (.text:xdc_runtime_SysMin_exit__E)
                  00015cf4    0000001c                                 : System.oem4f (.text:xdc_runtime_System_abort__E)
                  00015d10    0000001a     stk.aem4f : bind.oem4f (.text:BindGetIP)
                  00015d2a    0000001a               : sockint.oem4f (.text:SockSetOOBMark)
                  00015d44    0000001a               : file.oem4f (.text:fdint_getfdt)
                  00015d5e    0000001a     RTOS_protegemed_pem4f.oem4f (.text:ti_sysbios_family_arm_m3_Hwi_Handle__label__S)
                  00015d78    0000001a     RTOS_protegemed_pem4f.oem4f (.text:ti_sysbios_gates_GateHwi_Handle__label__S)
                  00015d92    0000001a     RTOS_protegemed_pem4f.oem4f (.text:ti_sysbios_gates_GateMutex_Handle__label__S)
                  00015dac    0000001a     RTOS_protegemed_pem4f.oem4f (.text:ti_sysbios_heaps_HeapMem_Handle__label__S)
                  00015dc6    0000001a     RTOS_protegemed_pem4f.oem4f (.text:ti_sysbios_knl_Swi_Handle__label__S)
                  00015de0    0000001a     RTOS_protegemed_pem4f.oem4f (.text:ti_sysbios_knl_Task_Handle__label__S)
                  00015dfa    00000006     driverlib.lib : emac.obj (.text:EMACTxDMADescriptorListSet)
                  00015e00    0000001a     sysbios.aem4f : BIOS.obj (.text:ti_sysbios_knl_Task_sleepTimeout__I)
                  00015e1a    0000001a     RTOS_protegemed_pem4f.oem4f (.text:ti_uia_loggers_LoggerStopMode_Handle__label__S)
                  00015e34    0000001a     RTOS_protegemed_pem4f.oem4f (.text:xdc_runtime_System_aprintf__E)
                  00015e4e    0000001a     RTOS_protegemed_pem4f.oem4f (.text:xdc_runtime_System_printf__E)
                  00015e68    00000018     driverlib.lib : adc.obj (.text:ADCClockConfigSet)
                  00015e80    00000018     drivers_tivaware.aem4f : EMACSnow.oem4f (.text:EMACSnow_emacSend)
                  00015e98    00000018     stk.aem4f : ip.oem4f (.text:IPRtChange)
                  00015eb0    00000018               : rawethsock_pcb.oem4f (.text:RawEthSockPcbCleanup)
                  00015ec8    00000018     nettool_ipv4.aem4f : ipaddr.oem4f (.text:RouteHook)
                  00015ee0    00000018     stk.aem4f : tcpin.oem4f (.text:SEQ_GEQ)
                  00015ef8    00000018               : tcpout.oem4f (.text:SEQ_GEQ)
                  00015f10    00000018               : tcpin.oem4f (.text:SEQ_GT)
                  00015f28    00000018               : tcpout.oem4f (.text:SEQ_GT)
                  00015f40    00000018               : tcpin.oem4f (.text:SEQ_LEQ)
                  00015f58    00000018               : tcpout.oem4f (.text:SEQ_LEQ)
                  00015f70    00000018               : tcpin.oem4f (.text:SEQ_LT)
                  00015f88    00000018               : tcpout.oem4f (.text:SEQ_LT)
                  00015fa0    00000018               : tcp.oem4f (.text:TcpTimeoutAdd)
                  00015fb8    00000018     nettool_ipv4.aem4f : dhcpsock.oem4f (.text:dhcpSocketClose)
                  00015fd0    00000018     stk.aem4f : listlib.oem4f (.text:list_add)
                  00015fe8    00000018     rtsv7M4_T_le_v4SPD16_eabi.lib : args_main.obj (.text)
                  00016000    00000018                                   : strcmp.obj (.text)
                  00016018    00000018     RTOS_protegemed_pem4f.oem4f (.text:ti_sysbios_BIOS_rtsUnlock__I)
                  00016030    00000018     RTOS_protegemed_pem4f.oem4f (.text:ti_sysbios_family_arm_lm4_Timer_Module__startupDone__F)
                  00016048    00000018     RTOS_protegemed_pem4f.oem4f (.text:ti_sysbios_family_arm_m3_Hwi_Module__startupDone__F)
                  00016060    00000018     sysbios.aem4f : m3_TaskSupport_asm.obj (.text:ti_sysbios_family_arm_m3_TaskSupport_swap__E)
                  00016078    00000018                   : BIOS.obj (.text:ti_sysbios_gates_GateMutex_leave__E)
                  00016090    00000018     driverlib.lib : udma.obj (.text:uDMAChannelEnable)
                  000160a8    00000018     ti.targets.arm.rtsarm.aem4f : Error.oem4f (.text:xdc_runtime_Error_check__E)
                  000160c0    00000018                                 : System.oem4f (.text:xdc_runtime_System_exit__E)
                  000160d8    00000018                                 : Text.oem4f (.text:xdc_runtime_Text_ropeText__E)
                  000160f0    00000016     driverlib.lib : emac.obj (.text:EMACReset)
                  00016106    00000016                   : emac.obj (.text:EMACRxEnable)
                  0001611c    00000016                   : emac.obj (.text:EMACTxEnable)
                  00016132    00000016     stk.aem4f : file.oem4f (.text:fdint_freefdt)
                  00016148    00000016     main_protegemed.obj (.text:main)
                  0001615e    00000016     RTOS_protegemed_pem4f.oem4f (.text:ti_sysbios_BIOS_exitFunc__I)
                  00016174    00000016     ti.uia.loggers.aem4f : LoggerStopMode.oem4f (.text:ti_uia_loggers_LoggerStopMode_disable__E)
                  0001618a    00000016                          : LoggerStopMode.oem4f (.text:ti_uia_loggers_LoggerStopMode_enable__E)
                  000161a0    00000016     ti.targets.arm.rtsarm.aem4f : System.oem4f (.text:xdc_runtime_System_vsprintf__E)
                  000161b6    00000014     stk.aem4f : bind.oem4f (.text:BindIPHost2IF)
                  000161ca    00000002     --HOLE-- [fill = 0]
                  000161cc    00000014     driverlib.lib : flash.obj (.text:FlashUserGet)
                  000161e0    00000014     main_protegemed.obj (.text:HeartBeat_Idle)
                  000161f4    00000014     netctrl_min_ipv4.aem4f : netctrl.oem4f (.text:NC_NetStop)
                  00016208    00000014     os.aem4f : task.oem4f (.text:NDK_hookExit)
                  0001621c    00000014     stk.aem4f : nimu.oem4f (.text:NIMUSendPacket)
                  00016230    00000014     nettool_ipv4.aem4f : ipaddr.oem4f (.text:NtRemoveNetwork)
                  00016244    00000014     stk.aem4f : rawethsock_pcb.oem4f (.text:RawEthSockPcbInit)
                  00016258    00000014               : timer.oem4f (.text:TimerFree)
                  0001626c    00000014     rtsv7M4_T_le_v4SPD16_eabi.lib : _lock.obj (.text)
                  00016280    00000014                                   : strcpy.obj (.text)
                  00016294    00000014                                   : strlen.obj (.text)
                  000162a8    00000014     RTOS_protegemed_pem4f.oem4f (.text:ti_ndk_config_global_taskExitHook)
                  000162bc    00000014     RTOS_protegemed_pem4f.oem4f (.text:ti_sysbios_family_arm_m3_Hwi_Object__get__S)
                  000162d0    00000014     sysbios.aem4f : BIOS.obj (.text:ti_sysbios_family_arm_m3_Hwi_switchFromBootStack__E)
                  000162e4    00000014     RTOS_protegemed_pem4f.oem4f (.text:ti_sysbios_heaps_HeapMem_Object__get__S)
                  000162f8    00000014     RTOS_protegemed_pem4f.oem4f (.text:ti_sysbios_knl_Swi_Object__get__S)
                  0001630c    00000014     RTOS_protegemed_pem4f.oem4f (.text:ti_sysbios_knl_Task_Object__first__S)
                  00016320    00000014     RTOS_protegemed_pem4f.oem4f (.text:ti_sysbios_knl_Task_Object__get__S)
                  00016334    00000014     RTOS_protegemed_pem4f.oem4f (.text:ti_sysbios_knl_Task_Object__next__S)
                  00016348    00000012     driverlib.lib : adc.obj (.text:ADCHardwareOversampleConfigure)
                  0001635a    00000012                   : gpio.obj (.text:GPIOPinTypeADC)
                  0001636c    00000012                   : gpio.obj (.text:GPIOPinTypeEthernetLED)
                  0001637e    00000012     stk.aem4f : sockprot.oem4f (.text:SockPrAttach)
                  00016390    00000012               : sockint.oem4f (.text:SockSetOOBData)
                  000163a2    00000012     driverlib.lib : timer.obj (.text:TimerLoadSet)
                  000163b4    00000012     nettool_ipv4.aem4f : inetaddr.oem4f (.text:inet_addr)
                  000163c6    00000002     --HOLE-- [fill = 0]
                  000163c8    00000012     sysbios.aem4f : BIOS.obj (.text:ti_sysbios_hal_Hwi_Module_startup__E)
                  000163da    00000006     driverlib.lib : gpio.obj (.text:GPIOIntClear)
                  000163e0    00000012     sysbios.aem4f : BIOS.obj (.text:ti_sysbios_knl_Semaphore_reset__E)
                  000163f2    00000012     RTOS_protegemed_pem4f.oem4f (.text:xdc_runtime_Startup_exec__I)
                  00016404    00000010     RTOS_protegemed_pem4f.oem4f (.text:.bootCodeSection:ti_catalog_arm_cortexm4_tiva_ce_Boot_init__I)
                  00016414    00000010     driverlib.lib : adc.obj (.text:ADCSequenceDMAEnable)
                  00016424    00000010     stk.aem4f : bind.oem4f (.text:BindIF2IPHost)
                  00016434    00000010               : bind.oem4f (.text:BindIFNet2IPHost)
                  00016444    00000010     driverlib.lib : emac.obj (.text:EMACFrameFilterSet)
                  00016454    00000010     stk.aem4f : exec.oem4f (.text:ExecHRef)
                  00016464    00000010     main_protegemed.obj (.text:InitSamples)
                  00016474    00000010     netctrl_min_ipv4.aem4f : netctrl.oem4f (.text:NC_IPUpdate)
                  00016484    00000010     stk.aem4f : nimu.oem4f (.text:NIMUGetRsvdSizeInfo)
                  00016494    00000004     --HOLE-- [fill = 0]
                  00016498    00000010     sysbios.aem4f : BIOS.obj (.text:ti_sysbios_BIOS_getCpuFreq__E)
                  000164a8    00000010                   : BIOS.obj (.text:ti_sysbios_BIOS_setThreadType__E)
                  000164b8    00000010                   : BIOS.obj (.text:ti_sysbios_BIOS_start__E)
                  000164c8    00000010                   : BIOS.obj (.text:ti_sysbios_family_arm_lm4_TimestampProvider_rolloverFunc__E)
                  000164d8    00000010                   : m3_TaskSupport_asm.obj (.text:ti_sysbios_family_arm_m3_TaskSupport_glue)
                  000164e8    00000010                   : BIOS.obj (.text:ti_sysbios_gates_GateMutex_Instance_finalize__E)
                  000164f8    00000010                   : BIOS.obj (.text:ti_sysbios_knl_Semaphore_Instance_finalize__E)
                  00016508    00000010                   : BIOS.obj (.text:ti_sysbios_knl_Swi_disable__E)
                  00016518    00000010                   : BIOS.obj (.text:ti_sysbios_knl_Task_disable__E)
                  00016528    00000010     RTOS_protegemed_pem4f.oem4f (.text:ti_uia_loggers_LoggerStopMode_Object__get__S)
                  00016538    00000010     ti.uia.loggers.aem4f : LoggerStopMode.oem4f (.text:ti_uia_loggers_LoggerStopMode_isEmpty__E)
                  00016548    00000010     driverlib.lib : udma.obj (.text:uDMAEnable)
                  00016558    00000010     ti.targets.arm.rtsarm.aem4f : Gate.oem4f (.text:xdc_runtime_Gate_leaveSystem__E)
                  00016568    00000010                                 : Memory.oem4f (.text:xdc_runtime_Memory_free__E)
                  00016578    00000010                                 : SysMin.oem4f (.text:xdc_runtime_SysMin_ready__E)
                  00016588    00000010                                 : System.oem4f (.text:xdc_runtime_System_vsnprintf__E)
                  00016598    00000010     RTOS_protegemed_pem4f.oem4f (.text:xdc_runtime_Text_visitRope__I)
                  000165a8    0000000e     driverlib.lib : adc.obj (.text:ADCSequenceDisable)
                  000165b6    0000000e                   : adc.obj (.text:ADCSequenceEnable)
                  000165c4    0000000e     drivers_tivaware.aem4f : EMACSnow.oem4f (.text:EMACSnow_emacioctl)
                  000165d2    0000000e     stk.aem4f : exec.oem4f (.text:ExecLowResource)
                  000165e0    0000000e     driverlib.lib : gpio.obj (.text:GPIOIntStatus)
                  000165ee    0000000e                   : timer.obj (.text:TimerEnable)
[...]
0002ce04  xdc_runtime_System_Module__gateObj__C                                
0002ce08  xdc_runtime_System_abortFxn__C                                       
0002ce0c  xdc_runtime_System_exitFxn__C                                        
0002ce10  xdc_runtime_System_extendFxn__C                                      
0002ce14  xdc_runtime_System_maxAtexitHandlers__C                              
0002ce18  xdc_runtime_Text_charTab__C                                          
0002ce1c  xdc_runtime_Text_nameEmpty__C                                        
0002ce20  xdc_runtime_Text_nameStatic__C                                       
0002ce24  xdc_runtime_Text_nameUnknown__C                                      
0002ce28  xdc_runtime_Text_nodeTab__C                                          
0002ce2c  xdc_runtime_Text_visitRopeFxn__C                                     
0002ce30  ti_sysbios_family_arm_lm4_TimestampProvider_useClockTimer__C         
0002ce32  ti_sysbios_family_arm_m3_Hwi_Module__id__C                           
0002ce34  ti_sysbios_family_arm_m3_Hwi_Module__loggerDefined__C                
0002ce36  ti_sysbios_gates_GateMutex_Module__id__C                             
0002ce38  ti_sysbios_hal_Hwi_Module__id__C                                     
0002ce3a  ti_sysbios_heaps_HeapMem_Module__id__C                               
0002ce3c  ti_sysbios_knl_Clock_Module__id__C                                   
0002ce3e  ti_sysbios_knl_Clock_Module__loggerDefined__C                        
0002ce40  ti_sysbios_knl_Semaphore_Module__id__C                               
0002ce42  ti_sysbios_knl_Semaphore_Module__loggerDefined__C                    
0002ce44  ti_sysbios_knl_Swi_Module__id__C                                     
0002ce46  ti_sysbios_knl_Swi_Module__loggerDefined__C                          
0002ce48  ti_sysbios_knl_Task_Module__id__C                                    
0002ce4a  ti_sysbios_knl_Task_Module__loggerDefined__C                         
0002ce4c  ti_sysbios_utils_Load_Module__id__C                                  
0002ce4e  ti_sysbios_utils_Load_Module__loggerDefined__C                       
0002ce50  ti_sysbios_utils_Load_autoAddTasks__C                                
0002ce52  ti_sysbios_utils_Load_updateInIdle__C                                
0002ce54  ti_uia_loggers_LoggerStopMode_Module__id__C                          
0002ce56  ti_uia_loggers_LoggerStopMode_isTimestampEnabled__C                  
0002ce58  xdc_runtime_Core_Module__id__C                                       
0002ce5a  xdc_runtime_Error_Module__loggerDefined__C                           
0002ce5c  xdc_runtime_Error_maxDepth__C                                        
0002ce5e  xdc_runtime_Memory_Module__id__C                                     
0002ce60  xdc_runtime_SysMin_flushAtExit__C                                    
0002ce62  xdc_runtime_Text_charCnt__C                                          
0002ce64  xdc_runtime_Text_isLoaded__C                                         
0002ce66  xdc_runtime_Text_registryModsLastId__C                               
0002ce68  xdc_runtime_Text_unnamedModsLastId__C                                
0002ce70  __TI_static_base__                                                   
0002d344  __TI_Handler_Table_Base                                              
0002d350  __TI_Handler_Table_Limit                                             
0002d360  __TI_CINIT_Base                                                      
0002d378  __TI_CINIT_Limit                                                     
20000000  ti_sysbios_family_arm_m3_Hwi_ramVectors                              
20000400  ti_sysbios_heaps_HeapMem_Instance_State_0_buf__A                     
20005400  ti_ndk_config_Global_pit                                             
200054a8  ti_ndk_config_Global_pitBuffer                                       
20009ca8  _ICMPIn                                                              
20009cf4  PBMQ_free                                                            
20009d00  ti_ndk_config_Global_pBufMem                                         
2000d900  ti_ndk_config_Global_pHdrMem                                         
2000dc00  ti_uia_loggers_LoggerStopMode_Instance_State_2_packetArray__A        
2000f000  ti_sysbios_knl_Task_Instance_State_0_stack__A                        
2000f200  ti_sysbios_knl_Task_Instance_State_1_stack__A                        
2000f400  ti_sysbios_knl_Task_Instance_State_2_stack__A                        
2000f800  ti_sysbios_knl_Task_Instance_State_3_stack__A                        
2000fe00  ti_sysbios_knl_Task_Instance_State_4_stack__A                        
20010000  udmaCtrlTable                                                        
20011000  data_array1                                                          
20011800  data_array2                                                          
20012000  data_array3                                                          
20012800  data_array4                                                          
20013000  ti_uia_loggers_LoggerStopMode_Instance_State_0_packetArray__A        
20013800  data_proc0                                                           
20013c00  data_proc1                                                           
20014000  data_proc10                                                          
20014400  data_proc11                                                          
20014800  data_proc12                                                          
20014c00  data_proc13                                                          
20015000  data_proc14                                                          
20015400  data_proc15                                                          
20015800  data_proc2                                                           
20015c00  data_proc3                                                           
20016000  data_proc4                                                           
20016400  data_proc5                                                           
20016800  data_proc6                                                           
20016c00  data_proc7                                                           
20017000  data_proc8                                                           
20017400  data_proc9                                                           
20017800  ti_uia_loggers_LoggerStopMode_Instance_State_1_packetArray__A        
20017c00  wave1                                                                
20018000  wave2                                                                
20018400  ti_sysbios_family_arm_m3_Hwi_dispatchTable                           
20018760  data_proc0_mag                                                       
20018960  data_proc10_mag                                                      
20018b60  data_proc11_mag                                                      
20018d60  data_proc12_mag                                                      
20018f60  data_proc13_mag                                                      
20019160  data_proc14_mag                                                      
20019360  data_proc15_mag                                                      
20019560  data_proc1_mag                                                       
20019760  data_proc2_mag                                                       
20019960  data_proc3_mag                                                       
20019b60  data_proc4_mag                                                       
20019d60  data_proc5_mag                                                       
20019f60  data_proc6_mag                                                       
2001a160  data_proc7_mag                                                       
2001a360  data_proc8_mag                                                       
2001a560  data_proc9_mag                                                       
2001a760  __CIOBUF_                                                            
2001a980  tcps                                                                 
2001ac9c  xdc_runtime_SysMin_Module_State_0_outbuf__A                          
2001ad1c  ips                                                                  
2001ad84  nimu_mcb                                                             
2001ade8  _ICMPOut                                                             
2001ae74  tpseudo                                                              
2001ae80  ti_uia_loggers_LoggerStopMode_Instance_State_0_hdr__A                
2001aeb0  vlan_mcb                                                             
2001af00  ti_uia_loggers_LoggerStopMode_Instance_State_1_hdr__A                
2001af30  udps                                                                 
2001af54  BlockCount                                                           
2001af80  ti_uia_loggers_LoggerStopMode_Instance_State_2_hdr__A                
2001afb0  BlockMax                                                             
2001afcc  PageCount                                                            
2001afe8  PageMax                                                              
2001b004  stkEvent                                                             
2001b030  raweths                                                              
2001b040  raws                                                                 
2001b050  upseudo                                                              
2001b05c  emacObjects                                                          
2001b064  ti_sysbios_knl_Task_Instance_State_0_hookEnv__A                      
2001b06c  ti_sysbios_knl_Task_Instance_State_1_hookEnv__A                      
2001b074  ti_sysbios_knl_Task_Instance_State_2_hookEnv__A                      
2001b07c  ti_sysbios_knl_Task_Instance_State_3_hookEnv__A                      
2001b084  ti_sysbios_knl_Task_Instance_State_4_hookEnv__A                      
2001b0ac  _IGMPInDiscard                                                       
2001b0b0  _IGMPInQuery                                                         
2001b0b4  _IGMPInQueryGroup                                                    
2001b0b8  _IGMPInResponse                                                      
2001b0bc  _IGMPOutResponse                                                     
2001b0c0  g_ulStatus                                                           
2001b0d4  raweth_pcb                                                           
2001b0d8  ti_sysbios_family_arm_m3_Hwi_Instance_State_0_hookEnv__A             
2001b0dc  ti_sysbios_family_arm_m3_Hwi_Instance_State_1_hookEnv__A             
2001b0e0  ti_sysbios_family_arm_m3_Hwi_Instance_State_2_hookEnv__A             
2001b0e4  ti_sysbios_family_arm_m3_Hwi_Instance_State_3_hookEnv__A             
2001b0e8  ti_sysbios_knl_Swi_Instance_State_0_hookEnv__A                       
2001b0ec  ti_sysbios_knl_Task_Object__table__V                                 
2001b27c  _ipcfg                                                               
2001b330  ti_uia_loggers_LoggerStopMode_Object__table__V                       
2001b3cc  ti_sysbios_utils_Load_Module__state__V                               
2001b464  ti_sysbios_knl_Semaphore_Object__table__V                            
2001b4f0  ti_sysbios_utils_Load_Module_State_0_taskEnv__A                      
2001b57c  ti_sysbios_family_arm_lm4_Timer_Object__table__V                     
2001b5fc  ti_sysbios_knl_Swi_Module_State_0_readyQ__A                          
2001b67c  ti_sysbios_knl_Task_Module_State_0_readyQ__A                         
2001b6fc  ti_sysbios_family_arm_m3_Hwi_Object__table__V                        
2001b7aa  ti_sysbios_family_arm_m3_Hwi_Module_State_0_excActive__A             
2001b7ac  rms0                                                                 
2001b7b0  rms1                                                                 
2001b7b4  rms2                                                                 
2001b7b8  rms3                                                                 
2001b7bc  rms4                                                                 
2001b7c0  rms5                                                                 
2001b7c4  rms6                                                                 
2001b7c8  rms7                                                                 
2001b7cc  rms8                                                                 
2001b7d0  rms9                                                                 
2001b7d4  rms10                                                                
2001b7d8  rms11                                                                
2001b7dc  rms12                                                                
2001b7e0  rms13                                                                
2001b7e4  rms14                                                                
2001b7e8  rms15                                                                
2001b7ec  uDMATransferCount                                                    
2001b7f0  uDMATransferCount2                                                   
2001b7f4  ti_sysbios_knl_Task_Module__state__V                                 
2001b8b8  ti_sysbios_family_arm_lm4_Timer_Module_State_0_device__A             
2001b8f8  ti_sysbios_gates_GateMutex_Object__table__V                          
2001b964  ti_sysbios_family_arm_m3_Hwi_Module__state__V                        
2001b998  enablePrefetch                                                       
2001b99c  phyCounter                                                           
2001b9ca  xdc_runtime_Error_Module__state__V                                   
2001b9fc  ti_sysbios_knl_Swi_Object__table__V                                  
2001ba2c  ti_sysbios_knl_Clock_Module__state__V                                
2001ba58  pstrMsgName                                                          
2001ba80  _oscfg                                                               
2001baa4  PITCount                                                             
2001baa8  PITUsed                                                              
2001baac  PITHigh                                                              
2001bac8  ti_sysbios_BIOS_Module__state__V                                     
2001baec  ti_sysbios_family_arm_lm4_Timer_Module_State_0_handles__A            
2001bb0c  gpioPinConfigs                                                       
2001bb44  ti_ndk_config_Global_Id2Size                                         
2001bb60  ti_sysbios_knl_Swi_Module__state__V                                  
2001bb7c  ti_ndk_config_Global_HostName                                        
2001bb80  LocalIPAddr                                                          
2001bb84  LocalIPMask                                                          
2001bb88  GatewayIP                                                            
2001bb8c  DomainName                                                           
2001bb90  __xdc__init__addr                                                    
2001bbc4  ti_sysbios_heaps_HeapMem_Object__table__V                            
2001bbf8  _IGMPForceVersion1                                                   
2001bc00  __TI_cleanup_ptr                                                     
2001bc04  __TI_dtors_ptr                                                       
2001bc08  __TI_enable_exit_profile_output                                      
2001bc0c  ti_sysbios_family_arm_lm4_Timer_Module__state__V                     
2001bc18  ti_sysbios_knl_Task_Module__root__V                                  
2001bc24  ti_uia_runtime_QueueDescriptor_Module__state__V                      
2001bc30  xdc_runtime_SysMin_Module__state__V                                  
2001bc48  _lock                                                                
2001bc4c  _unlock                                                              
2001bc50  NIMUDeviceTable                                                      
2001bc58  gpioCallbackFunctions                                                
2001bc70  _ICMPInErrors                                                        
2001bc74  _ICMPOutErrors                                                       
2001bc78  _IPExecuting                                                         
2001bc90  tcp_iss                                                              
2001bc94  ptTimeFirst                                                          
2001bca0  ti_uia_runtime_QueueDescriptor_gPtrToFirstDescriptor                 
2001bca4  ti_uia_runtime_QueueDescriptor_gUpdateCount                          
2001bca8  ti_sysbios_family_arm_lm4_TimestampProvider_Module__state__V         
2001bcb0  ti_sysbios_family_arm_m3_Hwi_Module__root__V                         
2001bcb8  ti_sysbios_gates_GateHwi_Module__root__V                             
2001bcc0  ti_sysbios_gates_GateMutex_Module__root__V                           
2001bcc8  ti_sysbios_heaps_HeapMem_Module__root__V                             
2001bcd0  ti_sysbios_knl_Clock_Module__root__V                                 
2001bcd8  ti_sysbios_knl_Queue_Module__root__V                                 
2001bce0  ti_sysbios_knl_Semaphore_Module__root__V                             
2001bce8  ti_sysbios_knl_Swi_Module__root__V                                   
2001bcf0  ti_uia_loggers_LoggerStopMode_Module__root__V                        
2001bcf8  xdc_runtime_Registry_Module__state__V                                
2001bd00  xdc_runtime_Startup_Module__state__V                                 
2001bd08  xdc_runtime_System_Module_State_0_atexitHandlers__A                  
2001bd10  xdc_runtime_System_Module__state__V                                  
2001bd18  macAddress                                                           
2001bd38  errno                                                                
2001bd3c  main_func_sp                                                         
2001bd44  _IPReasmPtr                                                          
2001bd54  ti_sysbios_family_arm_m3_Hwi_Module_State_0_excContext__A            
2001bd58  ti_sysbios_family_arm_m3_Hwi_Module_State_0_excStack__A              
2001bd5c  ti_sysbios_gates_GateHwi_Object__table__V                            
2001bd60  ti_sysbios_knl_Task_Module_State_0_idleTask__A                       
2001bd64  ti_sysbios_utils_Load_Module_State_0_runningTask__A                  
2001bd68  ti_sysbios_utils_Load_Module_State_0_taskStartTime__A                
2001bd6c  xdc_runtime_Memory_Module__state__V                                  
2001bd70  __stack                                                              
2001c070  __STACK_END                                                          
e000e000  ti_sysbios_family_arm_m3_Hwi_nvic                                    
ffffffff  __TI_pprof_out_hndl                                                  
ffffffff  __TI_prof_data_size                                                  
ffffffff  __TI_prof_data_start                                                 
ffffffff  __binit__                                                            
ffffffff  __c_args__                                                           
ffffffff  binit                                                                
UNDEFED   SHT$$INIT_ARRAY$$Base                                                
UNDEFED   SHT$$INIT_ARRAY$$Limit                                               

[1331 symbols]
