******************************************************************************
                  TI ARM Linker Unix v16.9.0                   
******************************************************************************
>> Linked Mon Jan 16 23:26:45 2017

OUTPUT FILE NAME:   <Protegemed.out>
ENTRY POINT SYMBOL: "_c_int00"  address: 00015249


MEMORY CONFIGURATION

         name            origin    length      used     unused   attr    fill
----------------------  --------  ---------  --------  --------  ----  --------
  FLASH                 00000000   00100000  0001d32a  000e2cd6  R  X
  SRAM                  20000000   00040000  0001b1b8  00024e48  RW X


SEGMENT ALLOCATION MAP

run origin  load origin   length   init length attrs members
----------  ----------- ---------- ----------- ----- -------
00000000    00000000    0001d330   0001d330    r-x
  00000000    00000000    0000003c   0000003c    r-- .resetVecs
  00000040    00000040    00019a72   00019a72    r-x .text
  00019ab4    00019ab4    00003354   00003354    r-- .const
  0001ce08    0001ce08    00000528   00000528    r-- .cinit
20000000    20000000    00000360   00000000    rw-
  20000000    20000000    00000360   00000000    rw- .vecs
20000400    20000400    0001ae58   00000000    rw-
  20000400    20000400    00019eac   00000000    rw- .bss
  2001a2ac    2001a2ac    00000cac   00000000    rw- .data
  2001af58    2001af58    00000300   00000000    rw- .stack


SECTION ALLOCATION MAP

 output                                  attributes/
section   page    origin      length       input sections
--------  ----  ----------  ----------   ----------------
.text      0    00000040    00019a72     
                  00000040    0000113a     rtsv7M4_T_le_v4SPD16_eabi.lib : _printfi.obj (.text)
                  0000117a    00000002     hal_userled_stub.aem4f : llled.oem4f (.text:LED_TOGGLE)
                  0000117c    00000c68     stk.aem4f : tcpin.oem4f (.text:TcpInput)
                  00001de4    000008b8               : tcpout.oem4f (.text:TcpOutput)
                  0000269c    0000070c     main_protegemed.obj (.text:RMSCalc_Task)
                  00002da8    00000430     sysbios.aem4f : BIOS.obj (.text:ti_sysbios_family_arm_m3_Hwi_excDumpRegs__I)
                  000031d8    00000408     stk.aem4f : ipout.oem4f (.text:IPTxPacket)
                  000035e0    000003b0     drivers_tivaware_instrumented.aem4f : EMACSnow.oem4f (.text:EMACSnow_NIMUInit)
                  00003990    000003b0                                         : UARTTiva.oem4f (.text:UARTTiva_control)
                  00003d40    00000398                                         : UARTTiva.oem4f (.text:UARTTiva_open)
                  000040d8    00000384     stk.aem4f : ipin.oem4f (.text:IPRxPacket)
                  0000445c    0000034c     ti.targets.arm.rtsarm.aem4f : System.oem4f (.text:xdc_runtime_System_doPrint__I)
                  000047a8    00000324     rtsv7M4_T_le_v4SPD16_eabi.lib : trgdrv.obj (.text)
                  00004acc    00000004     driverlib.lib : adc.obj (.text:ADCIntClearEx)
                  00004ad0    000002ec     sysbios.aem4f : BIOS.obj (.text:ti_sysbios_knl_Semaphore_pend__E)
                  00004dbc    00000004     stk.aem4f : bind.oem4f (.text:BindGetIF)
                  00004dc0    000002c0     sysbios.aem4f : BIOS.obj (.text:ti_sysbios_knl_Task_Instance_finalize__E)
                  00005080    00000284     stk.aem4f : sock.oem4f (.text:SockSet)
                  00005304    0000026c     drivers_tivaware_instrumented.aem4f : EMACSnow.oem4f (.text:EMACSnow_emacStart)
                  00005570    00000258     sysbios.aem4f : BIOS.obj (.text:ti_sysbios_heaps_HeapMem_free__E)
                  000057c8    0000024c     stk.aem4f : ipfrag.oem4f (.text:IPReasm)
                  00005a14    00000004               : bind.oem4f (.text:BindGetNext)
                  00005a18    00000248     sysbios.aem4f : BIOS.obj (.text:ti_sysbios_heaps_HeapMem_alloc__E)
                  00005c60    0000023c     stk.aem4f : icmpin.oem4f (.text:ICMPInput)
                  00005e9c    00000238               : udp.oem4f (.text:UdpInput)
                  000060d4    0000020c     drivers_tivaware_instrumented.aem4f : GPIOTiva.oem4f (.text:GPIO_setConfig)
                  000062e0    00000204     driverlib.lib : sysctl.obj (.text:SysCtlClockFreqSet)
                  000064e4    00000204     Boot.aem4f : Boot_sysctl.oem4f (.text:ti_catalog_arm_cortexm4_tiva_ce_Boot_sysCtlClockFreqSetI__I)
                  000066e8    00000200     sysbios.aem4f : BIOS.obj (.text:ti_sysbios_knl_Task_sleep__E)
                  000068e8    000001fc                   : BIOS.obj (.text:ti_sysbios_family_arm_lm4_Timer_start__E)
                  00006ae4    00000004     os.aem4f : ossys.oem4f (.text:NDK_vsprintf)
                  00006ae8    000001fc     sysbios.aem4f : BIOS.obj (.text:ti_sysbios_family_arm_m3_Hwi_excHandlerMax__I)
                  00006ce4    000001f4     stk.aem4f : sock.oem4f (.text:SockRecv)
                  00006ed8    000001f4     rtsv7M4_T_le_v4SPD16_eabi.lib : ull_div_t2.obj (.text)
                  000070cc    00000004     stk.aem4f : node.oem4f (.text:NodeSetRt)
                  000070d0    000001f4     sysbios.aem4f : BIOS.obj (.text:ti_sysbios_knl_Task_Instance_init__E)
                  000072c4    000001ec     drivers_tivaware_instrumented.aem4f : EMACSnow.oem4f (.text:EMACSnow_handleRx)
                  000074b0    000001d8     Network_config.obj (.text:tcpHandler)
                  00007688    000001d4     drivers_tivaware_instrumented.aem4f : EMACSnow.oem4f (.text:EMACSnow_handlePackets)
                  0000785c    000001b6     rtsv7M4_T_le_v4SPD16_eabi.lib : fd_add_t2.obj (.text)
                  00007a12    00000002     stk.aem4f : nat.oem4f (.text:NatMsg)
                  00007a14    000001b4     drivers_tivaware_instrumented.aem4f : UARTTiva.oem4f (.text:UARTTiva_write)
                  00007bc8    000001b0     stk.aem4f : lliout.oem4f (.text:LLITxIpPacket)
                  00007d78    000001ac               : lliin.oem4f (.text:LLIRxPacket)
                  00007f24    000001a4     drivers_tivaware_instrumented.aem4f : UARTTiva.oem4f (.text:UARTTiva_readPolling)
                  000080c8    000001a0     Samples_config.obj (.text:ADC_init)
                  00008268    0000019c     os.aem4f : mem.oem4f (.text:mmAlloc)
                  00008404    00000198     stk.aem4f : igmp.oem4f (.text:IGMPInput)
                  0000859c    00000004               : rawethsock_prot.oem4f (.text:RawEthSockPrAttach)
                  000085a0    00000198     sysbios.aem4f : BIOS.obj (.text:ti_sysbios_family_arm_m3_Hwi_dispatchC__I)
                  00008738    00000194     drivers_tivaware_instrumented.aem4f : UARTTiva.oem4f (.text:errorCallback)
                  000088cc    00000190     stk.aem4f : sock.oem4f (.text:SockNew)
                  00008a5c    00000004               : rawethsock_prot.oem4f (.text:RawEthSockPrDetach)
                  00008a60    00000188     sysbios.aem4f : BIOS.obj (.text:ti_sysbios_knl_Task_setPri__E)
                  00008be8    00000180     drivers_tivaware_instrumented.aem4f : UARTTiva.oem4f (.text:readIsrTextBlocking)
                  00008d68    0000017c     sysbios.aem4f : BIOS.obj (.text:ti_sysbios_family_arm_lm4_TimestampProvider_get64__E)
                  00008ee4    00000004     os.aem4f : semaphore.oem4f (.text:SemPend)
                  00008ee8    00000178     sysbios.aem4f : BIOS.obj (.text:ti_sysbios_knl_Swi_run__I)
                  00009060    00000174     netctrl_min_ipv4.aem4f : netctrl.oem4f (.text:NC_NetStart)
                  000091d4    00000174     drivers_tivaware_instrumented.aem4f : UARTTiva.oem4f (.text:readIsrTextCallback)
                  00009348    00000174     sysbios.aem4f : BIOS.obj (.text:ti_sysbios_family_arm_m3_Hwi_excBusFault__I)
                  000094bc    00000170     stk.aem4f : rtc.oem4f (.text:RTCReport)
                  0000962c    0000016c     Network_config.obj (.text:tcpWorker)
                  00009798    0000016a     stk.aem4f : sb.oem4f (.text:SBRead)
                  00009902    00000002     os.aem4f : task.oem4f (.text:_TaskInit)
                  00009904    00000164     drivers_tivaware_instrumented.aem4f : UARTTiva.oem4f (.text:readIsrBinaryBlocking)
                  00009a68    00000164     sysbios.aem4f : BIOS.obj (.text:ti_sysbios_family_arm_m3_Hwi_excUsageFault__I)
                  00009bcc    00000160     stk.aem4f : sock.oem4f (.text:SockConnect)
                  00009d2c    00000004     os.aem4f : semaphore.oem4f (.text:SemPost)
                  00009d30    00000160     sysbios.aem4f : BIOS.obj (.text:ti_sysbios_utils_Load_logLoads__I)
                  00009e90    00000158     nettool_ipv4.aem4f : dhcpmain.oem4f (.text:DHCPOpen)
                  00009fe8    00000158     drivers_tivaware_instrumented.aem4f : UARTTiva.oem4f (.text:readIsrBinaryCallback)
                  0000a140    00000154                                         : UARTTiva.oem4f (.text:UARTTiva_writePolling)
                  0000a294    00000004     os.aem4f : semaphore.oem4f (.text:SemReset)
                  0000a298    00000148     sysbios.aem4f : BIOS.obj (.text:ti_sysbios_family_arm_m3_Hwi_excMemFault__I)
                  0000a3e0    00000144     stk.aem4f : bind.oem4f (.text:BindNew)
                  0000a524    00000140               : tcp.oem4f (.text:TcpTimeoutCheck)
                  0000a664    00000140     drivers_tivaware_instrumented.aem4f : UARTTiva.oem4f (.text:readTaskBlocking)
                  0000a7a4    00000004     os.aem4f : task.oem4f (.text:TaskSelf)
                  0000a7a8    00000140     sysbios.aem4f : BIOS.obj (.text:ti_sysbios_knl_Semaphore_post__E)
                  0000a8e8    0000013c     nettool_ipv4.aem4f : config.oem4f (.text:CfgAddEntry)
                  0000aa24    0000013c     stk.aem4f : sockint.oem4f (.text:SockNotify)
                  0000ab60    0000013c               : sock.oem4f (.text:SockSend)
                  0000ac9c    00000004     os.aem4f : task.oem4f (.text:TaskSetPri)
                  0000aca0    0000013c     sysbios.aem4f : BIOS.obj (.text:ti_sysbios_heaps_HeapMem_Instance_init__E)
                  0000addc    00000004     driverlib.lib : timer.obj (.text:TimerADCEventSet)
                  0000ade0    0000013c     sysbios.aem4f : BIOS.obj (.text:ti_sysbios_knl_Clock_workFunc__E)
                  0000af1c    00000138     RTOS_protegemed_pem4f.oem4f (.text:ti_uia_loggers_LoggerStopMode_writeMemoryRange__E)
                  0000b054    00000136     rtsv7M4_T_le_v4SPD16_eabi.lib : fd_div_t2.obj (.text)
                  0000b18a    00000002     os.aem4f : task.oem4f (.text:_TaskShutdown)
                  0000b18c    00000134     stk.aem4f : icmp.oem4f (.text:ICMPGenPacket)
                  0000b2c0    00000130     driverlib.lib : gpio.obj (.text:GPIOPadConfigSet)
                  0000b3f0    0000012c     drivers_tivaware_instrumented.aem4f : GPIOTiva.oem4f (.text:GPIO_write)
                  0000b51c    00000124     stk.aem4f : sockpcb.oem4f (.text:SockPcbResolve)
                  0000b640    00000124               : udp.oem4f (.text:UdpOutput)
                  0000b764    00000124     RTOS_protegemed_pem4f.oem4f (.text:ti_ndk_config_Global_stackThread)
                  0000b888    00000120     drivers_tivaware_instrumented.aem4f : GPIOTiva.oem4f (.text:GPIO_toggle)
                  0000b9a8    0000011c     sysbios.aem4f : BIOS.obj (.text:ti_sysbios_knl_Clock_Instance_init__E)
                  0000bac4    00000118     stk.aem4f : tcpout.oem4f (.text:TcpGenPacket)
                  0000bbdc    00000118     ti.targets.arm.rtsarm.aem4f : Error.oem4f (.text:xdc_runtime_Error_policyDefault__E)
                  0000bcf4    00000114     stk.aem4f : nimu.oem4f (.text:NIMUIoctl)
                  0000be08    00000114     sysbios.aem4f : BIOS.obj (.text:ti_sysbios_utils_Load_updateThreadContexts__E)
                  0000bf1c    00000114     RTOS_protegemed_pem4f.oem4f (.text:ti_uia_loggers_LoggerStopMode_write8__E)
                  0000c030    00000110     stk.aem4f : node.oem4f (.text:NodeTreeFree)
                  0000c140    00000110               : raw.oem4f (.text:RawInput)
                  0000c250    00000110     drivers_tivaware_instrumented.aem4f : UARTTiva.oem4f (.text:readTaskCallback)
                  0000c360    00000110     sysbios.aem4f : BIOS.obj (.text:ti_sysbios_knl_Task_schedule__I)
                  0000c470    0000010c     stk.aem4f : rtable.oem4f (.text:RtFind)
                  0000c57c    0000010a               : route.oem4f (.text:RtCreate)
                  0000c686    00000002     hal_ser_stub.aem4f : llserstb.oem4f (.text:_llSerialServiceCheck)
                  0000c688    00000108     sysbios.aem4f : BIOS.obj (.text:ti_sysbios_knl_Task_exit__E)
                  0000c790    00000104     drivers_tivaware_instrumented.aem4f : EMACSnow.oem4f (.text:EMACSnow_hwiIntFxn)
                  0000c894    00000104     os.aem4f : task.oem4f (.text:llEnter)
                  0000c998    00000104     sysbios.aem4f : BIOS.obj (.text:ti_sysbios_knl_Swi_Instance_init__E)
                  0000ca9c    00000004     driverlib.lib : uart.obj (.text:UARTIntClear)
                  0000caa0    00000104     sysbios.aem4f : BIOS.obj (.text:ti_sysbios_knl_Swi_Module_startup__E)
                  0000cba4    00000102     nettool_ipv4.aem4f : dhcppkt.oem4f (.text:dhcpPacketProcess)
                  0000cca6    00000102                        : inetaddr.oem4f (.text:inet_aton)
                  0000cda8    00000100     stk.aem4f : igmp.oem4f (.text:IGMPSendReply)
                  0000cea8    00000100     drivers_tivaware_instrumented.aem4f : UARTTiva.oem4f (.text:writeData)
                  0000cfa8    00000100     ti.targets.arm.rtsarm.aem4f : Core-mem.oem4f (.text:xdc_runtime_Core_createObject__I)
                  0000d0a8    000000fc     EK_TM4C1294XL.obj (.text:EK_TM4C1294XL_initEMAC)
                  0000d1a4    000000fc     netctrl_min_ipv4.aem4f : netctrl.oem4f (.text:NetScheduler)
                  0000d2a0    000000fc     ADC_pinout.obj (.text:PinoutSetADC)
                  0000d39c    000000fc     rtsv7M4_T_le_v4SPD16_eabi.lib : fd_mul_t2.obj (.text)
                  0000d498    000000fc                                   : s_scalbn.obj (.text)
                  0000d594    00000004     hal_ser_stub.aem4f : llserstb.oem4f (.text:_llSerialInit)
                  0000d598    000000fc     sysbios.aem4f : BIOS.obj (.text:ti_sysbios_knl_Task_postInit__I)
                  0000d694    00000004     stk.aem4f : listlib.oem4f (.text:list_get_head)
                  0000d698    000000fc     sysbios.aem4f : BIOS.obj (.text:ti_sysbios_knl_Task_startCore__E)
                  0000d794    000000fc     RTOS_protegemed_pem4f.oem4f (.text:ti_uia_loggers_LoggerStopMode_write4__E)
                  0000d890    000000f8     drivers_tivaware_instrumented.aem4f : EMACSnow.oem4f (.text:EMACSnow_emacStop)
                  0000d988    000000f8     stk.aem4f : pipe.oem4f (.text:PipeRecv)
                  0000da80    000000f8     ti.targets.arm.rtsarm.aem4f : Startup.oem4f (.text:xdc_runtime_Startup_startMods__I)
                  0000db78    000000f8     RTOS_protegemed_pem4f.oem4f (.text:xdc_runtime_System_printfExtend__I)
                  0000dc70    000000f4     os.aem4f : task.oem4f (.text:TaskGetEnv)
                  0000dd64    000000f4     sysbios.aem4f : m3_Hwi_asm.obj (.text:ti_sysbios_family_arm_m3_Hwi_dispatch__I)
                  0000de58    000000f0     stk.aem4f : lliout.oem4f (.text:LLIGenArpPacket)
                  0000df48    000000f0               : sock.oem4f (.text:SockClose)
                  0000e038    000000f0     RTOS_protegemed_pem4f.oem4f (.text:ti_uia_loggers_LoggerStopMode_write2__E)
                  0000e128    000000ec     RTOS_protegemed_pem4f.oem4f (.text:ti_uia_loggers_LoggerStopMode_write1__E)
                  0000e214    000000e8     os.aem4f : task.oem4f (.text:TaskSetEnv)
                  0000e2fc    000000e4     Samples_config.obj (.text:DMA_init)
                  0000e3e0    000000e4     drivers_tivaware_instrumented.aem4f : UARTTiva.oem4f (.text:UARTTiva_read)
                  0000e4c4    000000e4                                         : UARTTiva.oem4f (.text:UARTTiva_writeCancel)
                  0000e5a8    000000e0     stk.aem4f : tcptime.oem4f (.text:TcpTimeoutRexmt)
                  0000e688    000000dc     main_protegemed.obj (.text:Read_RFID)
                  0000e764    000000dc     stk.aem4f : sb.oem4f (.text:SBWrite)
                  0000e840    000000dc     nettool_ipv4.aem4f : dhcpsock.oem4f (.text:dhcpSocketOpen)
                  0000e91c    000000dc                        : dhcpsm.oem4f (.text:dhcpState)
                  0000e9f8    000000dc     RTOS_protegemed_pem4f.oem4f (.text:ti_uia_loggers_LoggerStopMode_write0__E)
                  0000ead4    000000d8     drivers_tivaware_instrumented.aem4f : EMACSnow.oem4f (.text:EMACSnow_pkt_service)
                  0000ebac    000000d8     stk.aem4f : node.oem4f (.text:NodeAdd)
                  0000ec84    000000d8               : tcpprot.oem4f (.text:TcpPrSetOption)
                  0000ed5c    00000004               : listlib.oem4f (.text:list_get_next)
                  0000ed60    000000d8     sysbios.aem4f : BIOS.obj (.text:ti_sysbios_family_arm_lm4_TimestampProvider_get32__E)
                  0000ee38    000000d8                   : BIOS.obj (.text:ti_sysbios_family_arm_m3_Hwi_postInit__I)
                  0000ef10    000000d8                   : BIOS.obj (.text:ti_sysbios_knl_Swi_post__E)
                  0000efe8    000000d4     stk.aem4f : sockpcb.oem4f (.text:SockPcbBind)
                  0000f0bc    000000d1               : nimu.oem4f (.text:NIMUReceivePacket)
                  0000f18d    00000001     --HOLE-- [fill = 0]
                  0000f18e    00000002     hal_ser_stub.aem4f : llserstb.oem4f (.text:_llSerialShutdown)
                  0000f190    000000cc     stk.aem4f : icmp.oem4f (.text:ICMPSendRtAdv)
                  0000f25c    000000cc     nettool_ipv4.aem4f : dhcpbild.oem4f (.text:dhcpBuildHeader)
                  0000f328    000000cc                        : dhcpsm.oem4f (.text:dhcpIPAdd)
                  0000f3f4    000000cc                        : dhcppkt.oem4f (.text:dhcpVerifyMessage)
                  0000f4c0    000000cc     sysbios.aem4f : BIOS.obj (.text:ti_sysbios_family_arm_m3_Hwi_Instance_init__E)
                  0000f58c    000000cc     ti.targets.arm.rtsarm.aem4f : Core-smem.oem4f (.text:xdc_runtime_Core_constructObject__I)
                  0000f658    000000c8     stk.aem4f : rawethsock.oem4f (.text:RawEthSockNew)
                  0000f720    000000c8     netctrl_min_ipv4.aem4f : netsrv.oem4f (.text:SPIpNet)
                  0000f7e8    000000c4     drivers_tivaware_instrumented.aem4f : EMACSnow.oem4f (.text:EMACSnow_InitDMADescriptors)
                  0000f8ac    000000c4     stk.aem4f : igmp.oem4f (.text:IGMPJoinHostGroup)
                  0000f970    000000c4     nettool_ipv4.aem4f : dhcpsm.oem4f (.text:StateBound)
                  0000fa34    000000bc     stk.aem4f : sockpcb.oem4f (.text:SockPcbFind)
                  0000faf0    000000bc               : vlan.oem4f (.text:VLANDeinit)
                  0000fbac    00000004     RTOS_protegemed_pem4f.oem4f (.text:ti_ndk_config_Global_NetworkOpen)
                  0000fbb0    000000bc     sysbios.aem4f : BIOS.obj (.text:ti_sysbios_family_arm_m3_Hwi_excDebugMon__I)
                  0000fc6c    00000004     RTOS_protegemed_pem4f.oem4f (.text:ti_sysbios_BIOS_RtsGateProxy_enter__E)
                  0000fc70    000000bc     sysbios.aem4f : BIOS.obj (.text:ti_sysbios_family_arm_m3_Hwi_excHardFault__I)
                  0000fd2c    000000b8     stk.aem4f : icmpin.oem4f (.text:ICMPRevSrcRoute)
                  0000fde4    000000b8     drivers_tivaware_instrumented.aem4f : UARTTiva.oem4f (.text:UARTTiva_close)
                  0000fe9c    000000b8     stk.aem4f : lli.oem4f (.text:_LLITimeoutCheck)
                  0000ff54    00000004     RTOS_protegemed_pem4f.oem4f (.text:ti_sysbios_BIOS_RtsGateProxy_leave__E)
                  0000ff58    000000b8     sysbios.aem4f : BIOS.obj (.text:ti_sysbios_knl_Task_unblockI__E)
                  00010010    000000b4     stk.aem4f : tcptime.oem4f (.text:TcpTimeoutKeep)
                  000100c4    00000004     sysbios.aem4f : BIOS.obj (.text:ti_sysbios_family_arm_lm4_Timer_masterEnable__I)
                  000100c8    000000b4                   : BIOS.obj (.text:ti_sysbios_gates_GateMutex_enter__E)
                  0001017c    00000004     RTOS_protegemed_pem4f.oem4f (.text:ti_sysbios_family_arm_m3_Hwi_delete)
                  00010180    000000b4     sysbios.aem4f : BIOS.obj (.text:ti_sysbios_knl_Task_checkStacks__E)
                  00010234    000000b0     drivers_tivaware_instrumented.aem4f : EMACSnow.oem4f (.text:EMACSnow_init)
                  000102e4    000000b0     stk.aem4f : rawethsock.oem4f (.text:RawEthSockSet)
                  00010394    00000004     RTOS_protegemed_pem4f.oem4f (.text:ti_sysbios_family_arm_m3_Hwi_destruct)
                  00010398    000000b0     sysbios.aem4f : BIOS.obj (.text:ti_sysbios_utils_Load_idleFxn__E)
                  00010448    000000b0                   : BIOS.obj (.text:ti_sysbios_utils_Load_updateLoads__E)
                  000104f8    000000ac     drivers_tivaware_instrumented.aem4f : EMACSnow.oem4f (.text:EMACSnow_emacSend)
                  000105a4    000000ac     stk.aem4f : rtable.oem4f (.text:RtTimeoutCheck)
                  00010650    000000ac     RTOS_protegemed_pem4f.oem4f (.text:ti_ndk_config_ip_init)
                  000106fc    00000004     RTOS_protegemed_pem4f.oem4f (.text:ti_sysbios_family_arm_m3_TaskSupport_Module__startupDone__S)
                  00010700    000000ac     sysbios.aem4f : BIOS.obj (.text:ti_sysbios_family_arm_lm4_Timer_enableTiva__I)
                  000107ac    000000a8     stk.aem4f : sockint.oem4f (.text:SockCreatePacket)
                  00010854    00000004     RTOS_protegemed_pem4f.oem4f (.text:ti_sysbios_heaps_HeapMem_Module_GateProxy_enter__E)
                  00010858    000000a8     sysbios.aem4f : BIOS.obj (.text:ti_sysbios_family_arm_lm4_Timer_enableTimers__I)
                  00010900    000000a8                   : BIOS.obj (.text:ti_sysbios_knl_Task_blockI__E)
                  000109a8    000000a4                   : BIOS.obj (.text:ti_sysbios_knl_Clock_Instance_finalize__E)
                  00010a4c    000000a0     stk.aem4f : ip.oem4f (.text:IPGetRoute)
                  00010aec    000000a0     auto_init.aem4f : auto_init.oem4f (.text)
                  00010b8c    00000004     RTOS_protegemed_pem4f.oem4f (.text:ti_sysbios_heaps_HeapMem_Module_GateProxy_leave__E)
                  00010b90    000000a0     sysbios.aem4f : BIOS.obj (.text:ti_sysbios_knl_Swi_Instance_finalize__E)
                  00010c30    000000a0     ti.targets.arm.rtsarm.aem4f : Text.oem4f (.text:xdc_runtime_Text_putMod__E)
                  00010cd0    0000009e     stk.aem4f : nimu.oem4f (.text:NIMUAddEthernetHeader)
                  00010d6e    0000009e     nettool_ipv4.aem4f : dhcpbild.oem4f (.text:dhcpBuildRequest)
                  00010e0c    0000009c     Samples_config.obj (.text:ADC_Seq0_ISR)
                  00010ea8    0000009c     stk.aem4f : exec.oem4f (.text:ExecOpen)
                  00010f44    0000009c     rtsv7M4_T_le_v4SPD16_eabi.lib : memcpy_t2.obj (.text)
                  00010fe0    0000009c     sysbios.aem4f : BIOS.obj (.text:ti_sysbios_knl_Semaphore_Instance_init__E)
                  0001107c    0000009a     ti.targets.arm.rtsarm.aem4f : Text.oem4f (.text:xdc_runtime_Text_putSite__E)
                  00011116    00000002     hal_userled_stub.aem4f : llled.oem4f (.text:_llUserLedInit)
                  00011118    00000098     Samples_config.obj (.text:ADC_Seq1_ISR)
                  000111b0    00000098     EK_TM4C1294XL.obj (.text:EK_TM4C1294XL_initGeneral)
                  00011248    00000098     netctrl_min_ipv4.aem4f : netctrl.oem4f (.text:NC_SystemOpen)
                  000112e0    00000098                            : netsrv.oem4f (.text:ServiceScan)
                  00011378    00000098     Boot.aem4f : Boot.oem4f (.text:ti_catalog_arm_cortexm4_tiva_ce_Boot_sysCtlClockFreqSet__E)
                  00011410    00000094     nettool_ipv4.aem4f : config.oem4f (.text:CfgRemoveEntry)
                  000114a4    00000004     RTOS_protegemed_pem4f.oem4f (.text:ti_sysbios_knl_Clock_TimerProxy_getMaxTicks__E)
                  000114a8    00000094     sysbios.aem4f : BIOS.obj (.text:ti_sysbios_family_arm_m3_Hwi_initNVIC__E)
                  0001153c    00000090     nettool_ipv4.aem4f : config.oem4f (.text:CfgExecute)
                  000115cc    00000090     stk.aem4f : igmp.oem4f (.text:IGMPMsg)
                  0001165c    00000090     os.aem4f : mem.oem4f (.text:mmBulkAlloc)
                  000116ec    00000004     RTOS_protegemed_pem4f.oem4f (.text:ti_sysbios_knl_Clock_TimerProxy_getPeriod__E)
                  000116f0    00000090     sysbios.aem4f : BIOS.obj (.text:ti_sysbios_knl_Task_Module_startup__E)
                  00011780    00000090                   : BIOS.obj (.text:ti_sysbios_utils_Load_startup__E)
                  00011810    00000090     ti.uia.loggers.aem4f : LoggerStopMode.oem4f (.text:ti_uia_loggers_LoggerStopMode_initQueueDescriptor__E)
                  000118a0    0000008c     drivers_tivaware_instrumented.aem4f : EMACSnow.oem4f (.text:EMACSnow_emacioctl)
                  0001192c    0000008c                                         : GPIOTiva.oem4f (.text:GPIO_init)
                  000119b8    0000008c                                         : GPIOTiva.oem4f (.text:GPIO_setCallback)
                  00011a44    0000008c     stk.aem4f : ip.oem4f (.text:IPMsg)
                  00011ad0    0000008c     os.aem4f : mem.oem4f (.text:_mmInit)
                  00011b5c    0000008c              : mem.oem4f (.text:mmInitPage)
                  00011be8    0000008c     sysbios.aem4f : m3_TaskSupport_asm.obj (.text:ti_sysbios_family_arm_m3_TaskSupport_buildTaskStack)
                  00011c74    00000004     RTOS_protegemed_pem4f.oem4f (.text:ti_sysbios_knl_Clock_destruct)
                  00011c78    0000008c     sysbios.aem4f : BIOS.obj (.text:ti_sysbios_utils_Load_updateCurrentThreadTime__E)
                  00011d04    0000008a     netctrl_min_ipv4.aem4f : netsrv.oem4f (.text:SPRoute)
                  00011d8e    00000002     hal_userled_stub.aem4f : llled.oem4f (.text:_llUserLedShutdown)
                  00011d90    00000088     netctrl_min_ipv4.aem4f : netsrv.oem4f (.text:ServiceSpawn)
                  00011e18    00000088     stk.aem4f : sockpcb.oem4f (.text:SockPcbCtlError)
                  00011ea0    00000086     nettool_ipv4.aem4f : dhcpsm.oem4f (.text:StateRequesting)
                  00011f26    00000086     rtsv7M4_T_le_v4SPD16_eabi.lib : fd_cmp_t2.obj (.text:__aeabi_cdcmple)
                  00011fac    00000086                                   : fd_cmp_t2.obj (.text:__aeabi_cdrcmple)
                  00012032    00000002     hal_ser_stub.aem4f : llserstb.oem4f (.text:llSerialService)
                  00012034    00000084     nettool_ipv4.aem4f : config.oem4f (.text:CfgGetEntry)
                  000120b8    00000084     drivers_tivaware_instrumented.aem4f : EMACSnow.oem4f (.text:EMACSnow_processPhyInterrupt)
                  0001213c    00000084     stk.aem4f : tcpprot.oem4f (.text:TcpPrAttach)
                  000121c0    00000084     dsplib-cm4f.lib : arm_rms_f32.obj (.text:arm_rms_f32)
                  00012244    00000084     os.aem4f : mem.oem4f (.text:mmBulkFree)
                  000122c8    00000084              : mem.oem4f (.text:mmFree)
                  0001234c    00000084     driverlib.lib : udma.obj (.text:uDMAChannelTransferSet)
                  000123d0    00000082     nettool_ipv4.aem4f : dhcpsm.oem4f (.text:StateRenewRebind)
                  00012452    00000002     rtsv7M4_T_le_v4SPD16_eabi.lib : i_div0.obj (.text)
                  00012454    00000080     drivers_tivaware_instrumented.aem4f : EMACSnow.oem4f (.text:EMACSnow_processPendingTx)
                  000124d4    00000080     stk.aem4f : lli.oem4f (.text:LLINew)
                  00012554    00000080     netctrl_min_ipv4.aem4f : netsrv.oem4f (.text:NS_BootTask)
                  000125d4    00000080     stk.aem4f : pbm.oem4f (.text:PBM_alloc)
                  00012654    00000080               : raw.oem4f (.text:RawOutput)
                  000126d4    0000007f     RTOS_protegemed_pem4f.oem4f (.text:ti_ndk_config_Global_NetworkIPAddr)
                  00012753    00000001     --HOLE-- [fill = 0]
                  00012754    0000007e     stk.aem4f : fileuser.oem4f (.text:fdClose)
                  000127d2    00000002     RTOS_protegemed_pem4f.oem4f (.text:ti_ndk_config_Global_NetworkClose)
                  000127d4    0000007c     nettool_ipv4.aem4f : config.oem4f (.text:CfgGetNextEntry)
                  00012850    0000007c     stk.aem4f : igmp.oem4f (.text:IGMPDoMCast)
                  000128cc    0000007c               : igmp.oem4f (.text:IGMPJoin)
                  00012948    0000007c               : socket.oem4f (.text:NDK_setsockopt)
                  000129c4    0000007c               : nimu.oem4f (.text:NIMURegister)
                  00012a40    0000007c               : pbm.oem4f (.text:PBM_free)
                  00012abc    0000007a     driverlib.lib : adc.obj (.text:ADCSequenceStepConfigure)
                  00012b36    0000007a     stk.aem4f : sock.oem4f (.text:SockAccept)
                  00012bb0    0000007a     rtsv7M4_T_le_v4SPD16_eabi.lib : memset_t2.obj (.text)
                  00012c2a    00000002     RTOS_protegemed_pem4f.oem4f (.text:ti_sysbios_BIOS_nullFunc__I)
                  00012c2c    00000078     driverlib.lib : emac.obj (.text:EMACInit)
                  00012ca4    00000078     stk.aem4f : socket.oem4f (.text:NDK_sendto)
                  00012d1c    00000078               : tcptime.oem4f (.text:TcpXmitTimer)
                  00012d94    00000078               : fileuser.oem4f (.text:fdOpenSession)
                  00012e0c    00000078     os.aem4f : task.oem4f (.text:llExit)
                  00012e84    00000078     Network_config.obj (.text:netOpenHook)
                  00012efc    00000004     RTOS_protegemed_pem4f.oem4f (.text:ti_sysbios_knl_Queue_destruct)
                  00012f00    00000078     sysbios.aem4f : BIOS.obj (.text:ti_sysbios_family_arm_m3_Hwi_Instance_finalize__E)
                  00012f78    00000076     stk.aem4f : pipe.oem4f (.text:PipeSend)
                  00012fee    00000002     RTOS_protegemed_pem4f.oem4f (.text:ti_uia_loggers_LoggerStopMode_setFilterLevel__E)
                  00012ff0    00000075     stk.aem4f : tcptime.oem4f (.text:TcpTimeoutSackRexmt)
                  00013065    00000001     --HOLE-- [fill = 0]
                  00013066    00000002     ti.uia.loggers.aem4f : LoggerStopMode.oem4f (.text:ti_uia_loggers_LoggerStopMode_setPriority__E)
                  00013068    00000074     stk.aem4f : igmp.oem4f (.text:IGMPLeaveHostGroup)
                  000130dc    00000074               : nimu.oem4f (.text:NIMUShutdown)
                  00013150    00000074               : raweth.oem4f (.text:RawEthRxPacket)
                  000131c4    00000074               : sockpcb.oem4f (.text:SockPcbConnect)
                  00013238    00000074     sysbios.aem4f : BIOS.obj (.text:ti_sysbios_family_arm_m3_Hwi_Module_startup__E)
                  000132ac    00000004     RTOS_protegemed_pem4f.oem4f (.text:ti_sysbios_knl_Semaphore_delete)
                  000132b0    00000074     sysbios.aem4f : BIOS.obj (.text:ti_sysbios_knl_Clock_start__E)
                  00013324    00000074     ti.uia.runtime.aem4f : QueueDescriptor.oem4f (.text:ti_uia_runtime_QueueDescriptor_addToList__E)
                  00013398    00000072     os.aem4f : semaphore.oem4f (.text:SemCreateBinary)
                  0001340a    00000070     stk.aem4f : socket.oem4f (.text:NDK_accept)
                  0001347a    00000070               : socket.oem4f (.text:NDK_send)
                  000134ea    00000002     RTOS_protegemed_pem4f.oem4f (.text:xdc_runtime_Startup_reset__I)
                  000134ec    00000070     stk.aem4f : rtable.oem4f (.text:RtFlush)
                  0001355c    00000070     netctrl_min_ipv4.aem4f : netsrv.oem4f (.text:SPConfig)
                  000135cc    00000070     stk.aem4f : sock.oem4f (.text:SockShutdown)
                  0001363c    00000070     nettool_ipv4.aem4f : dhcptags.oem4f (.text:dhcpDecodeType)
                  000136ac    0000006e     stk.aem4f : socket.oem4f (.text:NDK_recv)
                  0001371a    00000002     --HOLE-- [fill = 0]
                  0001371c    0000006e               : rtable.oem4f (.text:RtWalkNext)
                  0001378a    0000006e               : sockpcb.oem4f (.text:SockPcbFindRaw)
                  000137f8    0000006d               : node.oem4f (.text:NodeNew)
                  00013865    00000003     --HOLE-- [fill = 0]
                  00013868    0000006d     ti.targets.arm.rtsarm.aem4f : System.oem4f (.text:xdc_runtime_System_formatNum__I)
                  000138d5    00000003     --HOLE-- [fill = 0]
                  000138d8    0000006c     os.aem4f : ossys.oem4f (.text:DbgPrintf)
                  00013944    0000006c     stk.aem4f : node.oem4f (.text:NodeTreeNew)
                  000139b0    0000006c               : raweth.oem4f (.text:RawEthTxPacket)
                  00013a1c    0000006c     Samples_config.obj (.text:TIMER_init)
                  00013a88    0000006c     stk.aem4f : udp.oem4f (.text:UdpChecksum)
                  00013af4    0000006c     dsplib-cm4f.lib : arm_offset_f32.obj (.text:arm_offset_f32)
                  00013b60    0000006c                     : arm_scale_f32.obj (.text:arm_scale_f32)
                  00013bcc    00000004     RTOS_protegemed_pem4f.oem4f (.text:ti_sysbios_knl_Semaphore_destruct)
                  00013bd0    0000006c     sysbios.aem4f : BIOS.obj (.text:ti_sysbios_knl_Swi_restoreHwi__E)
                  00013c3c    00000004     RTOS_protegemed_pem4f.oem4f (.text:ti_sysbios_knl_Swi_delete)
                  00013c40    0000006c     sysbios.aem4f : BIOS.obj (.text:ti_sysbios_utils_Load_taskCreateHook__E)
                  00013cac    0000006c     ti.targets.arm.rtsarm.aem4f : Error.oem4f (.text:xdc_runtime_Error_print__E)
                  00013d18    0000006c                                 : Memory.oem4f (.text:xdc_runtime_Memory_alloc__E)
                  00013d84    0000006a     stk.aem4f : tcpprot.oem4f (.text:TcpPrInherit)
                  00013dee    00000002     --HOLE-- [fill = 0]
                  00013df0    00000068     driverlib.lib : interrupt.obj (.text:IntEnable)
                  00013e58    00000068     stk.aem4f : socket.oem4f (.text:NDK_socket)
                  00013ec0    00000068               : pbm.oem4f (.text:PBM_open)
                  00013f28    00000068               : sock.oem4f (.text:SockListen)
                  00013f90    00000068               : rtable.oem4f (.text:_RtNodeInsert)
                  00013ff8    00000068     rtsv7M4_T_le_v4SPD16_eabi.lib : copy_decompress_lzss.obj (.text:decompress:lzss)
                  00014060    00000068                                   : trgmsg.obj (.text)
                  000140c8    00000068     sysbios.aem4f : BIOS.obj (.text:ti_sysbios_utils_Load_addTask__E)
                  00014130    00000066     ti.uia.loggers.aem4f : LoggerStopMode.oem4f (.text:ti_uia_loggers_LoggerStopMode_flush__E)
                  00014196    00000066     ti.targets.arm.rtsarm.aem4f : Core-mem.oem4f (.text:xdc_runtime_Core_deleteObject__I)
                  000141fc    00000064     nettool_ipv4.aem4f : config.oem4f (.text:CfgFree)
                  00014260    00000064     drivers_tivaware_instrumented.aem4f : GPIOTiva.oem4f (.text:GPIO_hwiIntFxn)
                  000142c4    00000064     stk.aem4f : pbm.oem4f (.text:PBMQ_enq)
                  00014328    00000064               : sockint.oem4f (.text:SockSpawnAbort)
                  0001438c    00000064     hal_timer_bios.aem4f : lltimer.oem4f (.text:llTimerTick)
                  000143f0    00000064     rtsv7M4_T_le_v4SPD16_eabi.lib : s_frexp.obj (.text)
                  00014454    00000004     RTOS_protegemed_pem4f.oem4f (.text:ti_sysbios_knl_Task_delete)
                  00014458    00000064     sysbios.aem4f : BIOS.obj (.text:ti_sysbios_family_arm_lm4_Timer_Module_startup__E)
                  000144bc    00000064     RTOS_protegemed_pem4f.oem4f (.text:ti_sysbios_family_arm_m3_Hwi_create)
                  00014520    00000064     stk.aem4f : lliin.oem4f (.text:updateRtTable)
                  00014584    00000062               : ipin.oem4f (.text:IPRouteIP)
                  000145e6    00000002     --HOLE-- [fill = 0]
                  000145e8    00000062               : sb.oem4f (.text:SBNew)
                  0001464a    00000002     --HOLE-- [fill = 0]
                  0001464c    00000060     nettool_ipv4.aem4f : config.oem4f (.text:CfgGetEntryCnt)
                  000146ac    00000060     stk.aem4f : file.oem4f (.text:FdWaitEvent)
                  0001470c    00000060               : nimu.oem4f (.text:NIMUUnregister)
                  0001476c    00000060               : node.oem4f (.text:NodeFind)
                  000147cc    00000060               : rtc.oem4f (.text:RTCMsg)
                  0001482c    00000060               : tcp.oem4f (.text:TcpChecksum)
                  0001488c    00000060     driverlib.lib : timer.obj (.text:TimerConfigure)
                  000148ec    00000060     nettool_ipv4.aem4f : dhcptags.oem4f (.text:dhcpBuildOptions)
                  0001494c    00000060     rtsv7M4_T_le_v4SPD16_eabi.lib : sprintf.obj (.text)
                  000149ac    00000004     ti.uia.loggers.aem4f : LoggerStopMode.oem4f (.text:ti_uia_loggers_LoggerStopMode_getContents__E)
                  000149b0    00000060     sysbios.aem4f : BIOS.obj (.text:ti_sysbios_family_arm_lm4_Timer_isrStub__E)
                  00014a10    00000060                   : BIOS.obj (.text:ti_sysbios_knl_Clock_logTick__E)
                  00014a70    00000060                   : BIOS.obj (.text:ti_sysbios_utils_Load_logCPULoad__I)
                  00014ad0    0000005e     stk.aem4f : route.oem4f (.text:RtRemove)
                  00014b2e    0000005e     nettool_ipv4.aem4f : dhcpsm.oem4f (.text:StateSelecting)
                  00014b8c    0000005e     stk.aem4f : vlan.oem4f (.text:VLANReceivePacket)
                  00014bea    00000002     --HOLE-- [fill = 0]
                  00014bec    0000005c     nettool_ipv4.aem4f : config.oem4f (.text:CfgSetExecuteOrder)
                  00014c48    0000005c     main_protegemed.obj (.text:FFTCalc_Task)
                  00014ca4    0000005c     stk.aem4f : nimu.oem4f (.text:NIMUIoctlSpecialCmd)
                  00014d00    0000005c     netctrl_min_ipv4.aem4f : netsrv.oem4f (.text:SPService)
                  00014d5c    0000005c     RTOS_protegemed_pem4f.oem4f (.text:ti_sysbios_knl_Swi_create)
                  00014db8    0000005c     sysbios.aem4f : BIOS.obj (.text:ti_sysbios_knl_Swi_schedule__I)
                  00014e14    0000005c     RTOS_protegemed_pem4f.oem4f (.text:ti_sysbios_knl_Task_create)
                  00014e70    0000005b     ti.targets.arm.rtsarm.aem4f : Text.oem4f (.text:xdc_runtime_Text_putLab__E)
                  00014ecb    00000001     --HOLE-- [fill = 0]
                  00014ecc    0000005a     stk.aem4f : route.oem4f (.text:RtRedirect)
                  00014f26    0000005a               : tcpprot.oem4f (.text:TcpValidateMetrics)
                  00014f80    0000005a     nettool_ipv4.aem4f : dhcpbild.oem4f (.text:dhcpBuildDecline)
                  00014fda    0000005a     os.aem4f : mem.oem4f (.text:mmCopy)
                  00015034    0000005a     RTOS_protegemed_pem4f.oem4f (.text:ti_ndk_config_tcp_init)
                  0001508e    00000002     --HOLE-- [fill = 0]
                  00015090    00000058     stk.aem4f : bind.oem4f (.text:BindFree)
                  000150e8    00000058     driverlib.lib : emac.obj (.text:EMACPHYConfigSet)
                  00015140    00000058     stk.aem4f : igmp.oem4f (.text:IGMPTimer)
                  00015198    00000058     os.aem4f : semaphore.oem4f (.text:SemCreate)
                  000151f0    00000058     driverlib.lib : timer.obj (.text:TimerControlTrigger)
                  00015248    00000058     boot.aem4f : boot.oem4f (.text)
                  000152a0    00000058     RTOS_protegemed_pem4f.oem4f (.text:ti_sysbios_family_arm_m3_Hwi_construct)
                  000152f8    00000058     sysbios.aem4f : m3_Hwi_asm_switch.obj (.text:ti_sysbios_family_arm_m3_Hwi_initStacks__E)
                  00015350    00000058                   : BIOS.obj (.text:ti_sysbios_knl_Swi_postInit__I)
                  000153a8    00000056     driverlib.lib : gpio.obj (.text:GPIOIntTypeSet)
                  000153fe    00000056     rtsv7M4_T_le_v4SPD16_eabi.lib : ltoa.obj (.text)
                  00015454    00000054     nettool_ipv4.aem4f : config.oem4f (.text:CfgEntryDeRef)
                  000154a8    00000054     stk.aem4f : igmp.oem4f (.text:IGMPLeave)
                  000154fc    00000054               : rawethsock_pcb.oem4f (.text:RawEthSockPcbAttach)
                  00015550    00000054               : sockpcb.oem4f (.text:SockCleanPcb)
                  000155a4    00000054               : tcptime.oem4f (.text:TcpTimeoutPersist)
                  000155f8    00000054     rtsv7M4_T_le_v4SPD16_eabi.lib : exit.obj (.text)
                  0001564c    00000054     RTOS_protegemed_pem4f.oem4f (.text:ti_sysbios_utils_Load_hwiBeginHook__E)
                  000156a0    00000054     sysbios.aem4f : BIOS.obj (.text:ti_sysbios_utils_Load_taskSwitchHook__E)
                  000156f4    00000054     ti.targets.arm.rtsarm.aem4f : Assert.oem4f (.text:xdc_runtime_Assert_raise__I)
                  00015748    00000052     stk.aem4f : tcpprot.oem4f (.text:TcpPrDetach)
                  0001579a    00000050               : socket.oem4f (.text:NDK_bind)
                  000157ea    00000002     --HOLE-- [fill = 0]
                  000157ec    00000050               : route.oem4f (.text:RtNew)
                  0001583c    00000050     driverlib.lib : sysctl.obj (.text:SysCtlPeripheralReset)
                  0001588c    00000050     Boot.aem4f : Boot_sysctl.oem4f (.text:_SysCtlFrequencyGet)
                  000158dc    00000050     ti.targets.arm.rtsarm.aem4f : Startup.oem4f (.text:xdc_runtime_Startup_exec__E)
                  0001592c    00000050                                 : Text.oem4f (.text:xdc_runtime_Text_visitRope2__I)
                  0001597c    0000004e     stk.aem4f : node.oem4f (.text:NodeDeRef)
                  000159ca    0000004e     nettool_ipv4.aem4f : config.oem4f (.text:_CfgEntryScan)
                  00015a18    0000004c                        : ipaddr.oem4f (.text:NtAddNetwork)
                  00015a64    0000004c     stk.aem4f : sockint.oem4f (.text:SockValidateRoute)
                  00015ab0    0000004c     drivers_tivaware_instrumented.aem4f : UARTTiva.oem4f (.text:UARTTiva_hwiIntFxn)
                  00015afc    0000004c     rtsv7M4_T_le_v4SPD16_eabi.lib : atoi.obj (.text)
                  00015b48    0000004c                                   : cpy_tbl.obj (.text)
                  00015b94    00000004     RTOS_protegemed_pem4f.oem4f (.text:ti_uia_loggers_LoggerStopMode_getFilterLevel__E)
                  00015b98    0000004c     sysbios.aem4f : BIOS.obj (.text:ti_sysbios_heaps_HeapMem_getStats__E)
                  00015be4    00000004     ti.uia.loggers.aem4f : LoggerStopMode.oem4f (.text:ti_uia_loggers_LoggerStopMode_getInstanceId__E)
                  00015be8    0000004c     sysbios.aem4f : BIOS.obj (.text:ti_sysbios_knl_Swi_runLoop__I)
                  00015c34    00000004     ti.uia.loggers.aem4f : LoggerStopMode.oem4f (.text:ti_uia_loggers_LoggerStopMode_getMaxLength__E)
                  00015c38    0000004c     sysbios.aem4f : BIOS.obj (.text:ti_sysbios_knl_Task_allBlockedFunction__I)
                  00015c84    0000004c     ti.uia.loggers.aem4f : LoggerStopMode.oem4f (.text:ti_uia_loggers_LoggerStopMode_Module_startup__E)
                  00015cd0    0000004a     netctrl_min_ipv4.aem4f : netsrv.oem4f (.text:ServiceKill)
                  00015d1a    0000004a     stk.aem4f : sock.oem4f (.text:SockDisconnect)
                  00015d64    0000004a               : timer.oem4f (.text:TimerNew)
                  00015dae    00000048     nettool_ipv4.aem4f : config.oem4f (.text:CfgNew)
                  00015df6    00000002     --HOLE-- [fill = 0]
                  00015df8    00000048     driverlib.lib : gpio.obj (.text:GPIOPinConfigure)
                  00015e40    00000048     stk.aem4f : lli.oem4f (.text:LLIMsg)
                  00015e88    00000048               : node.oem4f (.text:NodeWalk)
                  00015ed0    00000048               : rawethsock_pcb.oem4f (.text:RawEthSockPcbDetach)
                  00015f18    00000048               : sockpcb.oem4f (.text:SockPcbResolveChain)
                  00015f60    00000048               : tcpprot.oem4f (.text:TcpDrop)
                  00015fa8    00000048               : lli.oem4f (.text:_LLIExpListInsert)
                  00015ff0    00000048               : rtable.oem4f (.text:_RtExpListInsert)
                  00016038    00000048     driverlib.lib : sysctl.obj (.text:_SysCtlFrequencyGet)
                  00016080    00000048     dsplib-cm4f.lib : arm_copy_f32.obj (.text:arm_copy_f32)
                  000160c8    00000048     stk.aem4f : file.oem4f (.text:fdint_lockfd)
                  00016110    00000048     rtsv7M4_T_le_v4SPD16_eabi.lib : fd_toi_t2.obj (.text)
                  00016158    00000048     sysbios.aem4f : BIOS.obj (.text:ti_sysbios_family_arm_m3_Hwi_disableInterrupt__E)
                  000161a0    00000048                   : BIOS.obj (.text:ti_sysbios_family_arm_m3_Hwi_enableInterrupt__E)
                  000161e8    00000048                   : BIOS.obj (.text:ti_sysbios_family_arm_m3_Hwi_excReserved__I)
                  00016230    00000048                   : BIOS.obj (.text:ti_sysbios_knl_Task_deleteTerminatedTasksFunc__I)
                  00016278    00000048                   : BIOS.obj (.text:ti_sysbios_utils_Load_taskDeleteHook__E)
                  000162c0    00000048     driverlib.lib : udma.obj (.text:uDMAChannelAttributeDisable)
                  00016308    00000048                   : udma.obj (.text:uDMAChannelAttributeEnable)
                  00016350    00000046     nettool_ipv4.aem4f : ipaddr.oem4f (.text:NtIfIdx2Ip)
                  00016396    00000046     stk.aem4f : rawethsock.oem4f (.text:RawEthSockSend)
                  000163dc    00000046     drivers_tivaware_instrumented.aem4f : RingBuf.oem4f (.text:RingBuf_put)
                  00016422    00000046     stk.aem4f : tcpprot.oem4f (.text:TcpPrCtlError)
                  00016468    00000046     os.aem4f : mem.oem4f (.text:mmZeroInit)
                  000164ae    00000046     ti.targets.arm.rtsarm.aem4f : Core-params.oem4f (.text:xdc_runtime_Core_assignParams__I)
                  000164f4    00000044     drivers_tivaware_instrumented.aem4f : EMACSnow.oem4f (.text:EMACSnow_processTransmitted)
                  00016538    00000044     stk.aem4f : icmp.oem4f (.text:ICMPChecksum)
                  0001657c    00000044               : ipfrag.oem4f (.text:IPReasmFree)
                  000165c0    00000044               : lli.oem4f (.text:LLIGetValidTime)
                  00016604    00000044               : rtable.oem4f (.text:RouteMsg)
                  00016648    00000044               : rtable.oem4f (.text:RtWalkEnd)
                  0001668c    00000044               : sockpcb.oem4f (.text:SockPcbDetach)
                  000166d0    00000044               : timer.oem4f (.text:TimerListInsert)
                  00016714    00000044     hal_timer_bios.aem4f : lltimer.oem4f (.text:llTimerGetTime)
                  00016758    00000044     sysbios.aem4f : BIOS.obj (.text:ti_sysbios_family_arm_lm4_Timer_stop__E)
                  0001679c    00000004     ti.uia.loggers.aem4f : LoggerStopMode.oem4f (.text:ti_uia_loggers_LoggerStopMode_getPriority__E)
                  000167a0    00000044     sysbios.aem4f : BIOS.obj (.text:ti_sysbios_family_arm_m3_Hwi_getStackInfo__E)
                  000167e4    00000004     ti.uia.loggers.aem4f : LoggerStopMode.oem4f (.text:ti_uia_loggers_LoggerStopMode_getTransferType__E)
                  000167e8    00000044     sysbios.aem4f : BIOS.obj (.text:ti_sysbios_utils_Load_removeTask__E)
                  0001682c    00000004     ti.targets.arm.rtsarm.aem4f : Error.oem4f (.text:xdc_runtime_Error_getMsg__E)
                  00016830    00000044     sysbios.aem4f : BIOS.obj (.text:ti_sysbios_utils_Load_swiBeginHook__E)
                  00016874    00000044     ti.uia.loggers.aem4f : LoggerStopMode.oem4f (.text:ti_uia_loggers_LoggerStopMode_initBuffer__I)
                  000168b8    00000044     ti.targets.arm.rtsarm.aem4f : Error.oem4f (.text:xdc_runtime_Error_setX__E)
                  000168fc    00000044                                 : SysMin.oem4f (.text:xdc_runtime_SysMin_flush__E)
                  00016940    00000044                                 : Text.oem4f (.text:xdc_runtime_Text_xprintf__I)
                  00016984    00000042     stk.aem4f : socket.oem4f (.text:NDK_listen)
                  000169c6    00000042               : tcpprot.oem4f (.text:TcpPrSendOOB)
                  00016a08    00000042     driverlib.lib : uart.obj (.text:UARTConfigSetExpClk)
                  00016a4a    00000042     stk.aem4f : fileuser.oem4f (.text:fdCloseSession)
                  00016a8c    00000040               : lliin.oem4f (.text:LLIValidateRoute)
                  00016acc    00000040               : pbm.oem4f (.text:PBM_copy)
                  00016b0c    00000040     drivers_tivaware_instrumented.aem4f : RingBuf.oem4f (.text:RingBuf_get)
                  00016b4c    00000040     stk.aem4f : sockpcb.oem4f (.text:SockPcbRtChange)
                  00016b8c    00000040               : tcpprot.oem4f (.text:TcpPrSend)
                  00016bcc    00000040     rtsv7M4_T_le_v4SPD16_eabi.lib : u_divt2.obj (.text)
                  00016c0c    00000004     ti.targets.arm.rtsarm.aem4f : Error.oem4f (.text:xdc_runtime_Error_getSite__E)
                  00016c10    00000040     sysbios.aem4f : BIOS.obj (.text:ti_sysbios_family_arm_lm4_Timer_startup__E)
                  00016c50    0000003e     driverlib.lib : adc.obj (.text:ADCSequenceConfigure)
                  00016c8e    0000003e     nettool_ipv4.aem4f : dhcpmain.oem4f (.text:DHCPClose)
                  00016ccc    0000003e     stk.aem4f : nimu.oem4f (.text:NIMUAllocateName)
                  00016d0a    0000003e     os.aem4f : task.oem4f (.text:TaskCreate)
                  00016d48    0000003e     stk.aem4f : tcpprot.oem4f (.text:TcpPrDisconnect)
                  00016d86    0000003e               : file.oem4f (.text:fdint_unlockfd)
                  00016dc4    0000003c     nettool_ipv4.aem4f : config.oem4f (.text:CfgEntryGetData)
                  00016e00    0000003c     driverlib.lib : emac.obj (.text:EMACIntDisable)
                  00016e3c    0000003c     stk.aem4f : node.oem4f (.text:NodeUpdatePL)
                  00016e78    0000003c               : rtable.oem4f (.text:RtWalkBegin)
                  00016eb4    0000003c               : tcpprot.oem4f (.text:TcpPrConnect)
                  00016ef0    0000003c               : tcptime.oem4f (.text:TcpSetPersist)
                  00016f2c    0000003c               : rtc.oem4f (.text:_RTCSendRtAdv)
                  00016f68    0000003c               : rtable.oem4f (.text:_RtNodeRemove)
                  00016fa4    0000003c     hal_timer_bios.aem4f : lltimer.oem4f (.text:_llTimerInit)
                  00016fe0    0000003c     sysbios.aem4f : BIOS.obj (.text:ti_sysbios_family_arm_m3_Hwi_excSvCall__I)
                  0001701c    00000004     RTOS_protegemed_pem4f.oem4f (.text:xdc_runtime_System_Module_GateProxy_enter__E)
                  00017020    0000003c     sysbios.aem4f : BIOS.obj (.text:ti_sysbios_heaps_HeapMem_init__I)
                  0001705c    00000004     RTOS_protegemed_pem4f.oem4f (.text:xdc_runtime_System_Module_GateProxy_leave__E)
                  00017060    0000003c     sysbios.aem4f : BIOS.obj (.text:ti_sysbios_knl_Swi_startup__E)
                  0001709c    00000004     ti.targets.arm.rtsarm.aem4f : System.oem4f (.text:xdc_runtime_System_aprintf_va__F)
                  000170a0    0000003c     sysbios.aem4f : BIOS.obj (.text:ti_sysbios_utils_Load_hwiEndHook__E)
                  000170dc    0000003a     driverlib.lib : emac.obj (.text:EMACIntEnable)
                  00017116    00000002     --HOLE-- [fill = 0]
                  00017118    00000038                   : emac.obj (.text:EMACConfigGet)
                  00017150    00000038     stk.aem4f : ipfrag.oem4f (.text:IPReasmTimeout)
                  00017188    00000038               : node.oem4f (.text:NodeGetRt)
                  000171c0    00000038     driverlib.lib : sysctl.obj (.text:SysCtlPeripheralReady)
                  000171f8    00000038     stk.aem4f : tcpprot.oem4f (.text:TcpClose)
                  00017230    00000038               : timer.oem4f (.text:TimerHSTick)
                  00017268    00000038     drivers_tivaware_instrumented.aem4f : UART.oem4f (.text:UART_init)
                  000172a0    00000038     nettool_ipv4.aem4f : dhcpbild.oem4f (.text:dhcpBuildDiscover)
                  000172d8    00000038                        : dhcptags.oem4f (.text:dhcpOptionsClear)
                  00017310    00000038     stk.aem4f : file.oem4f (.text:fdint_waitevent)
                  00017348    00000038     sysbios.aem4f : BIOS.obj (.text:ti_sysbios_family_arm_m3_Hwi_excNoIsr__I)
                  00017380    00000038     RTOS_protegemed_pem4f.oem4f (.text:ti_sysbios_knl_Clock_create)
                  000173b8    00000038     sysbios.aem4f : BIOS.obj (.text:ti_sysbios_knl_Task_processVitalTaskFlag__I)
                  000173f0    00000038     ti.targets.arm.rtsarm.aem4f : SysMin.oem4f (.text:xdc_runtime_SysMin_putch__E)
                  00017428    00000038                                 : System.oem4f (.text:xdc_runtime_System_atexit__E)
                  00017460    00000036     stk.aem4f : ip.oem4f (.text:IPChecksum)
                  00017496    00000036     drivers_tivaware_instrumented.aem4f : UARTTiva.oem4f (.text:UARTTiva_readCancel)
                  000174cc    00000034     nettool_ipv4.aem4f : config.oem4f (.text:CfgSetService)
                  00017500    00000034     driverlib.lib : emac.obj (.text:EMACConfigSet)
                  00017534    00000034                   : emac.obj (.text:EMACIntClear)
                  00017568    00000034     drivers_tivaware_instrumented.aem4f : EMACSnow.oem4f (.text:EMACSnow_emacPoll)
                  0001759c    00000034                                         : EMACSnow.oem4f (.text:EMACSnow_isLinkUp)
                  000175d0    00000034                                         : EMAC.oem4f (.text:EMAC_init)
                  00017604    00000034     stk.aem4f : exec.oem4f (.text:ExecClose)
                  00017638    00000034               : nimu.oem4f (.text:NIMUFindByName)
                  0001766c    00000034               : nimu.oem4f (.text:NIMUInit)
                  000176a0    00000034               : rawethsock.oem4f (.text:RawEthSockNotify)
                  000176d4    00000034               : sockprot.oem4f (.text:SockPrCtlError)
                  00017708    00000034     driverlib.lib : sysctl.obj (.text:SysCtlPeripheralEnable)
                  0001773c    00000034     os.aem4f : mem.oem4f (.text:mmUnInitPage)
                  00017770    00000034     sysbios.aem4f : BIOS.obj (.text:ti_sysbios_family_arm_m3_Hwi_excNmi__I)
                  000177a4    00000004     ti.targets.arm.rtsarm.aem4f : System.oem4f (.text:xdc_runtime_System_printf_va__F)
                  000177a8    00000034     sysbios.aem4f : BIOS.obj (.text:ti_sysbios_hal_Hwi_checkStack)
                  000177dc    00000034     RTOS_protegemed_pem4f.oem4f (.text:ti_sysbios_knl_Clock_construct)
                  00017810    00000034     RTOS_protegemed_pem4f.oem4f (.text:ti_sysbios_knl_Semaphore_create)
                  00017844    00000004     --HOLE-- [fill = 0]
                  00017848    00000034     sysbios.aem4f : BIOS.obj (.text:ti_sysbios_utils_Load_swiEndHook__E)
                  0001787c    00000034     ti.uia.loggers.aem4f : LoggerStopMode.oem4f (.text:ti_uia_loggers_LoggerStopMode_reset__E)
                  000178b0    00000034     ti.targets.arm.rtsarm.aem4f : Core-label.oem4f (.text:xdc_runtime_Core_assignLabel__I)
                  000178e4    00000033                                 : Text.oem4f (.text:xdc_runtime_Text_printVisFxn__I)
                  00017917    00000001     --HOLE-- [fill = 0]
                  00017918    00000032     nettool_ipv4.aem4f : config.oem4f (.text:CfgGetImmediate)
                  0001794a    00000032     stk.aem4f : route.oem4f (.text:RtDeRef)
                  0001797c    00000032               : route.oem4f (.text:RtSetFailure)
                  000179ae    00000032               : sb.oem4f (.text:SBFlush)
                  000179e0    00000032               : sb.oem4f (.text:SBSetMax)
                  00017a12    00000032               : sock.oem4f (.text:SockIntAbort)
                  00017a44    00000032     nettool_ipv4.aem4f : config.oem4f (.text:_CfgAcquire)
                  00017a76    00000032                        : dhcpsm.oem4f (.text:dhcpIPRemove)
                  00017aa8    00000032     sysbios.aem4f : BIOS.obj (.text:ti_sysbios_hal_Hwi_initStack)
                  00017ada    00000006     driverlib.lib : emac.obj (.text:EMACRxDMADescriptorListSet)
                  00017ae0    00000032     sysbios.aem4f : BIOS.obj (.text:ti_sysbios_knl_Semaphore_pendTimeout__I)
                  00017b12    00000030     driverlib.lib : emac.obj (.text:EMACAddrSet)
                  00017b42    00000002     --HOLE-- [fill = 0]
                  00017b44    00000030     netctrl_min_ipv4.aem4f : netsrv.oem4f (.text:NS_PreBoot)
                  00017b74    00000030     stk.aem4f : sock.oem4f (.text:SockBind)
                  00017ba4    00000030               : sock.oem4f (.text:SockGetName)
                  00017bd4    00000030     drivers_tivaware_instrumented.aem4f : UART.oem4f (.text:UART_open)
                  00017c04    00000030     nettool_ipv4.aem4f : dhcpsock.oem4f (.text:dhcpPacketSend)
                  00017c34    00000030     stk.aem4f : listlib.oem4f (.text:list_remove_node)
                  00017c64    00000030     RTOS_protegemed_pem4f.oem4f (.text:ti_sysbios_BIOS_atExitFunc__I)
                  00017c94    00000004     --HOLE-- [fill = 0]
                  00017c98    00000030     sysbios.aem4f : BIOS.obj (.text:ti_sysbios_family_arm_m3_TaskSupport_start__E)
                  00017cc8    00000030     RTOS_protegemed_pem4f.oem4f (.text:ti_sysbios_gates_GateHwi_Object__create__S)
                  00017cf8    00000030     RTOS_protegemed_pem4f.oem4f (.text:ti_sysbios_gates_GateMutex_Object__create__S)
                  00017d28    00000030     RTOS_protegemed_pem4f.oem4f (.text:ti_sysbios_heaps_HeapMem_Object__create__S)
                  00017d58    00000030     RTOS_protegemed_pem4f.oem4f (.text:ti_sysbios_knl_Semaphore_construct)
                  00017d88    00000030     RTOS_protegemed_pem4f.oem4f (.text:ti_uia_loggers_LoggerStopMode_Object__create__S)
                  00017db8    00000030     ti.targets.arm.rtsarm.aem4f : SysMin.oem4f (.text:xdc_runtime_SysMin_abort__E)
                  00017de8    00000030                                 : System.oem4f (.text:xdc_runtime_System_processAtExit__E)
                  00017e18    0000002e     stk.aem4f : sb.oem4f (.text:SBFree)
                  00017e46    0000002e     rtsv7M4_T_le_v4SPD16_eabi.lib : i_tofd_t2.obj (.text)
                  00017e74    0000002c     driverlib.lib : emac.obj (.text:EMACIntStatus)
                  00017ea0    0000002c     stk.aem4f : file.oem4f (.text:FdSignalEvent)
                  00017ecc    0000002c               : igmp.oem4f (.text:IGMPTestGroup)
                  00017ef8    0000002c     os.aem4f : task.oem4f (.text:NDK_hookCreate)
                  00017f24    0000002c     stk.aem4f : nimu.oem4f (.text:NIMUAllocateIndex)
                  00017f50    0000002c               : nimu.oem4f (.text:NIMUPacketServiceCheck)
                  00017f7c    0000002c               : pipe.oem4f (.text:PipeClose)
                  00017fa8    0000002c               : sockpcb.oem4f (.text:SockPcbAttach)
                  00017fd4    0000002c               : lli.oem4f (.text:_LLIExpListRemove)
                  00018000    0000002c               : lli.oem4f (.text:_LLITimeoutFlush)
                  0001802c    0000002c               : rtable.oem4f (.text:_RtExpListRemove)
                  00018058    0000002c     RTOS_protegemed_pem4f.oem4f (.text:ti_sysbios_knl_Clock_doTick__I)
                  00018084    0000002c     RTOS_protegemed_pem4f.oem4f (.text:ti_sysbios_knl_Queue_construct)
                  000180b0    0000002c     sysbios.aem4f : BIOS.obj (.text:ti_sysbios_knl_Task_restore__E)
                  000180dc    0000002c     driverlib.lib : udma.obj (.text:uDMAChannelAssign)
                  00018108    0000002c     ti.targets.arm.rtsarm.aem4f : Text.oem4f (.text:xdc_runtime_Text_cordText__E)
                  00018134    0000002a     driverlib.lib : gpio.obj (.text:GPIODirModeSet)
                  0001815e    0000002a     stk.aem4f : pbm.oem4f (.text:PBMQ_deq)
                  00018188    0000002a     netctrl_min_ipv4.aem4f : netsrv.oem4f (.text:ServiceCallback)
                  000181b2    0000002a     nettool_ipv4.aem4f : config.oem4f (.text:_CfgRelease)
                  000181dc    0000002a     ti.targets.arm.rtsarm.aem4f : System.oem4f (.text:xdc_runtime_System_putchar__I)
                  00018206    00000002     --HOLE-- [fill = 0]
                  00018208    00000028     stk.aem4f : bind.oem4f (.text:BindFindByNet)
                  00018230    00000028     EK_TM4C1294XL.obj (.text:EK_TM4C1294XL_initUART)
                  00018258    00000028     stk.aem4f : lli.oem4f (.text:LLIFree)
                  00018280    00000028     netctrl_min_ipv4.aem4f : netctrl.oem4f (.text:NC_SystemClose)
                  000182a8    00000028     stk.aem4f : nimu.oem4f (.text:NIMUCreatePacket)
                  000182d0    00000028               : nimu.oem4f (.text:NIMUPacketService)
                  000182f8    00000028               : tcpin.oem4f (.text:TcpEnterTimeWait)
                  00018320    00000028               : timer.oem4f (.text:TimerListRemove)
                  00018348    00000028               : vlan.oem4f (.text:VLANFindSourceInterface)
                  00018370    00000028               : vlan.oem4f (.text:VLANInit)
                  00018398    00000028     nettool_ipv4.aem4f : dhcpsock.oem4f (.text:dhcpPacketReceive)
                  000183c0    00000028     rtsv7M4_T_le_v4SPD16_eabi.lib : e_sqrtf.obj (.text)
                  000183e8    00000028     drivers_tivaware_instrumented.aem4f : EMACSnow.oem4f (.text:signalLinkChange)
                  00018410    00000028     RTOS_protegemed_pem4f.oem4f (.text:ti_sysbios_BIOS_startFunc__I)
                  00018438    00000028     driverlib.lib : udma.obj (.text:uDMAChannelModeGet)
                  00018460    00000026     nettool_ipv4.aem4f : config.oem4f (.text:CfgEntryInfo)
                  00018486    00000026     driverlib.lib : emac.obj (.text:EMACPHYRead)
                  000184ac    00000026                   : emac.obj (.text:EMACPHYWrite)
                  000184d2    00000026     stk.aem4f : rawethsock.oem4f (.text:RawEthSockClose)
                  000184f8    00000026     RTOS_protegemed_pem4f.oem4f (.text:ti_ndk_config_udp_init)
                  0001851e    00000026     sysbios.aem4f : m3_Hwi_asm.obj (.text:ti_sysbios_family_arm_m3_Hwi_pendSV__I)
                  00018544    00000026     ti.targets.arm.rtsarm.aem4f : System.oem4f (.text:xdc_runtime_System_avprintf__E)
                  0001856a    00000002     --HOLE-- [fill = 0]
                  0001856c    00000024     stk.aem4f : bind.oem4f (.text:BindFindByHost)
                  00018590    00000024               : bind.oem4f (.text:BindGetIFByDBCast)
                  000185b4    00000024     drivers_tivaware_instrumented.aem4f : EMACSnow.oem4f (.text:EMACSnow_primeRx)
                  000185d8    00000024     stk.aem4f : exec.oem4f (.text:ExecTimer)
                  000185fc    00000024               : nimu.oem4f (.text:NIMUFindByIndex)
                  00018620    00000024               : rtc.oem4f (.text:RTCAddHook)
                  00018644    00000024               : rawethsock_pcb.oem4f (.text:RawEthSockPcbFind)
                  00018668    00000024               : route.oem4f (.text:RtFree)
                  0001868c    00000024               : route.oem4f (.text:RtSetTimeout)
                  000186b0    00000024               : sockpcb.oem4f (.text:SockPcbCleanup)
                  000186d4    00000024               : tcpprot.oem4f (.text:TcpPrListen)
                  000186f8    00000024               : tcptime.oem4f (.text:TcpTimeoutWait2)
                  0001871c    00000024     nettool_ipv4.aem4f : config.oem4f (.text:_CfgEntryProcess)
                  00018740    00000024     RTOS_protegemed_pem4f.oem4f (.text:ti_sysbios_BIOS_registerRTSLock__I)
                  00018764    00000024     RTOS_protegemed_pem4f.oem4f (.text:ti_sysbios_BIOS_removeRTSLock__I)
                  00018788    00000024     sysbios.aem4f : BIOS.obj (.text:ti_sysbios_family_arm_m3_Hwi_doTaskRestore__I)
                  000187ac    00000024     RTOS_protegemed_pem4f.oem4f (.text:ti_sysbios_gates_GateMutex_Object__delete__S)
                  000187d0    00000024     sysbios.aem4f : BIOS.obj (.text:ti_sysbios_knl_Clock_Module_startup__E)
                  000187f4    00000024     RTOS_protegemed_pem4f.oem4f (.text:ti_sysbios_knl_Semaphore_Object__delete__S)
                  00018818    00000024     driverlib.lib : udma.obj (.text:uDMAChannelControlSet)
                  0001883c    00000024     ti.targets.arm.rtsarm.aem4f : System.oem4f (.text:xdc_runtime_System_vprintf__E)
                  00018860    00000022     nettool_ipv4.aem4f : config.oem4f (.text:CfgEntryRef)
                  00018882    00000022     stk.aem4f : vlan.oem4f (.text:VLANFindNode)
                  000188a4    00000022     main_protegemed.obj (.text:main)
                  000188c6    00000002     --HOLE-- [fill = 0]
                  000188c8    00000022     sysbios.aem4f : BIOS.obj (.text:ti_sysbios_family_arm_lm4_Timer_write__I)
                  000188ea    00000022     RTOS_protegemed_pem4f.oem4f (.text:xdc_runtime_SysMin_output__I)
                  0001890c    00000020     netctrl_min_ipv4.aem4f : netctrl.oem4f (.text:NC_BootComplete)
                  0001892c    00000020     stk.aem4f : nimu.oem4f (.text:NIMUGetNumOfObject)
                  0001894c    00000020               : rtc.oem4f (.text:RTCRemoveHook)
                  0001896c    00000020               : tcp.oem4f (.text:TcpTimeoutRemove)
                  0001898c    00000020     Boot.aem4f : Boot_sysctl.oem4f (.text:_SysCtlMemTimingGet)
                  000189ac    00000020     RTOS_protegemed_pem4f.oem4f (.text:ti_sysbios_BIOS_rtsLock__I)
                  000189cc    00000020     RTOS_protegemed_pem4f.oem4f (.text:ti_sysbios_family_arm_m3_Hwi_Object__delete__S)
                  000189ec    00000020     sysbios.aem4f : m3_Hwi_asm.obj (.text:ti_sysbios_family_arm_m3_Hwi_excHandlerAsm__I)
                  00018a0c    00000004     --HOLE-- [fill = 0]
                  00018a10    00000020                   : BIOS.obj (.text:ti_sysbios_family_arm_m3_Hwi_excHandler__I)
                  00018a30    00000020     RTOS_protegemed_pem4f.oem4f (.text:ti_sysbios_gates_GateHwi_Object__delete__S)
                  00018a50    00000020     RTOS_protegemed_pem4f.oem4f (.text:ti_sysbios_heaps_HeapMem_Object__delete__S)
                  00018a70    00000020     RTOS_protegemed_pem4f.oem4f (.text:ti_sysbios_knl_Clock_Object__destruct__S)
                  00018a90    00000020     sysbios.aem4f : BIOS.obj (.text:ti_sysbios_knl_Idle_run__E)
                  00018ab0    00000020     RTOS_protegemed_pem4f.oem4f (.text:ti_sysbios_knl_Semaphore_Object__destruct__S)
                  00018ad0    00000020     RTOS_protegemed_pem4f.oem4f (.text:ti_sysbios_knl_Swi_Object__delete__S)
                  00018af0    00000020     RTOS_protegemed_pem4f.oem4f (.text:ti_sysbios_knl_Task_Object__delete__S)
                  00018b10    00000020     RTOS_protegemed_pem4f.oem4f (.text:ti_uia_loggers_LoggerStopMode_Object__delete__S)
                  00018b30    00000020     ti.targets.arm.rtsarm.aem4f : Registry.oem4f (.text:xdc_runtime_Registry_findById__E)
                  00018b50    00000020                                 : SysMin.oem4f (.text:xdc_runtime_SysMin_Module_startup__E)
                  00018b70    0000001e     stk.aem4f : listlib.oem4f (.text:list_remove)
                  00018b8e    0000001e     RTOS_protegemed_pem4f.oem4f (.text:ti_sysbios_BIOS_errorRaiseHook__I)
                  00018bac    0000001e     sysbios.aem4f : m3_Hwi_asm_switch.obj (.text:ti_sysbios_family_xxx_Hwi_switchAndRunFunc)
                  00018bca    00000002     --HOLE-- [fill = 0]
                  00018bcc    0000001c     stk.aem4f : bind.oem4f (.text:BindFindByIF)
                  00018be8    0000001c               : exec.oem4f (.text:ExecBroadcast)
                  00018c04    0000001c     os.aem4f : ossys.oem4f (.text:NDK_sprintf)
                  00018c20    0000001c     stk.aem4f : nimu.oem4f (.text:NIMUAddHeader)
                  00018c3c    0000001c               : sockprot.oem4f (.text:SockPrDetach)
                  00018c58    0000001c     os.aem4f : task.oem4f (.text:TaskDestroy)
                  00018c74    0000001c     driverlib.lib : uart.obj (.text:UARTDisable)
                  00018c90    0000001c                   : sysctl.obj (.text:_SysCtlMemTimingGet)
                  00018cac    0000001c     drivers_tivaware_instrumented.aem4f : GPIOTiva.oem4f (.text:getGpioIntIndex)
                  00018cc8    0000001c     rtsv7M4_T_le_v4SPD16_eabi.lib : memccpy.obj (.text)
                  00018ce4    0000001c     RTOS_protegemed_pem4f.oem4f (.text:ti_ndk_config_global_taskCreateHook)
                  00018d00    0000001c     RTOS_protegemed_pem4f.oem4f (.text:ti_sysbios_family_arm_m3_Hwi_Object__destruct__S)
                  00018d1c    00000004     --HOLE-- [fill = 0]
                  00018d20    0000001c     sysbios.aem4f : BIOS.obj (.text:ti_sysbios_gates_GateMutex_Instance_init__E)
                  00018d3c    0000001c     RTOS_protegemed_pem4f.oem4f (.text:ti_sysbios_knl_Queue_Object__destruct__S)
                  00018d58    0000001c     sysbios.aem4f : BIOS.obj (.text:ti_sysbios_knl_Task_enter__I)
                  00018d74    0000001c     ti.uia.loggers.aem4f : LoggerStopMode.oem4f (.text:ti_uia_loggers_LoggerStopMode_Instance_init__E)
                  00018d90    0000001c     ti.targets.arm.rtsarm.aem4f : Error.oem4f (.text:xdc_runtime_Error_raiseX__E)
                  00018dac    0000001c                                 : Memory.oem4f (.text:xdc_runtime_Memory_valloc__E)
                  00018dc8    0000001c                                 : SysMin.oem4f (.text:xdc_runtime_SysMin_exit__E)
                  00018de4    0000001c                                 : System.oem4f (.text:xdc_runtime_System_abort__E)
                  00018e00    0000001a     stk.aem4f : bind.oem4f (.text:BindGetIP)
                  00018e1a    0000001a               : sockint.oem4f (.text:SockSetOOBMark)
                  00018e34    0000001a               : file.oem4f (.text:fdint_getfdt)
                  00018e4e    0000001a     RTOS_protegemed_pem4f.oem4f (.text:ti_sysbios_family_arm_m3_Hwi_Handle__label__S)
                  00018e68    0000001a     RTOS_protegemed_pem4f.oem4f (.text:ti_sysbios_gates_GateHwi_Handle__label__S)
                  00018e82    0000001a     RTOS_protegemed_pem4f.oem4f (.text:ti_sysbios_gates_GateMutex_Handle__label__S)
                  00018e9c    0000001a     RTOS_protegemed_pem4f.oem4f (.text:ti_sysbios_heaps_HeapMem_Handle__label__S)
                  00018eb6    0000001a     RTOS_protegemed_pem4f.oem4f (.text:ti_sysbios_knl_Swi_Handle__label__S)
                  00018ed0    0000001a     RTOS_protegemed_pem4f.oem4f (.text:ti_sysbios_knl_Task_Handle__label__S)
                  00018eea    00000006     driverlib.lib : emac.obj (.text:EMACTxDMADescriptorListSet)
                  00018ef0    0000001a     sysbios.aem4f : BIOS.obj (.text:ti_sysbios_knl_Task_sleepTimeout__I)
                  00018f0a    0000001a     RTOS_protegemed_pem4f.oem4f (.text:ti_uia_loggers_LoggerStopMode_Handle__label__S)
                  00018f24    0000001a     RTOS_protegemed_pem4f.oem4f (.text:xdc_runtime_System_aprintf__E)
                  00018f3e    0000001a     RTOS_protegemed_pem4f.oem4f (.text:xdc_runtime_System_printf__E)
                  00018f58    00000018     driverlib.lib : adc.obj (.text:ADCClockConfigSet)
                  00018f70    00000018     stk.aem4f : ip.oem4f (.text:IPRtChange)
                  00018f88    00000018               : rawethsock_pcb.oem4f (.text:RawEthSockPcbCleanup)
                  00018fa0    00000018     nettool_ipv4.aem4f : ipaddr.oem4f (.text:RouteHook)
                  00018fb8    00000018     stk.aem4f : tcpin.oem4f (.text:SEQ_GEQ)
                  00018fd0    00000018               : tcpout.oem4f (.text:SEQ_GEQ)
                  00018fe8    00000018               : tcpin.oem4f (.text:SEQ_GT)
                  00019000    00000018               : tcpout.oem4f (.text:SEQ_GT)
                  00019018    00000018               : tcpin.oem4f (.text:SEQ_LEQ)
                  00019030    00000018               : tcpout.oem4f (.text:SEQ_LEQ)
                  00019048    00000018               : tcpin.oem4f (.text:SEQ_LT)
                  00019060    00000018               : tcpout.oem4f (.text:SEQ_LT)
                  00019078    00000018               : tcp.oem4f (.text:TcpTimeoutAdd)
                  00019090    00000018     drivers_tivaware_instrumented.aem4f : UART.oem4f (.text:UART_Params_init)
                  000190a8    00000018     nettool_ipv4.aem4f : dhcpsock.oem4f (.text:dhcpSocketClose)
                  000190c0    00000018     stk.aem4f : listlib.oem4f (.text:list_add)
                  000190d8    00000018     rtsv7M4_T_le_v4SPD16_eabi.lib : args_main.obj (.text)
                  000190f0    00000018                                   : strcmp.obj (.text)
                  00019108    00000018     RTOS_protegemed_pem4f.oem4f (.text:ti_sysbios_BIOS_rtsUnlock__I)
                  00019120    00000018     RTOS_protegemed_pem4f.oem4f (.text:ti_sysbios_family_arm_lm4_Timer_Module__startupDone__F)
                  00019138    00000018     RTOS_protegemed_pem4f.oem4f (.text:ti_sysbios_family_arm_m3_Hwi_Module__startupDone__F)
                  00019150    00000018     sysbios.aem4f : m3_TaskSupport_asm.obj (.text:ti_sysbios_family_arm_m3_TaskSupport_swap__E)
                  00019168    00000018                   : BIOS.obj (.text:ti_sysbios_gates_GateMutex_leave__E)
                  00019180    00000018     driverlib.lib : udma.obj (.text:uDMAChannelEnable)
                  00019198    00000018     ti.targets.arm.rtsarm.aem4f : Error.oem4f (.text:xdc_runtime_Error_check__E)
                  000191b0    00000018                                 : System.oem4f (.text:xdc_runtime_System_exit__E)
                  000191c8    00000018                                 : Text.oem4f (.text:xdc_runtime_Text_ropeText__E)
                  000191e0    00000016     driverlib.lib : emac.obj (.text:EMACReset)
                  000191f6    00000016                   : emac.obj (.text:EMACRxEnable)
                  0001920c    00000016                   : emac.obj (.text:EMACTxEnable)
                  00019222    00000016     stk.aem4f : file.oem4f (.text:fdint_freefdt)
                  00019238    00000016     rtsv7M4_T_le_v4SPD16_eabi.lib : strchr.obj (.text)
                  0001924e    00000016     RTOS_protegemed_pem4f.oem4f (.text:ti_sysbios_BIOS_exitFunc__I)
                  00019264    00000016     ti.uia.loggers.aem4f : LoggerStopMode.oem4f (.text:ti_uia_loggers_LoggerStopMode_disable__E)
                  0001927a    00000016                          : LoggerStopMode.oem4f (.text:ti_uia_loggers_LoggerStopMode_enable__E)
                  00019290    00000016     ti.targets.arm.rtsarm.aem4f : System.oem4f (.text:xdc_runtime_System_vsprintf__E)
                  000192a6    00000014     stk.aem4f : bind.oem4f (.text:BindIPHost2IF)
                  000192ba    00000002     --HOLE-- [fill = 0]
                  000192bc    00000014     driverlib.lib : flash.obj (.text:FlashUserGet)
                  000192d0    00000014     main_protegemed.obj (.text:HeartBeat_Idle)
                  000192e4    00000014     netctrl_min_ipv4.aem4f : netctrl.oem4f (.text:NC_NetStop)
                  000192f8    00000014     os.aem4f : task.oem4f (.text:NDK_hookExit)
                  0001930c    00000014     stk.aem4f : nimu.oem4f (.text:NIMUSendPacket)
                  00019320    00000014     nettool_ipv4.aem4f : ipaddr.oem4f (.text:NtRemoveNetwork)
                  00019334    00000014     stk.aem4f : rawethsock_pcb.oem4f (.text:RawEthSockPcbInit)
                  00019348    00000014     driverlib.lib : systick.obj (.text:SysTickDisable)
                  0001935c    00000014                   : systick.obj (.text:SysTickIntDisable)
                  00019370    00000014     stk.aem4f : timer.oem4f (.text:TimerFree)
                  00019384    00000014     driverlib.lib : uart.obj (.text:UARTEnable)
                  00019398    00000014     rtsv7M4_T_le_v4SPD16_eabi.lib : _lock.obj (.text)
                  000193ac    00000014                                   : s_copysign.obj (.text)
                  000193c0    00000014                                   : strcpy.obj (.text)
                  000193d4    00000014                                   : strlen.obj (.text)
                  000193e8    00000014     RTOS_protegemed_pem4f.oem4f (.text:ti_ndk_config_global_taskExitHook)
                  000193fc    00000014     RTOS_protegemed_pem4f.oem4f (.text:ti_sysbios_family_arm_m3_Hwi_Object__get__S)
                  00019410    00000014     sysbios.aem4f : BIOS.obj (.text:ti_sysbios_family_arm_m3_Hwi_switchFromBootStack__E)
                  00019424    00000014     RTOS_protegemed_pem4f.oem4f (.text:ti_sysbios_heaps_HeapMem_Object__get__S)
                  00019438    00000014     RTOS_protegemed_pem4f.oem4f (.text:ti_sysbios_knl_Swi_Object__get__S)
[...]
0001cd18  xdc_runtime_Assert_E_assertFailed__C                                 
0001cd1c  xdc_runtime_Core_A_initializedParams__C                              
0001cd20  xdc_runtime_Core_Module__diagsEnabled__C                             
0001cd24  xdc_runtime_Core_Module__diagsIncluded__C                            
0001cd28  xdc_runtime_Core_Module__diagsMask__C                                
0001cd2c  xdc_runtime_Error_E_memory__C                                        
0001cd30  xdc_runtime_Error_Module__diagsEnabled__C                            
0001cd34  xdc_runtime_Error_Module__diagsIncluded__C                           
0001cd38  xdc_runtime_Error_Module__diagsMask__C                               
0001cd3c  xdc_runtime_Error_Module__loggerFxn8__C                              
0001cd40  xdc_runtime_Error_Module__loggerObj__C                               
0001cd44  xdc_runtime_Error_policyFxn__C                                       
0001cd48  xdc_runtime_Error_raiseHook__C                                       
0001cd4c  xdc_runtime_IFilterLogger_Interface__BASE__C                         
0001cd50  xdc_runtime_IGateProvider_Interface__BASE__C                         
0001cd54  xdc_runtime_IHeap_Interface__BASE__C                                 
0001cd58  xdc_runtime_ILogger_Interface__BASE__C                               
0001cd5c  xdc_runtime_IModule_Interface__BASE__C                               
0001cd60  xdc_runtime_Log_L_error__C                                           
0001cd64  xdc_runtime_Log_L_warning__C                                         
0001cd68  xdc_runtime_Main_Module__diagsEnabled__C                             
0001cd6c  xdc_runtime_Main_Module__diagsIncluded__C                            
0001cd70  xdc_runtime_Main_Module__diagsMask__C                                
0001cd74  xdc_runtime_Main_Module__loggerFxn1__C                               
0001cd78  xdc_runtime_Main_Module__loggerFxn2__C                               
0001cd7c  xdc_runtime_Main_Module__loggerFxn4__C                               
0001cd80  xdc_runtime_Main_Module__loggerObj__C                                
0001cd84  xdc_runtime_Memory_defaultHeapInstance__C                            
0001cd88  xdc_runtime_Startup_execImpl__C                                      
0001cd8c  xdc_runtime_Startup_lastFxns__A                                      
0001cd90  xdc_runtime_Startup_maxPasses__C                                     
0001cd94  xdc_runtime_Startup_sfxnRts__C                                       
0001cd98  xdc_runtime_Startup_sfxnTab__C                                       
0001cd9c  xdc_runtime_SysMin_bufSize__C                                        
0001cda0  xdc_runtime_SysMin_outputFunc__C                                     
0001cda4  xdc_runtime_System_Module__gateObj__C                                
0001cda8  xdc_runtime_System_abortFxn__C                                       
0001cdac  xdc_runtime_System_exitFxn__C                                        
0001cdb0  xdc_runtime_System_extendFxn__C                                      
0001cdb4  xdc_runtime_System_maxAtexitHandlers__C                              
0001cdb8  xdc_runtime_Text_charTab__C                                          
0001cdbc  xdc_runtime_Text_nameEmpty__C                                        
0001cdc0  xdc_runtime_Text_nameStatic__C                                       
0001cdc4  xdc_runtime_Text_nameUnknown__C                                      
0001cdc8  xdc_runtime_Text_nodeTab__C                                          
0001cdcc  xdc_runtime_Text_visitRopeFxn__C                                     
0001cdd0  ti_sysbios_gates_GateMutex_Module__id__C                             
0001cdd2  ti_sysbios_hal_Hwi_Module__id__C                                     
0001cdd4  ti_sysbios_heaps_HeapMem_Module__id__C                               
0001cdd6  ti_sysbios_knl_Clock_Module__id__C                                   
0001cdd8  ti_sysbios_knl_Clock_Module__loggerDefined__C                        
0001cdda  ti_sysbios_knl_Semaphore_Module__id__C                               
0001cddc  ti_sysbios_knl_Semaphore_Module__loggerDefined__C                    
0001cdde  ti_sysbios_knl_Swi_Module__id__C                                     
0001cde0  ti_sysbios_knl_Swi_Module__loggerDefined__C                          
0001cde2  ti_sysbios_knl_Task_Module__id__C                                    
0001cde4  ti_sysbios_knl_Task_Module__loggerDefined__C                         
0001cde6  ti_sysbios_utils_Load_Module__id__C                                  
0001cde8  ti_sysbios_utils_Load_Module__loggerDefined__C                       
0001cdea  ti_sysbios_utils_Load_autoAddTasks__C                                
0001cdec  ti_sysbios_utils_Load_updateInIdle__C                                
0001cdee  ti_uia_loggers_LoggerStopMode_Module__id__C                          
0001cdf0  ti_uia_loggers_LoggerStopMode_isTimestampEnabled__C                  
0001cdf2  xdc_runtime_Core_Module__id__C                                       
0001cdf4  xdc_runtime_Error_Module__loggerDefined__C                           
0001cdf6  xdc_runtime_Error_maxDepth__C                                        
0001cdf8  xdc_runtime_Main_Module__id__C                                       
0001cdfa  xdc_runtime_Main_Module__loggerDefined__C                            
0001cdfc  xdc_runtime_Memory_Module__id__C                                     
0001cdfe  xdc_runtime_SysMin_flushAtExit__C                                    
0001ce00  xdc_runtime_Text_charCnt__C                                          
0001ce02  xdc_runtime_Text_isLoaded__C                                         
0001ce04  xdc_runtime_Text_registryModsLastId__C                               
0001ce06  xdc_runtime_Text_unnamedModsLastId__C                                
0001ce08  __TI_static_base__                                                   
0001d2f8  __TI_Handler_Table_Base                                              
0001d304  __TI_Handler_Table_Limit                                             
0001d318  __TI_CINIT_Base                                                      
0001d330  __TI_CINIT_Limit                                                     
20000000  ti_sysbios_family_arm_m3_Hwi_ramVectors                              
20000400  gpioCallbackFunctions                                                
20000400  ti_sysbios_heaps_HeapMem_Instance_State_0_buf__A                     
20005400  ti_ndk_config_Global_pit                                             
200054a8  ti_ndk_config_Global_pitBuffer                                       
20009ca8  _ICMPIn                                                              
20009cf4  PBMQ_free                                                            
20009d00  ti_ndk_config_Global_pBufMem                                         
2000d900  ti_ndk_config_Global_pHdrMem                                         
2000dbf8  ti_sysbios_knl_Task_Instance_State_0_stack__A                        
2000ddf8  ti_sysbios_knl_Task_Instance_State_1_stack__A                        
2000e1f8  ti_sysbios_knl_Task_Instance_State_2_stack__A                        
2000e3f8  ti_sysbios_knl_Task_Instance_State_3_stack__A                        
2000e7f8  ti_sysbios_knl_Task_Instance_State_4_stack__A                        
2000edf8  ti_sysbios_knl_Task_Instance_State_5_stack__A                        
2000f000  ti_uia_loggers_LoggerStopMode_Instance_State_2_packetArray__A        
20010400  udmaCtrlTable                                                        
20011400  Panel_Voltages                                                       
20012010  Outlet_1                                                             
20012a30  Outlet_2                                                             
20013450  Outlet_3                                                             
20013e70  Outlet_4                                                             
20014890  Outlet_5                                                             
200152b0  Outlet_6                                                             
20015cd0  data_array1                                                          
200164d0  data_array2                                                          
20016cd0  data_array3                                                          
200174d0  data_array4                                                          
20017cd0  vlan_mcb                                                             
20017cf8  emacObjects                                                          
20017d00  ti_uia_loggers_LoggerStopMode_Instance_State_0_packetArray__A        
20018500  ti_uia_loggers_LoggerStopMode_Instance_State_1_packetArray__A        
20018900  wave1                                                                
20018d00  wave2                                                                
20019100  wave3                                                                
20019500  ti_sysbios_family_arm_m3_Hwi_dispatchTable                           
20019860  __CIOBUF_                                                            
20019a80  uartTivaObjects                                                      
20019b4c  tcps                                                                 
20019e68  xdc_runtime_SysMin_Module_State_0_outbuf__A                          
20019ee8  ips                                                                  
20019f50  nimu_mcb                                                             
20019fb4  _ICMPOut                                                             
2001a064  BlockCount                                                           
2001a080  ti_uia_loggers_LoggerStopMode_Instance_State_0_hdr__A                
2001a0b0  udps                                                                 
2001a0d4  uartTivaRingBuffer                                                   
2001a0f4  tpseudo                                                              
2001a100  ti_uia_loggers_LoggerStopMode_Instance_State_1_hdr__A                
2001a130  BlockMax                                                             
2001a14c  PageCount                                                            
2001a168  stkEvent                                                             
2001a180  ti_uia_loggers_LoggerStopMode_Instance_State_2_hdr__A                
2001a1b0  PageMax                                                              
2001a1f0  raweths                                                              
2001a200  raws                                                                 
2001a210  upseudo                                                              
2001a21c  ti_sysbios_knl_Task_Instance_State_0_hookEnv__A                      
2001a224  ti_sysbios_knl_Task_Instance_State_1_hookEnv__A                      
2001a22c  ti_sysbios_knl_Task_Instance_State_2_hookEnv__A                      
2001a234  ti_sysbios_knl_Task_Instance_State_3_hookEnv__A                      
2001a23c  ti_sysbios_knl_Task_Instance_State_4_hookEnv__A                      
2001a244  ti_sysbios_knl_Task_Instance_State_5_hookEnv__A                      
2001a26c  _IGMPInDiscard                                                       
2001a270  _IGMPInQuery                                                         
2001a274  _IGMPInQueryGroup                                                    
2001a278  _IGMPInResponse                                                      
2001a27c  _IGMPOutResponse                                                     
2001a280  g_ulStatus                                                           
2001a294  raweth_pcb                                                           
2001a298  ti_sysbios_family_arm_m3_Hwi_Instance_State_0_hookEnv__A             
2001a29c  ti_sysbios_family_arm_m3_Hwi_Instance_State_1_hookEnv__A             
2001a2a0  ti_sysbios_family_arm_m3_Hwi_Instance_State_2_hookEnv__A             
2001a2a4  ti_sysbios_family_arm_m3_Hwi_Instance_State_3_hookEnv__A             
2001a2a8  ti_sysbios_knl_Swi_Instance_State_0_hookEnv__A                       
2001a2ac  ti_sysbios_knl_Task_Object__table__V                                 
2001a48c  _ipcfg                                                               
2001a540  ti_sysbios_utils_Load_Module_State_0_taskEnv__A                      
2001a5e8  ti_uia_loggers_LoggerStopMode_Object__table__V                       
2001a684  ti_sysbios_utils_Load_Module__state__V                               
2001a71c  ti_sysbios_knl_Semaphore_Object__table__V                            
2001a7a8  ti_sysbios_family_arm_lm4_Timer_Object__table__V                     
2001a828  ti_sysbios_knl_Swi_Module_State_0_readyQ__A                          
2001a8a8  ti_sysbios_knl_Task_Module_State_0_readyQ__A                         
2001a928  ti_sysbios_family_arm_m3_Hwi_Object__table__V                        
2001a9d6  ti_sysbios_family_arm_m3_Hwi_Module_State_0_excActive__A             
2001a9d8  ti_sysbios_knl_Task_Module__state__V                                 
2001aa9c  ti_sysbios_family_arm_lm4_Timer_Module_State_0_device__A             
2001aadc  ti_sysbios_gates_GateMutex_Object__table__V                          
2001ab48  ti_sysbios_family_arm_m3_Hwi_Module__state__V                        
2001ab7c  enablePrefetch                                                       
2001ab80  phyCounter                                                           
2001abae  xdc_runtime_Error_Module__state__V                                   
2001abe0  ti_sysbios_knl_Swi_Object__table__V                                  
2001ac10  ti_sysbios_knl_Clock_Module__state__V                                
2001ac3c  pstrMsgName                                                          
2001ac64  _oscfg                                                               
2001ac88  PITCount                                                             
2001ac8c  PITUsed                                                              
2001ac90  PITHigh                                                              
2001acac  ti_sysbios_BIOS_Module__state__V                                     
2001acd0  ti_sysbios_family_arm_lm4_Timer_Module_State_0_handles__A            
2001ad0c  ti_ndk_config_Global_Id2Size                                         
2001ad28  ti_sysbios_knl_Swi_Module__state__V                                  
2001ad44  ti_ndk_config_Global_HostName                                        
2001ad48  LocalIPAddr                                                          
2001ad4c  LocalIPMask                                                          
2001ad50  GatewayIP                                                            
2001ad54  DomainName                                                           
2001ad58  __xdc__init__addr                                                    
2001ad5c  gpioPinConfigs                                                       
2001ada4  ti_sysbios_heaps_HeapMem_Object__table__V                            
2001add8  _IGMPForceVersion1                                                   
2001ade0  __TI_cleanup_ptr                                                     
2001ade4  __TI_dtors_ptr                                                       
2001ade8  __TI_enable_exit_profile_output                                      
2001adec  uDMATransferCount                                                    
2001adf0  uDMATransferCount2                                                   
2001adf4  rfid                                                                 
2001adf8  ti_sysbios_family_arm_lm4_Timer_Module__state__V                     
2001ae04  ti_sysbios_knl_Task_Module__root__V                                  
2001ae10  ti_uia_runtime_QueueDescriptor_Module__state__V                      
2001ae1c  xdc_runtime_SysMin_Module__state__V                                  
2001ae34  _lock                                                                
2001ae38  _unlock                                                              
2001ae3c  NIMUDeviceTable                                                      
2001ae54  _ICMPInErrors                                                        
2001ae58  _ICMPOutErrors                                                       
2001ae5c  _IPExecuting                                                         
2001ae74  tcp_iss                                                              
2001ae78  ptTimeFirst                                                          
2001ae84  ti_uia_runtime_QueueDescriptor_gPtrToFirstDescriptor                 
2001ae88  ti_uia_runtime_QueueDescriptor_gUpdateCount                          
2001ae8c  ti_sysbios_family_arm_lm4_TimestampProvider_Module__state__V         
2001ae94  ti_sysbios_family_arm_m3_Hwi_Module__root__V                         
2001ae9c  ti_sysbios_gates_GateHwi_Module__root__V                             
2001aea4  ti_sysbios_gates_GateMutex_Module__root__V                           
2001aeac  ti_sysbios_heaps_HeapMem_Module__root__V                             
2001aeb4  ti_sysbios_knl_Clock_Module__root__V                                 
2001aebc  ti_sysbios_knl_Queue_Module__root__V                                 
2001aec4  ti_sysbios_knl_Semaphore_Module__root__V                             
2001aecc  ti_sysbios_knl_Swi_Module__root__V                                   
2001aed4  ti_uia_loggers_LoggerStopMode_Module__root__V                        
2001aedc  xdc_runtime_Registry_Module__state__V                                
2001aee4  xdc_runtime_Startup_Module__state__V                                 
2001aeec  xdc_runtime_System_Module_State_0_atexitHandlers__A                  
2001aef4  xdc_runtime_System_Module__state__V                                  
2001aefc  macAddress                                                           
2001af0e  xdc_runtime_Main_Module__root__V                                     
2001af20  errno                                                                
2001af24  main_func_sp                                                         
2001af2c  _IPReasmPtr                                                          
2001af3c  ti_sysbios_family_arm_m3_Hwi_Module_State_0_excContext__A            
2001af40  ti_sysbios_family_arm_m3_Hwi_Module_State_0_excStack__A              
2001af44  ti_sysbios_gates_GateHwi_Object__table__V                            
2001af48  ti_sysbios_knl_Task_Module_State_0_idleTask__A                       
2001af4c  ti_sysbios_utils_Load_Module_State_0_runningTask__A                  
2001af50  ti_sysbios_utils_Load_Module_State_0_taskStartTime__A                
2001af54  xdc_runtime_Memory_Module__state__V                                  
2001af58  __stack                                                              
2001b258  __STACK_END                                                          
e000e000  ti_sysbios_family_arm_m3_Hwi_nvic                                    
ffffffff  __TI_pprof_out_hndl                                                  
ffffffff  __TI_prof_data_size                                                  
ffffffff  __TI_prof_data_start                                                 
ffffffff  __binit__                                                            
ffffffff  __c_args__                                                           
ffffffff  binit                                                                
UNDEFED   SHT$$INIT_ARRAY$$Base                                                
UNDEFED   SHT$$INIT_ARRAY$$Limit                                               

[1348 symbols]
